Component: ARM Compiler 5.06 update 5 (build 528) Tool: armlink [4d35e2]

==============================================================================

Section Cross References

    main.o(i.assert_nrf_callback) refers to app_error.o(i.app_error_handler) for app_error_handler
    main.o(i.ble_evt_handler) refers to nrf_log_frontend.o(i.nrf_log_frontend_std_0) for nrf_log_frontend_std_0
    main.o(i.ble_evt_handler) refers to bsp.o(i.bsp_indication_set) for bsp_indication_set
    main.o(i.ble_evt_handler) refers to app_error.o(i.app_error_handler_bare) for app_error_handler_bare
    main.o(i.ble_evt_handler) refers to memcpya.o(.text) for __aeabi_memcpy
    main.o(i.ble_evt_handler) refers to main.o(.data) for .data
    main.o(i.ble_evt_handler) refers to nrf_log_frontend.o(log_dynamic_data) for m_nrf_log_app_logs_data_dynamic
    main.o(i.bmi160_spi_bus_read) refers to nrf_drv_spi.o(i.nrf_drv_spi_transfer) for nrf_drv_spi_transfer
    main.o(i.bmi160_spi_bus_read) refers to main.o(.data) for .data
    main.o(i.bmi160_spi_bus_read) refers to main.o(.bss) for .bss
    main.o(i.bmi160_spi_bus_read) refers to main.o(.constdata) for .constdata
    main.o(i.bmi160_spi_bus_write) refers to malloc.o(i.malloc) for malloc
    main.o(i.bmi160_spi_bus_write) refers to nrf_drv_spi.o(i.nrf_drv_spi_transfer) for nrf_drv_spi_transfer
    main.o(i.bmi160_spi_bus_write) refers to malloc.o(i.free) for free
    main.o(i.bmi160_spi_bus_write) refers to main.o(.data) for .data
    main.o(i.bmi160_spi_bus_write) refers to main.o(.constdata) for .constdata
    main.o(i.bsp_event_handler) refers to main.o(i.sleep_mode_enter) for sleep_mode_enter
    main.o(i.bsp_event_handler) refers to app_error.o(i.app_error_handler_bare) for app_error_handler_bare
    main.o(i.bsp_event_handler) refers to ble_advertising.o(i.ble_advertising_restart_without_whitelist) for ble_advertising_restart_without_whitelist
    main.o(i.bsp_event_handler) refers to main.o(.data) for .data
    main.o(i.bsp_event_handler) refers to main.o(.bss) for .bss
    main.o(i.config_gpio) refers to nrf_drv_gpiote.o(i.nrf_drv_gpiote_is_init) for nrf_drv_gpiote_is_init
    main.o(i.config_gpio) refers to nrf_drv_gpiote.o(i.nrf_drv_gpiote_init) for nrf_drv_gpiote_init
    main.o(i.config_gpio) refers to nrf_drv_gpiote.o(i.nrf_drv_gpiote_in_init) for nrf_drv_gpiote_in_init
    main.o(i.config_gpio) refers to nrf_drv_gpiote.o(i.nrf_drv_gpiote_in_event_enable) for nrf_drv_gpiote_in_event_enable
    main.o(i.config_gpio) refers to main.o(.constdata) for .constdata
    main.o(i.config_gpio) refers to main.o(i.interrupt_handler) for interrupt_handler
    main.o(i.conn_params_error_handler) refers to app_error.o(i.app_error_handler_bare) for app_error_handler_bare
    main.o(i.gatt_evt_handler) refers to nrf_log_frontend.o(i.nrf_log_frontend_std_2) for nrf_log_frontend_std_2
    main.o(i.gatt_evt_handler) refers to main.o(.data) for .data
    main.o(i.gatt_evt_handler) refers to nrf_log_frontend.o(log_dynamic_data) for m_nrf_log_app_logs_data_dynamic
    main.o(i.gatt_init) refers to nrf_ble_gatt.o(i.nrf_ble_gatt_init) for nrf_ble_gatt_init
    main.o(i.gatt_init) refers to app_error.o(i.app_error_handler_bare) for app_error_handler_bare
    main.o(i.gatt_init) refers to nrf_ble_gatt.o(i.nrf_ble_gatt_att_mtu_periph_set) for nrf_ble_gatt_att_mtu_periph_set
    main.o(i.gatt_init) refers to main.o(i.gatt_evt_handler) for gatt_evt_handler
    main.o(i.gatt_init) refers to main.o(.bss) for .bss
    main.o(i.interrupt_handler) refers to bmi160.o(i.bmi160_read_step_counter) for bmi160_read_step_counter
    main.o(i.interrupt_handler) refers to printf1.o(i.__0printf$1) for __2printf
    main.o(i.interrupt_handler) refers to main.o(.bss) for .bss
    main.o(i.main) refers to app_timer.o(i.app_timer_init) for app_timer_init
    main.o(i.main) refers to app_error.o(i.app_error_handler_bare) for app_error_handler_bare
    main.o(i.main) refers to memcpya.o(.text) for __aeabi_memcpy4
    main.o(i.main) refers to app_uart_fifo.o(i.app_uart_init) for app_uart_init
    main.o(i.main) refers to nrf_log_frontend.o(i.nrf_log_init) for nrf_log_init
    main.o(i.main) refers to nrf_log_default_backends.o(i.nrf_log_default_backends_init) for nrf_log_default_backends_init
    main.o(i.main) refers to bsp.o(i.bsp_init) for bsp_init
    main.o(i.main) refers to bsp_btn_ble.o(i.bsp_btn_ble_init) for bsp_btn_ble_init
    main.o(i.main) refers to nrf_sdh.o(i.nrf_sdh_enable_request) for nrf_sdh_enable_request
    main.o(i.main) refers to nrf_sdh_ble.o(i.nrf_sdh_ble_default_cfg_set) for nrf_sdh_ble_default_cfg_set
    main.o(i.main) refers to nrf_sdh_ble.o(i.nrf_sdh_ble_enable) for nrf_sdh_ble_enable
    main.o(i.main) refers to main.o(i.gatt_init) for gatt_init
    main.o(i.main) refers to ble_nus.o(i.ble_nus_init) for ble_nus_init
    main.o(i.main) refers to memseta.o(.text) for __aeabi_memclr4
    main.o(i.main) refers to ble_advertising.o(i.ble_advertising_init) for ble_advertising_init
[...]
    m_leds_timer_id_data                     0x2000304c   Data          32  bsp.o(.bss)
    .bss                                     0x2000306c   Section       32  bsp.o(.bss)
    m_alert_timer_id_data                    0x2000306c   Data          32  bsp.o(.bss)
    .bss                                     0x2000308c   Section       12  bsp.o(.bss)
    m_events_list                            0x2000308c   Data          12  bsp.o(.bss)
    .bss                                     0x20003098   Section       32  bsp.o(.bss)
    m_button_timer_id_data                   0x20003098   Data          32  bsp.o(.bss)
    .bss                                     0x200030b8   Section       80  ble_conn_params.o(.bss)
    m_timer_data                             0x200030b8   Data          32  ble_conn_params.o(.bss)
    m_conn_params_instances                  0x200030d8   Data          20  ble_conn_params.o(.bss)
    m_conn_params_config                     0x200030ec   Data          28  ble_conn_params.o(.bss)
    .bss                                     0x20003108   Section      184  ble_conn_state.o(.bss)
    m_bcs                                    0x20003108   Data         184  ble_conn_state.o(.bss)
    .bss                                     0x200031c0   Section       20  nrf_drv_clock.o(.bss)
    m_clock_cb                               0x200031c0   Data          20  nrf_drv_clock.o(.bss)
    .bss                                     0x200031d4   Section       88  nrf_drv_gpiote.o(.bss)
    m_cb                                     0x200031d4   Data          88  nrf_drv_gpiote.o(.bss)
    .bss                                     0x2000322c   Section       32  nrf_drv_uart.o(.bss)
    m_cb                                     0x2000322c   Data          32  nrf_drv_uart.o(.bss)
    .bss                                     0x2000324c   Section       36  nrf_drv_spi.o(.bss)
    m_cb                                     0x2000324c   Data          36  nrf_drv_spi.o(.bss)
    .bss                                     0x20003270   Section       32  app_button.o(.bss)
    m_detection_delay_timer_id_data          0x20003270   Data          32  app_button.o(.bss)
    .bss                                     0x20003290   Section      268  app_timer.o(.bss)
    m_op_queue                               0x20003290   Data         268  app_timer.o(.bss)
    .bss                                     0x2000339c   Section       32  app_uart_fifo.o(.bss)
    m_rx_fifo                                0x2000339c   Data          16  app_uart_fifo.o(.bss)
    m_tx_fifo                                0x200033ac   Data          16  app_uart_fifo.o(.bss)
    .bss                                     0x200033bc   Section       12  app_util_platform.o(.bss)
    .bss                                     0x200033c8   Section      160  nrf_fstorage_sd.o(.bss)
    m_fifo_data                              0x200033c8   Data         140  nrf_fstorage_sd.o(.bss)
    m_flags                                  0x20003454   Data          20  nrf_fstorage_sd.o(.bss)
    .bss                                     0x20003468   Section       16  nrf_fstorage_sd.o(.bss)
    m_fifo_inst                              0x20003468   Data          16  nrf_fstorage_sd.o(.bss)
    .bss                                     0x20003478   Section       64  nrf_log_backend_rtt.o(.bss)
    m_string_buff                            0x20003478   Data          64  nrf_log_backend_rtt.o(.bss)
    .bss                                     0x200034b8   Section      192  nrf_log_frontend.o(.bss)
    mempool_nrf_balloc_pool_mem              0x200034b8   Data         192  nrf_log_frontend.o(.bss)
    .bss                                     0x20003578   Section     1056  nrf_log_frontend.o(.bss)
    m_log_data                               0x20003578   Data        1056  nrf_log_frontend.o(.bss)
    .bss                                     0x20003998   Section      648  segger_rtt.o(.bss)
    _acUpBuffer                              0x20003a10   Data         512  segger_rtt.o(.bss)
    _acDownBuffer                            0x20003c10   Data          16  segger_rtt.o(.bss)
    STACK                                    0x20003c20   Section     8192  arm_startup_nrf52.o(STACK)

    Global Symbols

    Symbol Name                              Value     Ov Type        Size  Object(Section)

    BuildAttributes$$THM_ISAv4$E$P$D$K$B$S$7EM$VFPi3$EXTD16$VFPS$VFMA$PE$A:L22UL41UL21$X:L11$S22US41US21$IEEE1$IW$USESV6$~STKCKD$USESV7$~SHL$OSPACE$ROPI$EBA8$MICROLIB$REQ8$PRES8$EABIv2 0x00000000   Number         0  anon$$obj.o ABSOLUTE
    __ARM_use_no_argv                        0x00000000   Number         0  main.o ABSOLUTE
    _printf_a                                0x00000000   Number         0  stubs.o ABSOLUTE
    _printf_c                                0x00000000   Number         0  stubs.o ABSOLUTE
    _printf_charcount                        0x00000000   Number         0  stubs.o ABSOLUTE
    _printf_d                                0x00000000   Number         0  stubs.o ABSOLUTE
    _printf_e                                0x00000000   Number         0  stubs.o ABSOLUTE
    _printf_f                                0x00000000   Number         0  stubs.o ABSOLUTE
    _printf_flags                            0x00000000   Number         0  stubs.o ABSOLUTE
    _printf_fp_dec                           0x00000000   Number         0  stubs.o ABSOLUTE
    _printf_fp_hex                           0x00000000   Number         0  stubs.o ABSOLUTE
    _printf_g                                0x00000000   Number         0  stubs.o ABSOLUTE
    _printf_i                                0x00000000   Number         0  stubs.o ABSOLUTE
    _printf_int_dec                          0x00000000   Number         0  stubs.o ABSOLUTE
    _printf_l                                0x00000000   Number         0  stubs.o ABSOLUTE
    _printf_lc                               0x00000000   Number         0  stubs.o ABSOLUTE
    _printf_ll                               0x00000000   Number         0  stubs.o ABSOLUTE
    _printf_lld                              0x00000000   Number         0  stubs.o ABSOLUTE
    _printf_lli                              0x00000000   Number         0  stubs.o ABSOLUTE
    _printf_llo                              0x00000000   Number         0  stubs.o ABSOLUTE
    _printf_llu                              0x00000000   Number         0  stubs.o ABSOLUTE
    _printf_llx                              0x00000000   Number         0  stubs.o ABSOLUTE
    _printf_longlong_dec                     0x00000000   Number         0  stubs.o ABSOLUTE
    _printf_longlong_hex                     0x00000000   Number         0  stubs.o ABSOLUTE
    _printf_longlong_oct                     0x00000000   Number         0  stubs.o ABSOLUTE
    _printf_ls                               0x00000000   Number         0  stubs.o ABSOLUTE
    _printf_mbtowc                           0x00000000   Number         0  stubs.o ABSOLUTE
    _printf_n                                0x00000000   Number         0  stubs.o ABSOLUTE
    _printf_o                                0x00000000   Number         0  stubs.o ABSOLUTE
    _printf_p                                0x00000000   Number         0  stubs.o ABSOLUTE
    _printf_percent                          0x00000000   Number         0  stubs.o ABSOLUTE
    _printf_pre_padding                      0x00000000   Number         0  stubs.o ABSOLUTE
    _printf_return_value                     0x00000000   Number         0  stubs.o ABSOLUTE
    _printf_s                                0x00000000   Number         0  stubs.o ABSOLUTE
    _printf_sizespec                         0x00000000   Number         0  stubs.o ABSOLUTE
    _printf_str                              0x00000000   Number         0  stubs.o ABSOLUTE
    _printf_truncate_signed                  0x00000000   Number         0  stubs.o ABSOLUTE
    _printf_truncate_unsigned                0x00000000   Number         0  stubs.o ABSOLUTE
    _printf_u                                0x00000000   Number         0  stubs.o ABSOLUTE
    _printf_wc                               0x00000000   Number         0  stubs.o ABSOLUTE
    _printf_wctomb                           0x00000000   Number         0  stubs.o ABSOLUTE
    _printf_widthprec                        0x00000000   Number         0  stubs.o ABSOLUTE
    _printf_x                                0x00000000   Number         0  stubs.o ABSOLUTE
    __cpp_initialize__aeabi_                  - Undefined Weak Reference
    __cxa_finalize                            - Undefined Weak Reference
    _clock_init                               - Undefined Weak Reference
    _microlib_exit                            - Undefined Weak Reference
    fs_data$$Base                             - Undefined Reference
    fs_data$$Limit                            - Undefined Reference
    pwr_mgmt_data0$$Base                      - Undefined Reference
    pwr_mgmt_data0$$Limit                     - Undefined Reference
    pwr_mgmt_data1$$Base                      - Undefined Reference
    pwr_mgmt_data1$$Limit                     - Undefined Reference
    pwr_mgmt_data2$$Base                      - Undefined Reference
    pwr_mgmt_data2$$Limit                     - Undefined Reference
    sdh_req_observers1$$Base                  - Undefined Reference
    sdh_req_observers1$$Limit                 - Undefined Reference
    sdh_stack_observers1$$Base                - Undefined Reference
    sdh_stack_observers1$$Limit               - Undefined Reference
    sdh_state_observers1$$Base                - Undefined Reference
    sdh_state_observers1$$Limit               - Undefined Reference
    __Vectors_Size                           0x00000200   Number         0  arm_startup_nrf52.o ABSOLUTE
    __Vectors                                0x00023000   Data           4  arm_startup_nrf52.o(RESET)
    __Vectors_End                            0x00023200   Data           0  arm_startup_nrf52.o(RESET)
    __main                                   0x00023201   Thumb Code     0  entry.o(.ARM.Collect$$$$00000000)
    _main_stk                                0x00023201   Thumb Code     0  entry2.o(.ARM.Collect$$$$00000001)
    _main_scatterload                        0x00023205   Thumb Code     0  entry5.o(.ARM.Collect$$$$00000004)
    __main_after_scatterload                 0x00023209   Thumb Code     0  entry5.o(.ARM.Collect$$$$00000004)
    _main_clock                              0x00023209   Thumb Code     0  entry7b.o(.ARM.Collect$$$$00000008)
    _main_cpp_init                           0x00023209   Thumb Code     0  entry8b.o(.ARM.Collect$$$$0000000A)
    _main_init                               0x00023209   Thumb Code     0  entry9a.o(.ARM.Collect$$$$0000000B)
    __rt_final_cpp                           0x00023211   Thumb Code     0  entry10a.o(.ARM.Collect$$$$0000000D)
    __rt_final_exit                          0x00023211   Thumb Code     0  entry11a.o(.ARM.Collect$$$$0000000F)
    __asm___12_nrf_atfifo_c_51f461e1__nrf_atfifo_wspace_req 0x00023215   Thumb Code    56  nrf_atfifo.o(.emb_text)
    __asm___12_nrf_atfifo_c_51f461e1__nrf_atfifo_wspace_close 0x0002324d   Thumb Code    18  nrf_atfifo.o(.emb_text)
    __asm___12_nrf_atfifo_c_51f461e1__nrf_atfifo_rspace_req 0x0002325f   Thumb Code    58  nrf_atfifo.o(.emb_text)
    __asm___12_nrf_atfifo_c_51f461e1__nrf_atfifo_rspace_close 0x00023299   Thumb Code    18  nrf_atfifo.o(.emb_text)
    __asm___12_nrf_atfifo_c_51f461e1__nrf_atfifo_space_clear 0x000232ab   Thumb Code    50  nrf_atfifo.o(.emb_text)
    __asm___12_nrf_memobj_c_9bb9f865__nrf_atomic_internal_mov 0x000232dd   Thumb Code    24  nrf_memobj.o(.emb_text)
    __asm___12_nrf_memobj_c_9bb9f865__nrf_atomic_internal_orr 0x000232f5   Thumb Code    26  nrf_memobj.o(.emb_text)
    __asm___12_nrf_memobj_c_9bb9f865__nrf_atomic_internal_and 0x0002330f   Thumb Code    26  nrf_memobj.o(.emb_text)
    __asm___12_nrf_memobj_c_9bb9f865__nrf_atomic_internal_eor 0x00023329   Thumb Code    26  nrf_memobj.o(.emb_text)
    __asm___12_nrf_memobj_c_9bb9f865__nrf_atomic_internal_add 0x00023343   Thumb Code    26  nrf_memobj.o(.emb_text)
    __asm___12_nrf_memobj_c_9bb9f865__nrf_atomic_internal_sub 0x0002335d   Thumb Code    26  nrf_memobj.o(.emb_text)
    __asm___18_nrf_log_frontend_c_bc460776__nrf_atomic_internal_mov 0x00023379   Thumb Code    24  nrf_log_frontend.o(.emb_text)
    __asm___18_nrf_log_frontend_c_bc460776__nrf_atomic_internal_orr 0x00023391   Thumb Code    26  nrf_log_frontend.o(.emb_text)
    __asm___18_nrf_log_frontend_c_bc460776__nrf_atomic_internal_and 0x000233ab   Thumb Code    26  nrf_log_frontend.o(.emb_text)
    __asm___18_nrf_log_frontend_c_bc460776__nrf_atomic_internal_eor 0x000233c5   Thumb Code    26  nrf_log_frontend.o(.emb_text)
    __asm___18_nrf_log_frontend_c_bc460776__nrf_atomic_internal_add 0x000233df   Thumb Code    26  nrf_log_frontend.o(.emb_text)
    __asm___18_nrf_log_frontend_c_bc460776__nrf_atomic_internal_sub 0x000233f9   Thumb Code    26  nrf_log_frontend.o(.emb_text)
    Reset_Handler                            0x00023415   Thumb Code     8  arm_startup_nrf52.o(.text)
    NMI_Handler                              0x0002341d   Thumb Code     2  arm_startup_nrf52.o(.text)
    HardFault_Handler                        0x0002341f   Thumb Code     2  arm_startup_nrf52.o(.text)
    MemoryManagement_Handler                 0x00023421   Thumb Code     2  arm_startup_nrf52.o(.text)
    BusFault_Handler                         0x00023423   Thumb Code     2  arm_startup_nrf52.o(.text)
    UsageFault_Handler                       0x00023425   Thumb Code     2  arm_startup_nrf52.o(.text)
    SVC_Handler                              0x00023427   Thumb Code     2  arm_startup_nrf52.o(.text)
    DebugMon_Handler                         0x00023429   Thumb Code     2  arm_startup_nrf52.o(.text)
    PendSV_Handler                           0x0002342b   Thumb Code     2  arm_startup_nrf52.o(.text)
    SysTick_Handler                          0x0002342d   Thumb Code     2  arm_startup_nrf52.o(.text)
    CCM_AAR_IRQHandler                       0x0002342f   Thumb Code     0  arm_startup_nrf52.o(.text)
    COMP_LPCOMP_IRQHandler                   0x0002342f   Thumb Code     0  arm_startup_nrf52.o(.text)
    ECB_IRQHandler                           0x0002342f   Thumb Code     0  arm_startup_nrf52.o(.text)
    FPU_IRQHandler                           0x0002342f   Thumb Code     0  arm_startup_nrf52.o(.text)
    I2S_IRQHandler                           0x0002342f   Thumb Code     0  arm_startup_nrf52.o(.text)
    MWU_IRQHandler                           0x0002342f   Thumb Code     0  arm_startup_nrf52.o(.text)
    NFCT_IRQHandler                          0x0002342f   Thumb Code     0  arm_startup_nrf52.o(.text)
    PDM_IRQHandler                           0x0002342f   Thumb Code     0  arm_startup_nrf52.o(.text)
    PWM0_IRQHandler                          0x0002342f   Thumb Code     0  arm_startup_nrf52.o(.text)
    PWM1_IRQHandler                          0x0002342f   Thumb Code     0  arm_startup_nrf52.o(.text)
    PWM2_IRQHandler                          0x0002342f   Thumb Code     0  arm_startup_nrf52.o(.text)
    QDEC_IRQHandler                          0x0002342f   Thumb Code     0  arm_startup_nrf52.o(.text)
    RADIO_IRQHandler                         0x0002342f   Thumb Code     0  arm_startup_nrf52.o(.text)
    RNG_IRQHandler                           0x0002342f   Thumb Code     0  arm_startup_nrf52.o(.text)
    RTC0_IRQHandler                          0x0002342f   Thumb Code     0  arm_startup_nrf52.o(.text)
    RTC2_IRQHandler                          0x0002342f   Thumb Code     0  arm_startup_nrf52.o(.text)
    SAADC_IRQHandler                         0x0002342f   Thumb Code     0  arm_startup_nrf52.o(.text)
    SPIM1_SPIS1_TWIM1_TWIS1_SPI1_TWI1_IRQHandler 0x0002342f   Thumb Code     0  arm_startup_nrf52.o(.text)
    SPIM2_SPIS2_SPI2_IRQHandler              0x0002342f   Thumb Code     0  arm_startup_nrf52.o(.text)
    SWI1_EGU1_IRQHandler                     0x0002342f   Thumb Code     0  arm_startup_nrf52.o(.text)
    SWI3_EGU3_IRQHandler                     0x0002342f   Thumb Code     0  arm_startup_nrf52.o(.text)
    SWI4_EGU4_IRQHandler                     0x0002342f   Thumb Code     0  arm_startup_nrf52.o(.text)
    SWI5_EGU5_IRQHandler                     0x0002342f   Thumb Code     0  arm_startup_nrf52.o(.text)
    TEMP_IRQHandler                          0x0002342f   Thumb Code     0  arm_startup_nrf52.o(.text)
    TIMER0_IRQHandler                        0x0002342f   Thumb Code     0  arm_startup_nrf52.o(.text)
    TIMER1_IRQHandler                        0x0002342f   Thumb Code     0  arm_startup_nrf52.o(.text)
    TIMER2_IRQHandler                        0x0002342f   Thumb Code     0  arm_startup_nrf52.o(.text)
    TIMER3_IRQHandler                        0x0002342f   Thumb Code     0  arm_startup_nrf52.o(.text)
    TIMER4_IRQHandler                        0x0002342f   Thumb Code     0  arm_startup_nrf52.o(.text)
    WDT_IRQHandler                           0x0002342f   Thumb Code     0  arm_startup_nrf52.o(.text)
    __aeabi_uldivmod                         0x00023439   Thumb Code    98  uldiv.o(.text)
    __rt_ctype_table                         0x0002349d   Thumb Code     4  ctype_o.o(.text)
    __aeabi_memcpy                           0x000234a5   Thumb Code    36  memcpya.o(.text)
    __aeabi_memcpy4                          0x000234a5   Thumb Code     0  memcpya.o(.text)
    __aeabi_memcpy8                          0x000234a5   Thumb Code     0  memcpya.o(.text)
    __aeabi_memset                           0x000234c9   Thumb Code    14  memseta.o(.text)
    __aeabi_memset4                          0x000234c9   Thumb Code     0  memseta.o(.text)
    __aeabi_memset8                          0x000234c9   Thumb Code     0  memseta.o(.text)
    __aeabi_memclr                           0x000234d7   Thumb Code     4  memseta.o(.text)
    __aeabi_memclr4                          0x000234d7   Thumb Code     0  memseta.o(.text)
    __aeabi_memclr8                          0x000234d7   Thumb Code     0  memseta.o(.text)
    _memset$wrapper                          0x000234db   Thumb Code    18  memseta.o(.text)
    strlen                                   0x000234ed   Thumb Code    14  strlen.o(.text)
    strcpy                                   0x000234fb   Thumb Code    18  strcpy.o(.text)
    __aeabi_uidiv                            0x0002350d   Thumb Code     0  uidiv.o(.text)
    __aeabi_uidivmod                         0x0002350d   Thumb Code    44  uidiv.o(.text)
    __aeabi_llsl                             0x00023539   Thumb Code    30  llshl.o(.text)
    _ll_shift_l                              0x00023539   Thumb Code     0  llshl.o(.text)
    __aeabi_llsr                             0x00023557   Thumb Code    32  llushr.o(.text)
    _ll_ushift_r                             0x00023557   Thumb Code     0  llushr.o(.text)
    __scatterload                            0x00023579   Thumb Code    28  init.o(.text)
    __scatterload_rt2                        0x00023579   Thumb Code     0  init.o(.text)
    __decompress                             0x0002359d   Thumb Code     0  __dczerorl2.o(.text)
    __decompress1                            0x0002359d   Thumb Code    86  __dczerorl2.o(.text)
    GPIOTE_IRQHandler                        0x000235f5   Thumb Code   362  nrf_drv_gpiote.o(i.GPIOTE_IRQHandler)
    POWER_CLOCK_IRQHandler                   0x000237cd   Thumb Code    84  nrf_drv_clock.o(i.POWER_CLOCK_IRQHandler)
    RTC1_IRQHandler                          0x00023825   Thumb Code    32  app_timer.o(i.RTC1_IRQHandler)
    SEGGER_RTT_Init                          0x00023849   Thumb Code     4  segger_rtt.o(i.SEGGER_RTT_Init)
    SEGGER_RTT_WriteNoLock                   0x0002384d   Thumb Code    86  segger_rtt.o(i.SEGGER_RTT_WriteNoLock)
    SPIM0_SPIS0_TWIM0_TWIS0_SPI0_TWI0_IRQHandler 0x000238a9   Thumb Code    66  nrf_drv_spi.o(i.SPIM0_SPIS0_TWIM0_TWIS0_SPI0_TWI0_IRQHandler)
    SWI0_EGU0_IRQHandler                     0x000238f5   Thumb Code     4  app_timer.o(i.SWI0_EGU0_IRQHandler)
    SWI2_EGU2_IRQHandler                     0x000238f9   Thumb Code     4  nrf_sdh.o(i.SWI2_EGU2_IRQHandler)
    SystemInit                               0x000238fd   Thumb Code   700  system_nrf52.o(i.SystemInit)
    UARTE0_UART0_IRQHandler                  0x00023bf9   Thumb Code    20  nrf_drv_uart.o(i.UARTE0_UART0_IRQHandler)
    __0printf$1                              0x00023d31   Thumb Code    22  printf1.o(i.__0printf$1)
    __1printf$1                              0x00023d31   Thumb Code     0  printf1.o(i.__0printf$1)
    __2printf                                0x00023d31   Thumb Code     0  printf1.o(i.__0printf$1)
    __scatterload_copy                       0x00023d51   Thumb Code    14  handlers.o(i.__scatterload_copy)
    __scatterload_null                       0x00023d5f   Thumb Code     2  handlers.o(i.__scatterload_null)
    __scatterload_zeroinit                   0x00023d61   Thumb Code    14  handlers.o(i.__scatterload_zeroinit)
    app_button_enable                        0x00023f3d   Thumb Code    32  app_button.o(i.app_button_enable)
    app_button_init                          0x00023f61   Thumb Code    96  app_button.o(i.app_button_init)
    app_error_fault_handler                  0x00023fd1   Thumb Code    80  app_error_weak.o(i.app_error_fault_handler)
    app_error_handler_bare                   0x00024049   Thumb Code    22  app_error.o(i.app_error_handler_bare)
    app_fifo_get                             0x0002405f   Thumb Code    22  app_fifo.o(i.app_fifo_get)
    app_fifo_init                            0x00024075   Thumb Code    32  app_fifo.o(i.app_fifo_init)
    app_fifo_put                             0x00024095   Thumb Code    26  app_fifo.o(i.app_fifo_put)
    app_timer_create                         0x000240b1   Thumb Code    32  app_timer.o(i.app_timer_create)
    app_timer_init                           0x000240d5   Thumb Code    70  app_timer.o(i.app_timer_init)
    app_timer_start                          0x00024129   Thumb Code   128  app_timer.o(i.app_timer_start)
    app_timer_stop                           0x000241b1   Thumb Code    26  app_timer.o(i.app_timer_stop)
    app_uart_get                             0x000241d1   Thumb Code    42  app_uart_fifo.o(i.app_uart_get)
    app_uart_init                            0x00024205   Thumb Code   164  app_uart_fifo.o(i.app_uart_init)
    app_uart_put                             0x000242b9   Thumb Code    52  app_uart_fifo.o(i.app_uart_put)
    app_util_critical_region_enter           0x000242f5   Thumb Code    64  app_util_platform.o(i.app_util_critical_region_enter)
    app_util_critical_region_exit            0x0002433d   Thumb Code    46  app_util_platform.o(i.app_util_critical_region_exit)
    ble_advdata_encode                       0x00024429   Thumb Code   386  ble_advdata.o(i.ble_advdata_encode)
    ble_advdata_set                          0x000245ab   Thumb Code   104  ble_advdata.o(i.ble_advdata_set)
    ble_advertising_conn_cfg_tag_set         0x00024613   Thumb Code     6  ble_advertising.o(i.ble_advertising_conn_cfg_tag_set)
    ble_advertising_init                     0x00024619   Thumb Code   310  ble_advertising.o(i.ble_advertising_init)
    ble_advertising_on_ble_evt               0x0002474f   Thumb Code   104  ble_advertising.o(i.ble_advertising_on_ble_evt)
    ble_advertising_on_sys_evt               0x000247b7   Thumb Code    50  ble_advertising.o(i.ble_advertising_on_sys_evt)
    ble_advertising_restart_without_whitelist 0x000247e9   Thumb Code    60  ble_advertising.o(i.ble_advertising_restart_without_whitelist)
    ble_advertising_start                    0x00024825   Thumb Code   458  ble_advertising.o(i.ble_advertising_start)
    ble_conn_params_init                     0x000249f1   Thumb Code    90  ble_conn_params.o(i.ble_conn_params_init)
    ble_nus_init                             0x00024e61   Thumb Code    94  ble_nus.o(i.ble_nus_init)
    ble_nus_on_ble_evt                       0x00024ec5   Thumb Code   136  ble_nus.o(i.ble_nus_on_ble_evt)
    ble_nus_string_send                      0x00024f51   Thumb Code    72  ble_nus.o(i.ble_nus_string_send)
    ble_srv_is_notification_enabled          0x00024f99   Thumb Code     8  ble_srv_common.o(i.ble_srv_is_notification_enabled)
    bmi160_get_regs                          0x00024fa1   Thumb Code    58  bmi160.o(i.bmi160_get_regs)
    bmi160_read_step_counter                 0x00024fdb   Thumb Code    56  bmi160.o(i.bmi160_read_step_counter)
    bsp_board_button_idx_to_pin              0x00025015   Thumb Code     6  boards.o(i.bsp_board_button_idx_to_pin)
    bsp_board_button_state_get               0x00025021   Thumb Code    28  boards.o(i.bsp_board_button_state_get)
    bsp_board_led_invert                     0x00025041   Thumb Code    32  boards.o(i.bsp_board_led_invert)
    bsp_board_led_off                        0x00025065   Thumb Code    10  boards.o(i.bsp_board_led_off)
    bsp_board_led_on                         0x00025075   Thumb Code    10  boards.o(i.bsp_board_led_on)
    bsp_board_led_state_get                  0x00025085   Thumb Code    28  boards.o(i.bsp_board_led_state_get)
    bsp_board_leds_init                      0x000250a5   Thumb Code    38  boards.o(i.bsp_board_leds_init)
    bsp_board_leds_off                       0x000250d1   Thumb Code    18  boards.o(i.bsp_board_leds_off)
    bsp_board_leds_on                        0x000250e3   Thumb Code    18  boards.o(i.bsp_board_leds_on)
    bsp_board_pin_to_button_idx              0x000250f5   Thumb Code    30  boards.o(i.bsp_board_pin_to_button_idx)
    bsp_btn_ble_init                         0x00025119   Thumb Code    52  bsp_btn_ble.o(i.bsp_btn_ble_init)
    bsp_btn_ble_sleep_mode_prepare           0x00025151   Thumb Code    30  bsp_btn_ble.o(i.bsp_btn_ble_sleep_mode_prepare)
    bsp_button_is_pressed                    0x00025201   Thumb Code     4  bsp.o(i.bsp_button_is_pressed)
    bsp_event_handler                        0x00025205   Thumb Code    66  main.o(i.bsp_event_handler)
    bsp_event_to_button_action_assign        0x00025251   Thumb Code    64  bsp.o(i.bsp_event_to_button_action_assign)
    bsp_indication_set                       0x00025295   Thumb Code    20  bsp.o(i.bsp_indication_set)
    bsp_init                                 0x000252ad   Thumb Code   126  bsp.o(i.bsp_init)
    bsp_wakeup_button_enable                 0x000254f9   Thumb Code    16  bsp.o(i.bsp_wakeup_button_enable)
    buffer_is_empty                          0x00025581   Thumb Code    16  nrf_log_frontend.o(i.buffer_is_empty)
    config_gpio                              0x000256e5   Thumb Code    48  main.o(i.config_gpio)
    fputc                                    0x00025905   Thumb Code    14  retarget.o(i.fputc)
    gatt_evt_handler                         0x00025915   Thumb Code    48  main.o(i.gatt_evt_handler)
    gatt_init                                0x00025969   Thumb Code    38  main.o(i.gatt_init)
    interrupt_handler                        0x00025aad   Thumb Code    26  main.o(i.interrupt_handler)
    main                                     0x00025d9d   Thumb Code   420  main.o(i.main)
    nrf_atfifo_item_free                     0x0002614d   Thumb Code    22  nrf_atfifo.o(i.nrf_atfifo_item_free)
    nrf_atfifo_item_get                      0x00026163   Thumb Code    22  nrf_atfifo.o(i.nrf_atfifo_item_get)
    nrf_balloc_alloc                         0x00026187   Thumb Code    68  nrf_balloc.o(i.nrf_balloc_alloc)
    nrf_balloc_free                          0x000261cb   Thumb Code    48  nrf_balloc.o(i.nrf_balloc_free)
    nrf_balloc_init                          0x000261fb   Thumb Code    48  nrf_balloc.o(i.nrf_balloc_init)
    nrf_ble_gatt_att_mtu_periph_set          0x0002623b   Thumb Code    24  nrf_ble_gatt.o(i.nrf_ble_gatt_att_mtu_periph_set)
    nrf_ble_gatt_init                        0x00026253   Thumb Code    34  nrf_ble_gatt.o(i.nrf_ble_gatt_init)
    nrf_ble_gatt_on_ble_evt                  0x00026275   Thumb Code   312  nrf_ble_gatt.o(i.nrf_ble_gatt_on_ble_evt)
    nrf_drv_clock_init                       0x00026469   Thumb Code    64  nrf_drv_clock.o(i.nrf_drv_clock_init)
    nrf_drv_clock_lfclk_release              0x000264b1   Thumb Code    40  nrf_drv_clock.o(i.nrf_drv_clock_lfclk_release)
    nrf_drv_common_irq_enable                0x000264dd   Thumb Code    56  nrf_drv_common.o(i.nrf_drv_common_irq_enable)
    nrf_drv_gpiote_in_event_enable           0x0002651d   Thumb Code   156  nrf_drv_gpiote.o(i.nrf_drv_gpiote_in_event_enable)
    nrf_drv_gpiote_in_init                   0x000265c1   Thumb Code   172  nrf_drv_gpiote.o(i.nrf_drv_gpiote_in_init)
    nrf_drv_gpiote_in_is_set                 0x00026679   Thumb Code    20  nrf_drv_gpiote.o(i.nrf_drv_gpiote_in_is_set)
    nrf_drv_gpiote_init                      0x0002668d   Thumb Code    84  nrf_drv_gpiote.o(i.nrf_drv_gpiote_init)
    nrf_drv_gpiote_is_init                   0x000266e9   Thumb Code    14  nrf_drv_gpiote.o(i.nrf_drv_gpiote_is_init)
    nrf_drv_uart_init                        0x0002670d   Thumb Code    98  nrf_drv_uart.o(i.nrf_drv_uart_init)
    nrf_drv_uart_rx                          0x00026775   Thumb Code   170  nrf_drv_uart.o(i.nrf_drv_uart_rx)
    nrf_drv_uart_rx_enable                   0x00026825   Thumb Code    42  nrf_drv_uart.o(i.nrf_drv_uart_rx_enable)
    nrf_drv_uart_tx                          0x000269ad   Thumb Code   262  nrf_drv_uart.o(i.nrf_drv_uart_tx)
    nrf_drv_uart_tx_in_progress              0x00026ab9   Thumb Code    18  nrf_drv_uart.o(i.nrf_drv_uart_tx_in_progress)
    nrf_fprintf                              0x00026ad1   Thumb Code    26  nrf_fprintf.o(i.nrf_fprintf)
    nrf_fprintf_buffer_flush                 0x00026aeb   Thumb Code    24  nrf_fprintf.o(i.nrf_fprintf_buffer_flush)
    nrf_fprintf_fmt                          0x00026b03   Thumb Code   474  nrf_fprintf_format.o(i.nrf_fprintf_fmt)
    nrf_fstorage_is_busy                     0x00026cdd   Thumb Code    70  nrf_fstorage.o(i.nrf_fstorage_is_busy)
    nrf_fstorage_sdh_req_handler             0x00026d2d   Thumb Code    18  nrf_fstorage_sd.o(i.nrf_fstorage_sdh_req_handler)
    nrf_fstorage_sdh_state_handler           0x00026d45   Thumb Code    28  nrf_fstorage_sd.o(i.nrf_fstorage_sdh_state_handler)
    nrf_fstorage_sys_evt_handler             0x00026d65   Thumb Code   150  nrf_fstorage_sd.o(i.nrf_fstorage_sys_evt_handler)
    nrf_log_backend_add                      0x00026f51   Thumb Code    74  nrf_log_frontend.o(i.nrf_log_backend_add)
    nrf_log_backend_rtt_init                 0x00026fa3   Thumb Code     4  nrf_log_backend_rtt.o(i.nrf_log_backend_rtt_init)
    nrf_log_backend_serial_put               0x00026fc1   Thumb Code   210  nrf_log_backend_serial.o(i.nrf_log_backend_serial_put)
    nrf_log_color_id_get                     0x00027095   Thumb Code    34  nrf_log_frontend.o(i.nrf_log_color_id_get)
    nrf_log_default_backends_init            0x000270bd   Thumb Code    22  nrf_log_default_backends.o(i.nrf_log_default_backends_init)
    nrf_log_frontend_dequeue                 0x000270d9   Thumb Code   462  nrf_log_frontend.o(i.nrf_log_frontend_dequeue)
    nrf_log_frontend_std_0                   0x000272b1   Thumb Code     8  nrf_log_frontend.o(i.nrf_log_frontend_std_0)
    nrf_log_frontend_std_1                   0x000272b9   Thumb Code    14  nrf_log_frontend.o(i.nrf_log_frontend_std_1)
    nrf_log_frontend_std_2                   0x000272c7   Thumb Code    16  nrf_log_frontend.o(i.nrf_log_frontend_std_2)
    nrf_log_hexdump_entry_process            0x000272d9   Thumb Code   146  nrf_log_str_formatter.o(i.nrf_log_hexdump_entry_process)
    nrf_log_init                             0x00027385   Thumb Code    70  nrf_log_frontend.o(i.nrf_log_init)
    nrf_log_module_cnt_get                   0x000273e1   Thumb Code    10  nrf_log_frontend.o(i.nrf_log_module_cnt_get)
    nrf_log_module_name_get                  0x000273f5   Thumb Code    24  nrf_log_frontend.o(i.nrf_log_module_name_get)
    nrf_log_panic                            0x00027411   Thumb Code    34  nrf_log_frontend.o(i.nrf_log_panic)
    nrf_log_std_entry_process                0x00027439   Thumb Code   182  nrf_log_str_formatter.o(i.nrf_log_std_entry_process)
    nrf_memobj_alloc                         0x000274ef   Thumb Code    96  nrf_memobj.o(i.nrf_memobj_alloc)
    nrf_memobj_free                          0x0002754f   Thumb Code    50  nrf_memobj.o(i.nrf_memobj_free)
    nrf_memobj_get                           0x00027581   Thumb Code    14  nrf_memobj.o(i.nrf_memobj_get)
    nrf_memobj_pool_init                     0x0002758f   Thumb Code     4  nrf_memobj.o(i.nrf_memobj_pool_init)
    nrf_memobj_put                           0x00027593   Thumb Code    34  nrf_memobj.o(i.nrf_memobj_put)
    nrf_memobj_read                          0x000275b5   Thumb Code    12  nrf_memobj.o(i.nrf_memobj_read)
    nrf_memobj_write                         0x000275c1   Thumb Code    12  nrf_memobj.o(i.nrf_memobj_write)
    nrf_sdh_ble_app_ram_start_get            0x000275cd   Thumb Code    16  nrf_sdh_ble.o(i.nrf_sdh_ble_app_ram_start_get)
    nrf_sdh_ble_default_cfg_set              0x000275e1   Thumb Code   312  nrf_sdh_ble.o(i.nrf_sdh_ble_default_cfg_set)
    nrf_sdh_ble_enable                       0x00027735   Thumb Code    96  nrf_sdh_ble.o(i.nrf_sdh_ble_enable)
    nrf_sdh_disable_request                  0x0002785d   Thumb Code    54  nrf_sdh.o(i.nrf_sdh_disable_request)
    nrf_sdh_enable_request                   0x00027899   Thumb Code    96  nrf_sdh.o(i.nrf_sdh_enable_request)
    nrf_sdh_evts_poll                        0x00027905   Thumb Code    32  nrf_sdh.o(i.nrf_sdh_evts_poll)
    nrf_sdh_is_enabled                       0x00027929   Thumb Code     6  nrf_sdh.o(i.nrf_sdh_is_enabled)
    nrf_sdh_request_continue                 0x00027935   Thumb Code    22  nrf_sdh.o(i.nrf_sdh_request_continue)
    nrf_section_iter_init                    0x0002798d   Thumb Code    10  nrf_section_iter.o(i.nrf_section_iter_init)
    nrf_section_iter_next                    0x000279bb   Thumb Code    32  nrf_section_iter.o(i.nrf_section_iter_next)
    nrf_strerror_find                        0x000279e5   Thumb Code    52  nrf_strerror.o(i.nrf_strerror_find)
    nrf_strerror_get                         0x00027a1d   Thumb Code    14  nrf_strerror.o(i.nrf_strerror_get)
    sdk_mapped_flags_bulk_update_by_key      0x00027ffd   Thumb Code    68  sdk_mapped_flags.o(i.sdk_mapped_flags_bulk_update_by_key)
    sdk_mapped_flags_first_key_index_get     0x00028041   Thumb Code    34  sdk_mapped_flags.o(i.sdk_mapped_flags_first_key_index_get)
    sdk_mapped_flags_key_list_get            0x00028073   Thumb Code    74  sdk_mapped_flags.o(i.sdk_mapped_flags_key_list_get)
    sdk_mapped_flags_update_by_key           0x000280bd   Thumb Code    14  sdk_mapped_flags.o(i.sdk_mapped_flags_update_by_key)
    uart_event_handle                        0x000285d1   Thumb Code    98  main.o(i.uart_event_handle)
    nrf_log_backend_rtt_api                  0x00028d00   Data          12  nrf_log_backend_rtt.o(.constdata)
    m_ram_start                              0x00028d98   Data           4  nrf_sdh_ble.o(.constdata)
    __ctype_table                            0x00028dc4   Data         129  ctype_o.o(.constdata)
    Region$$Table$$Base                      0x0002951c   Number         0  anon$$obj.o(Region$$Table)
    Region$$Table$$Limit                     0x0002953c   Number         0  anon$$obj.o(Region$$Table)
    log_const_data$$Base                     0x0002953c   Number         0  nrf_ble_gatt.o(log_const_data)
    m_nrf_log_ble_gatt_logs_data_const       0x0002953c   Data           8  nrf_ble_gatt.o(log_const_data)
    m_nrf_log_clock_logs_data_const          0x00029544   Data           8  nrf_drv_clock.o(log_const_data)
    m_nrf_log_gpiote_logs_data_const         0x0002954c   Data           8  nrf_drv_gpiote.o(log_const_data)
    m_nrf_log_uart_logs_data_const           0x00029554   Data           8  nrf_drv_uart.o(log_const_data)
    m_nrf_log_spi_logs_data_const            0x0002955c   Data           8  nrf_drv_spi.o(log_const_data)
    m_nrf_log_balloc_logs_data_const         0x00029564   Data           8  nrf_balloc.o(log_const_data)
    m_nrf_log_pwr_mgmt_logs_data_const       0x0002956c   Data           8  nrf_pwr_mgmt.o(log_const_data)
    m_nrf_log_app_logs_data_const            0x00029574   Data           8  nrf_log_frontend.o(log_const_data)
    m_nrf_log_nrf_sdh_logs_data_const        0x0002957c   Data           8  nrf_sdh.o(log_const_data)
    m_nrf_log_nrf_sdh_ble_logs_data_const    0x00029584   Data           8  nrf_sdh_ble.o(log_const_data)
    m_nrf_log_nrf_sdh_soc_logs_data_const    0x0002958c   Data           8  nrf_sdh_soc.o(log_const_data)
    log_const_data$$Limit                    0x00029594   Number         0  nrf_sdh_soc.o(log_const_data)
    sdh_ble_observers0$$Base                 0x00029594   Number         0  ble_conn_state.o(sdh_ble_observers0)
    sdh_ble_observers0$$Limit                0x0002959c   Number         0  ble_conn_state.o(sdh_ble_observers0)
    sdh_ble_observers1$$Base                 0x0002959c   Number         0  main.o(sdh_ble_observers1)
    sdh_ble_observers1$$Limit                0x000295bc   Number         0  ble_conn_params.o(sdh_ble_observers1)
    sdh_ble_observers2$$Base                 0x000295bc   Number         0  main.o(sdh_ble_observers2)
    sdh_ble_observers2$$Limit                0x000295c4   Number         0  main.o(sdh_ble_observers2)
    sdh_ble_observers3$$Base                 0x000295c4   Number         0  main.o(sdh_ble_observers3)
    m_req_obs                                0x000295cc   Data           8  nrf_fstorage_sd.o(sdh_req_observers0)
    sdh_ble_observers3$$Limit                0x000295cc   Number         0  main.o(sdh_ble_observers3)
    sdh_req_observers0$$Base                 0x000295cc   Number         0  nrf_fstorage_sd.o(sdh_req_observers0)
    sdh_req_observers0$$Limit                0x000295d4   Number         0  nrf_fstorage_sd.o(sdh_req_observers0)
    sdh_soc_observers0$$Base                 0x000295d4   Number         0  nrf_drv_clock.o(sdh_soc_observers0)
    sdh_soc_observers0$$Limit                0x000295e4   Number         0  nrf_fstorage_sd.o(sdh_soc_observers0)
    sdh_soc_observers1$$Base                 0x000295e4   Number         0  main.o(sdh_soc_observers1)
    sdh_soc_observers1$$Limit                0x000295ec   Number         0  main.o(sdh_soc_observers1)
    sdh_stack_observers0$$Base               0x000295ec   Number         0  nrf_sdh_ble.o(sdh_stack_observers0)
    sdh_stack_observers0$$Limit              0x000295fc   Number         0  nrf_sdh_soc.o(sdh_stack_observers0)
    sdh_state_observers0$$Base               0x000295fc   Number         0  nrf_drv_clock.o(sdh_state_observers0)
    sdh_state_observers0$$Limit              0x0002960c   Number         0  nrf_fstorage_sd.o(sdh_state_observers0)
    Image$$RW_IRAM1$$Base                    0x20002a68   Number         0  anon$$obj.o ABSOLUTE
    __stdout                                 0x20002ad4   Data           4  retarget.o(.data)
    SystemCoreClock                          0x20002b30   Data           4  system_nrf52.o(.data)
    log_dynamic_data$$Base                   0x20002b34   Number         0  nrf_ble_gatt.o(log_dynamic_data)
    m_nrf_log_ble_gatt_logs_data_dynamic     0x20002b34   Data          12  nrf_ble_gatt.o(log_dynamic_data)
    m_nrf_log_clock_logs_data_dynamic        0x20002b40   Data          12  nrf_drv_clock.o(log_dynamic_data)
    m_nrf_log_gpiote_logs_data_dynamic       0x20002b4c   Data          12  nrf_drv_gpiote.o(log_dynamic_data)
    m_nrf_log_uart_logs_data_dynamic         0x20002b58   Data          12  nrf_drv_uart.o(log_dynamic_data)
    m_nrf_log_spi_logs_data_dynamic          0x20002b64   Data          12  nrf_drv_spi.o(log_dynamic_data)
    m_nrf_log_balloc_logs_data_dynamic       0x20002b70   Data          12  nrf_balloc.o(log_dynamic_data)
    m_nrf_log_pwr_mgmt_logs_data_dynamic     0x20002b7c   Data          12  nrf_pwr_mgmt.o(log_dynamic_data)
    m_nrf_log_app_logs_data_dynamic          0x20002b88   Data          12  nrf_log_frontend.o(log_dynamic_data)
    m_nrf_log_nrf_sdh_logs_data_dynamic      0x20002b94   Data          12  nrf_sdh.o(log_dynamic_data)
    m_nrf_log_nrf_sdh_ble_logs_data_dynamic  0x20002ba0   Data          12  nrf_sdh_ble.o(log_dynamic_data)
    m_nrf_log_nrf_sdh_soc_logs_data_dynamic  0x20002bac   Data          12  nrf_sdh_soc.o(log_dynamic_data)
    sensor                                   0x20002eac   Data          40  main.o(.bss)
    int_config                               0x20002ed4   Data          10  main.o(.bss)
    nrf_nvic_state                           0x200033bc   Data          12  app_util_platform.o(.bss)
    _SEGGER_RTT                              0x20003998   Data         120  segger_rtt.o(.bss)
    __initial_sp                             0x20005c20   Data           0  arm_startup_nrf52.o(STACK)



==============================================================================

Memory Map of the image

  Image Entry point : 0x00023201

  Load Region LR_IROM1 (Base: 0x00023000, Size: 0x0000675c, Max: 0x0005d000, ABSOLUTE, COMPRESSED[0x00006650])

    Execution Region ER_IROM1 (Exec base: 0x00023000, Load base: 0x00023000, Size: 0x0000660c, Max: 0x0005d000, ABSOLUTE)

    Exec Addr    Load Addr    Size         Type   Attr      Idx    E Section Name        Object

    0x00023000   0x00023000   0x00000200   Data   RO         4709    RESET               arm_startup_nrf52.o
    0x00023200   0x00023200   0x00000000   Code   RO         4750  * .ARM.Collect$$$$00000000  mc_w.l(entry.o)
    0x00023200   0x00023200   0x00000004   Code   RO         5082    .ARM.Collect$$$$00000001  mc_w.l(entry2.o)
    0x00023204   0x00023204   0x00000004   Code   RO         5085    .ARM.Collect$$$$00000004  mc_w.l(entry5.o)
    0x00023208   0x00023208   0x00000000   Code   RO         5087    .ARM.Collect$$$$00000008  mc_w.l(entry7b.o)
    0x00023208   0x00023208   0x00000000   Code   RO         5089    .ARM.Collect$$$$0000000A  mc_w.l(entry8b.o)
    0x00023208   0x00023208   0x00000008   Code   RO         5090    .ARM.Collect$$$$0000000B  mc_w.l(entry9a.o)
    0x00023210   0x00023210   0x00000000   Code   RO         5092    .ARM.Collect$$$$0000000D  mc_w.l(entry10a.o)
    0x00023210   0x00023210   0x00000000   Code   RO         5094    .ARM.Collect$$$$0000000F  mc_w.l(entry11a.o)
    0x00023210   0x00023210   0x00000004   Code   RO         5083    .ARM.Collect$$$$00002712  mc_w.l(entry2.o)
    0x00023214   0x00023214   0x000000c8   Code   RO         3158    .emb_text           nrf_atfifo.o
    0x000232dc   0x000232dc   0x0000009a   Code   RO         3537    .emb_text           nrf_memobj.o
    0x00023376   0x00023376   0x00000002   PAD
    0x00023378   0x00023378   0x0000009a   Code   RO         4004    .emb_text           nrf_log_frontend.o
    0x00023412   0x00023412   0x00000002   PAD
    0x00023414   0x00023414   0x00000024   Code   RO         4710    .text               arm_startup_nrf52.o
    0x00023438   0x00023438   0x00000062   Code   RO         4753    .text               mc_w.l(uldiv.o)
    0x0002349a   0x0002349a   0x00000002   PAD
    0x0002349c   0x0002349c   0x00000008   Code   RO         4755    .text               mc_w.l(ctype_o.o)
    0x000234a4   0x000234a4   0x00000024   Code   RO         4783    .text               mc_w.l(memcpya.o)
    0x000234c8   0x000234c8   0x00000024   Code   RO         4785    .text               mc_w.l(memseta.o)
    0x000234ec   0x000234ec   0x0000000e   Code   RO         4787    .text               mc_w.l(strlen.o)
    0x000234fa   0x000234fa   0x00000012   Code   RO         4789    .text               mc_w.l(strcpy.o)
    0x0002350c   0x0002350c   0x0000002c   Code   RO         5096    .text               mc_w.l(uidiv.o)
    0x00023538   0x00023538   0x0000001e   Code   RO         5098    .text               mc_w.l(llshl.o)
    0x00023556   0x00023556   0x00000020   Code   RO         5100    .text               mc_w.l(llushr.o)
    0x00023576   0x00023576   0x00000002   PAD
    0x00023578   0x00023578   0x00000024   Code   RO         5115    .text               mc_w.l(init.o)
    0x0002359c   0x0002359c   0x00000056   Code   RO         5129    .text               mc_w.l(__dczerorl2.o)
    0x000235f2   0x000235f2   0x00000002   PAD
    0x000235f4   0x000235f4   0x00000174   Code   RO         1958    i.GPIOTE_IRQHandler  nrf_drv_gpiote.o
    0x00023768   0x00023768   0x00000016   Code   RO         2816    i.NVIC_ClearPendingIRQ  app_timer.o
    0x0002377e   0x0002377e   0x00000016   Code   RO         2817    i.NVIC_EnableIRQ    app_timer.o
    0x00023794   0x00023794   0x00000016   Code   RO         2818    i.NVIC_SetPendingIRQ  app_timer.o
    0x000237aa   0x000237aa   0x00000020   Code   RO         2819    i.NVIC_SetPriority  app_timer.o
    0x000237ca   0x000237ca   0x00000002   PAD
    0x000237cc   0x000237cc   0x00000058   Code   RO         1752    i.POWER_CLOCK_IRQHandler  nrf_drv_clock.o
    0x00023824   0x00023824   0x00000024   Code   RO         2820    i.RTC1_IRQHandler   app_timer.o
    0x00023848   0x00023848   0x00000004   Code   RO         4249    i.SEGGER_RTT_Init   segger_rtt.o
    0x0002384c   0x0002384c   0x0000005c   Code   RO         4263    i.SEGGER_RTT_WriteNoLock  segger_rtt.o
    0x000238a8   0x000238a8   0x0000004c   Code   RO         2436    i.SPIM0_SPIS0_TWIM0_TWIS0_SPI0_TWI0_IRQHandler  nrf_drv_spi.o
    0x000238f4   0x000238f4   0x00000004   Code   RO         2821    i.SWI0_EGU0_IRQHandler  app_timer.o
    0x000238f8   0x000238f8   0x00000004   Code   RO         4497    i.SWI2_EGU2_IRQHandler  nrf_sdh.o
    0x000238fc   0x000238fc   0x000002fc   Code   RO         4718    i.SystemInit        system_nrf52.o
    0x00023bf8   0x00023bf8   0x0000001c   Code   RO         2205    i.UARTE0_UART0_IRQHandler  nrf_drv_uart.o
    0x00023c14   0x00023c14   0x00000068   Code   RO         4267    i._DoInit           segger_rtt.o
    0x00023c7c   0x00023c7c   0x00000016   Code   RO         4268    i._GetAvailWriteSpace  segger_rtt.o
    0x00023c92   0x00023c92   0x0000005a   Code   RO         4270    i._WriteBlocking    segger_rtt.o
    0x00023cec   0x00023cec   0x00000042   Code   RO         4271    i._WriteNoCheck     segger_rtt.o
    0x00023d2e   0x00023d2e   0x00000002   PAD
    0x00023d30   0x00023d30   0x00000020   Code   RO         4838    i.__0printf$1       mc_w.l(printf1.o)
    0x00023d50   0x00023d50   0x0000000e   Code   RO         5123    i.__scatterload_copy  mc_w.l(handlers.o)
    0x00023d5e   0x00023d5e   0x00000002   Code   RO         5124    i.__scatterload_null  mc_w.l(handlers.o)
    0x00023d60   0x00023d60   0x0000000e   Code   RO         5125    i.__scatterload_zeroinit  mc_w.l(handlers.o)
    0x00023d6e   0x00023d6e   0x00000002   PAD
    0x00023d70   0x00023d70   0x00000024   Code   RO         4498    i.__sd_nvic_app_accessible_irq  nrf_sdh.o
    0x00023d94   0x00023d94   0x00000016   Code   RO         4499    i.__sd_nvic_is_app_accessible_priority  nrf_sdh.o
    0x00023daa   0x00023daa   0x00000002   PAD
    0x00023dac   0x00023dac   0x00000154   Code   RO         4845    i._printf_core      mc_w.l(printf1.o)
    0x00023f00   0x00023f00   0x00000036   Code   RO         1084    i.advertising_buttons_configure  bsp_btn_ble.o
    0x00023f36   0x00023f36   0x00000006   Code   RO          964    i.alert_timer_handler  bsp.o
    0x00023f3c   0x00023f3c   0x00000024   Code   RO         2554    i.app_button_enable  app_button.o
    0x00023f60   0x00023f60   0x00000070   Code   RO         2555    i.app_button_init   app_button.o
    0x00023fd0   0x00023fd0   0x00000078   Code   RO         2649    i.app_error_fault_handler  app_error_weak.o
    0x00024048   0x00024048   0x00000016   Code   RO         2610    i.app_error_handler_bare  app_error.o
    0x0002405e   0x0002405e   0x00000016   Code   RO         2693    i.app_fifo_get      app_fifo.o
    0x00024074   0x00024074   0x00000020   Code   RO         2694    i.app_fifo_init     app_fifo.o
    0x00024094   0x00024094   0x0000001a   Code   RO         2696    i.app_fifo_put      app_fifo.o
    0x000240ae   0x000240ae   0x00000002   PAD
    0x000240b0   0x000240b0   0x00000024   Code   RO         2824    i.app_timer_create  app_timer.o
    0x000240d4   0x000240d4   0x00000054   Code   RO         2825    i.app_timer_init    app_timer.o
    0x00024128   0x00024128   0x00000088   Code   RO         2828    i.app_timer_start   app_timer.o
    0x000241b0   0x000241b0   0x00000020   Code   RO         2829    i.app_timer_stop    app_timer.o
    0x000241d0   0x000241d0   0x00000034   Code   RO         2987    i.app_uart_get      app_uart_fifo.o
    0x00024204   0x00024204   0x000000b4   Code   RO         2988    i.app_uart_init     app_uart_fifo.o
    0x000242b8   0x000242b8   0x0000003c   Code   RO         2989    i.app_uart_put      app_uart_fifo.o
    0x000242f4   0x000242f4   0x00000048   Code   RO         3045    i.app_util_critical_region_enter  app_util_platform.o
    0x0002433c   0x0002433c   0x00000034   Code   RO         3046    i.app_util_critical_region_exit  app_util_platform.o
    0x00024370   0x00024370   0x000000b8   Code   RO         2206    i.apply_config      nrf_drv_uart.o
    0x00024428   0x00024428   0x00000182   Code   RO         1169    i.ble_advdata_encode  ble_advdata.o
    0x000245aa   0x000245aa   0x00000068   Code   RO         1170    i.ble_advdata_set   ble_advdata.o
    0x00024612   0x00024612   0x00000006   Code   RO         1246    i.ble_advertising_conn_cfg_tag_set  ble_advertising.o
    0x00024618   0x00024618   0x00000136   Code   RO         1247    i.ble_advertising_init  ble_advertising.o
    0x0002474e   0x0002474e   0x00000068   Code   RO         1249    i.ble_advertising_on_ble_evt  ble_advertising.o
    0x000247b6   0x000247b6   0x00000032   Code   RO         1250    i.ble_advertising_on_sys_evt  ble_advertising.o
    0x000247e8   0x000247e8   0x0000003c   Code   RO         1252    i.ble_advertising_restart_without_whitelist  ble_advertising.o
    0x00024824   0x00024824   0x000001ca   Code   RO         1253    i.ble_advertising_start  ble_advertising.o
    0x000249ee   0x000249ee   0x00000002   PAD
    0x000249f0   0x000249f0   0x00000068   Code   RO         1325    i.ble_conn_params_init  ble_conn_params.o
    0x00024a58   0x00024a58   0x00000060   Code   RO         1171    i.ble_device_addr_encode  ble_advdata.o
    0x00024ab8   0x00024ab8   0x00000130   Code   RO            5    i.ble_evt_handler   main.o
    0x00024be8   0x00024be8   0x00000070   Code   RO         1085    i.ble_evt_handler   bsp_btn_ble.o
    0x00024c58   0x00024c58   0x000000fc   Code   RO         1327    i.ble_evt_handler   ble_conn_params.o
    0x00024d54   0x00024d54   0x0000010c   Code   RO         1418    i.ble_evt_handler   ble_conn_state.o
    0x00024e60   0x00024e60   0x00000064   Code   RO         1702    i.ble_nus_init      ble_nus.o
    0x00024ec4   0x00024ec4   0x0000008c   Code   RO         1703    i.ble_nus_on_ble_evt  ble_nus.o
    0x00024f50   0x00024f50   0x00000048   Code   RO         1704    i.ble_nus_string_send  ble_nus.o
    0x00024f98   0x00024f98   0x00000008   Code   RO         1548    i.ble_srv_is_notification_enabled  ble_srv_common.o
    0x00024fa0   0x00024fa0   0x0000003a   Code   RO          427    i.bmi160_get_regs   bmi160.o
    0x00024fda   0x00024fda   0x00000038   Code   RO          432    i.bmi160_read_step_counter  bmi160.o
    0x00025012   0x00025012   0x00000002   PAD
    0x00025014   0x00025014   0x0000000c   Code   RO          848    i.bsp_board_button_idx_to_pin  boards.o
    0x00025020   0x00025020   0x00000020   Code   RO          849    i.bsp_board_button_state_get  boards.o
    0x00025040   0x00025040   0x00000024   Code   RO          852    i.bsp_board_led_invert  boards.o
    0x00025064   0x00025064   0x00000010   Code   RO          853    i.bsp_board_led_off  boards.o
    0x00025074   0x00025074   0x00000010   Code   RO          854    i.bsp_board_led_on  boards.o
    0x00025084   0x00025084   0x00000020   Code   RO          855    i.bsp_board_led_state_get  boards.o
    0x000250a4   0x000250a4   0x0000002c   Code   RO          856    i.bsp_board_leds_init  boards.o
    0x000250d0   0x000250d0   0x00000012   Code   RO          857    i.bsp_board_leds_off  boards.o
    0x000250e2   0x000250e2   0x00000012   Code   RO          858    i.bsp_board_leds_on  boards.o
    0x000250f4   0x000250f4   0x00000024   Code   RO          859    i.bsp_board_pin_to_button_idx  boards.o
    0x00025118   0x00025118   0x00000038   Code   RO         1086    i.bsp_btn_ble_init  bsp_btn_ble.o
    0x00025150   0x00025150   0x0000001e   Code   RO         1087    i.bsp_btn_ble_sleep_mode_prepare  bsp_btn_ble.o
    0x0002516e   0x0002516e   0x00000002   PAD
    0x00025170   0x00025170   0x00000090   Code   RO          965    i.bsp_button_event_handler  bsp.o
    0x00025200   0x00025200   0x00000004   Code   RO          966    i.bsp_button_is_pressed  bsp.o
    0x00025204   0x00025204   0x0000004c   Code   RO            8    i.bsp_event_handler  main.o
    0x00025250   0x00025250   0x00000044   Code   RO          969    i.bsp_event_to_button_action_assign  bsp.o
    0x00025294   0x00025294   0x00000018   Code   RO          970    i.bsp_indication_set  bsp.o
    0x000252ac   0x000252ac   0x00000094   Code   RO          971    i.bsp_init          bsp.o
    0x00025340   0x00025340   0x000001b8   Code   RO          972    i.bsp_led_indication  bsp.o
    0x000254f8   0x000254f8   0x00000010   Code   RO          974    i.bsp_wakeup_button_enable  bsp.o
    0x00025508   0x00025508   0x00000058   Code   RO         4005    i.buf_prealloc      nrf_log_frontend.o
    0x00025560   0x00025560   0x0000001e   Code   RO         3315    i.buffer_add        nrf_fprintf_format.o
    0x0002557e   0x0002557e   0x00000002   PAD
    0x00025580   0x00025580   0x00000014   Code   RO         4006    i.buffer_is_empty   nrf_log_frontend.o
    0x00025594   0x00025594   0x00000008   Code   RO          975    i.button_timer_handler  bsp.o
    0x0002559c   0x0002559c   0x0000001c   Code   RO         1959    i.channel_free      nrf_drv_gpiote.o
    0x000255b8   0x000255b8   0x00000048   Code   RO         1960    i.channel_port_alloc  nrf_drv_gpiote.o
    0x00025600   0x00025600   0x00000010   Code   RO         1961    i.channel_port_get  nrf_drv_gpiote.o
    0x00025610   0x00025610   0x00000028   Code   RO         1753    i.clock_clk_started_notify  nrf_drv_clock.o
    0x00025638   0x00025638   0x000000ac   Code   RO         2831    i.compare_reg_update  app_timer.o
    0x000256e4   0x000256e4   0x00000038   Code   RO            9    i.config_gpio       main.o
    0x0002571c   0x0002571c   0x00000088   Code   RO         1172    i.conn_int_encode   ble_advdata.o
    0x000257a4   0x000257a4   0x00000004   Code   RO           10    i.conn_params_error_handler  main.o
    0x000257a8   0x000257a8   0x00000048   Code   RO         1328    i.conn_params_negotiation  ble_conn_params.o
    0x000257f0   0x000257f0   0x00000060   Code   RO         2557    i.detection_delay_timeout_handler  app_button.o
    0x00025850   0x00025850   0x00000040   Code   RO         2832    i.elapsed_ticks_acquire  app_timer.o
    0x00025890   0x00025890   0x0000004e   Code   RO         3422    i.event_send        nrf_fstorage_sd.o
    0x000258de   0x000258de   0x00000014   Code   RO         2699    i.fifo_get          app_fifo.o
    0x000258f2   0x000258f2   0x00000012   Code   RO         2700    i.fifo_put          app_fifo.o
    0x00025904   0x00025904   0x0000000e   Code   RO         3771    i.fputc             retarget.o
    0x00025912   0x00025912   0x00000002   PAD
    0x00025914   0x00025914   0x00000054   Code   RO           11    i.gatt_evt_handler  main.o
    0x00025968   0x00025968   0x00000030   Code   RO           12    i.gatt_init         main.o
    0x00025998   0x00025998   0x00000058   Code   RO         2558    i.gpiote_event_handler  app_button.o
    0x000259f0   0x000259f0   0x00000014   Code   RO         1329    i.instance_get      ble_conn_params.o
    0x00025a04   0x00025a04   0x000000a6   Code   RO         3316    i.int_print         nrf_fprintf_format.o
    0x00025aaa   0x00025aaa   0x00000002   PAD
    0x00025aac   0x00025aac   0x00000024   Code   RO           13    i.interrupt_handler  main.o
    0x00025ad0   0x00025ad0   0x00000078   Code   RO         2207    i.interrupts_enable  nrf_drv_uart.o
    0x00025b48   0x00025b48   0x00000044   Code   RO         1330    i.is_conn_params_ok  ble_conn_params.o
    0x00025b8c   0x00025b8c   0x00000030   Code   RO          976    i.leds_off          bsp.o
    0x00025bbc   0x00025bbc   0x00000014   Code   RO          977    i.leds_timer_handler  bsp.o
    0x00025bd0   0x00025bd0   0x00000028   Code   RO         1756    i.lfclk_stop        nrf_drv_clock.o
    0x00025bf8   0x00025bf8   0x00000018   Code   RO         1605    i.link_init         nrf_ble_gatt.o
    0x00025c10   0x00025c10   0x000000f8   Code   RO         2833    i.list_insertions_handler  app_timer.o
    0x00025d08   0x00025d08   0x00000094   Code   RO         4008    i.log_skip          nrf_log_frontend.o
    0x00025d9c   0x00025d9c   0x00000204   Code   RO           14    i.main              main.o
    0x00025fa0   0x00025fa0   0x00000064   Code   RO         1173    i.manuf_specific_data_encode  ble_advdata.o
    0x00026004   0x00026004   0x00000076   Code   RO         3538    i.memobj_op         nrf_memobj.o
    0x0002607a   0x0002607a   0x00000002   PAD
    0x0002607c   0x0002607c   0x00000034   Code   RO         4009    i.module_idx_get    nrf_log_frontend.o
    0x000260b0   0x000260b0   0x0000009c   Code   RO         1174    i.name_encode       ble_advdata.o
    0x0002614c   0x0002614c   0x00000016   Code   RO         3164    i.nrf_atfifo_item_free  nrf_atfifo.o
    0x00026162   0x00026162   0x00000016   Code   RO         3165    i.nrf_atfifo_item_get  nrf_atfifo.o
    0x00026178   0x00026178   0x0000000e   Code   RO         4010    i.nrf_atomic_flag_set  nrf_log_frontend.o
    0x00026186   0x00026186   0x00000044   Code   RO         3231    i.nrf_balloc_alloc  nrf_balloc.o
    0x000261ca   0x000261ca   0x00000030   Code   RO         3232    i.nrf_balloc_free   nrf_balloc.o
    0x000261fa   0x000261fa   0x00000030   Code   RO         3233    i.nrf_balloc_init   nrf_balloc.o
    0x0002622a   0x0002622a   0x00000010   Code   RO         1962    i.nrf_bitmask_bit_is_set  nrf_drv_gpiote.o
    0x0002623a   0x0002623a   0x00000018   Code   RO         1607    i.nrf_ble_gatt_att_mtu_periph_set  nrf_ble_gatt.o
    0x00026252   0x00026252   0x00000022   Code   RO         1611    i.nrf_ble_gatt_init  nrf_ble_gatt.o
    0x00026274   0x00026274   0x00000148   Code   RO         1612    i.nrf_ble_gatt_on_ble_evt  nrf_ble_gatt.o
    0x000263bc   0x000263bc   0x0000000e   Code   RO         1757    i.nrf_clock_event_check  nrf_drv_clock.o
    0x000263ca   0x000263ca   0x00000010   Code   RO         1758    i.nrf_clock_event_clear  nrf_drv_clock.o
    0x000263da   0x000263da   0x00000002   PAD
    0x000263dc   0x000263dc   0x0000008c   Code   RO         2834    i.nrf_delay_us      app_timer.o
    0x00026468   0x00026468   0x00000048   Code   RO         1765    i.nrf_drv_clock_init  nrf_drv_clock.o
    0x000264b0   0x000264b0   0x0000002c   Code   RO         1769    i.nrf_drv_clock_lfclk_release  nrf_drv_clock.o
    0x000264dc   0x000264dc   0x00000038   Code   RO         1922    i.nrf_drv_common_irq_enable  nrf_drv_common.o
    0x00026514   0x00026514   0x00000006   Code   RO         2209    i.nrf_drv_get_IRQn  nrf_drv_uart.o
    0x0002651a   0x0002651a   0x00000002   PAD
    0x0002651c   0x0002651c   0x000000a4   Code   RO         1967    i.nrf_drv_gpiote_in_event_enable  nrf_drv_gpiote.o
    0x000265c0   0x000265c0   0x000000b8   Code   RO         1968    i.nrf_drv_gpiote_in_init  nrf_drv_gpiote.o
    0x00026678   0x00026678   0x00000014   Code   RO         1969    i.nrf_drv_gpiote_in_is_set  nrf_drv_gpiote.o
    0x0002668c   0x0002668c   0x0000005c   Code   RO         1971    i.nrf_drv_gpiote_init  nrf_drv_gpiote.o
    0x000266e8   0x000266e8   0x00000014   Code   RO         1972    i.nrf_drv_gpiote_is_init  nrf_drv_gpiote.o
    0x000266fc   0x000266fc   0x00000010   Code   RO         2210    i.nrf_drv_is_in_RAM  nrf_drv_uart.o
    0x0002670c   0x0002670c   0x00000068   Code   RO         2212    i.nrf_drv_uart_init  nrf_drv_uart.o
    0x00026774   0x00026774   0x000000b0   Code   RO         2213    i.nrf_drv_uart_rx   nrf_drv_uart.o
    0x00026824   0x00026824   0x00000030   Code   RO         2216    i.nrf_drv_uart_rx_enable  nrf_drv_uart.o
    0x00026854   0x00026854   0x000000a8   Code   RO         2217    i.nrf_drv_uart_rx_for_uart  nrf_drv_uart.o
    0x000268fc   0x000268fc   0x000000b0   Code   RO         2218    i.nrf_drv_uart_rx_for_uarte  nrf_drv_uart.o
    0x000269ac   0x000269ac   0x0000010c   Code   RO         2220    i.nrf_drv_uart_tx   nrf_drv_uart.o
    0x00026ab8   0x00026ab8   0x00000018   Code   RO         2222    i.nrf_drv_uart_tx_in_progress  nrf_drv_uart.o
    0x00026ad0   0x00026ad0   0x0000001a   Code   RO         3272    i.nrf_fprintf       nrf_fprintf.o
    0x00026aea   0x00026aea   0x00000018   Code   RO         3273    i.nrf_fprintf_buffer_flush  nrf_fprintf.o
    0x00026b02   0x00026b02   0x000001da   Code   RO         3317    i.nrf_fprintf_fmt   nrf_fprintf_format.o
    0x00026cdc   0x00026cdc   0x00000050   Code   RO         3356    i.nrf_fstorage_is_busy  nrf_fstorage.o
    0x00026d2c   0x00026d2c   0x00000018   Code   RO         3425    i.nrf_fstorage_sdh_req_handler  nrf_fstorage_sd.o
    0x00026d44   0x00026d44   0x00000020   Code   RO         3426    i.nrf_fstorage_sdh_state_handler  nrf_fstorage_sd.o
    0x00026d64   0x00026d64   0x000000a4   Code   RO         3427    i.nrf_fstorage_sys_evt_handler  nrf_fstorage_sd.o
    0x00026e08   0x00026e08   0x00000024   Code   RO          861    i.nrf_gpio_cfg      boards.o
    0x00026e2c   0x00026e2c   0x00000024   Code   RO         1986    i.nrf_gpio_cfg      nrf_drv_gpiote.o
    0x00026e50   0x00026e50   0x00000024   Code   RO         2224    i.nrf_gpio_cfg      nrf_drv_uart.o
    0x00026e74   0x00026e74   0x00000012   Code   RO         2226    i.nrf_gpio_cfg_input  nrf_drv_uart.o
    0x00026e86   0x00026e86   0x00000014   Code   RO         2227    i.nrf_gpio_cfg_output  nrf_drv_uart.o
    0x00026e9a   0x00026e9a   0x00000022   Code   RO          978    i.nrf_gpio_cfg_sense_set  bsp.o
    0x00026ebc   0x00026ebc   0x00000022   Code   RO         1988    i.nrf_gpio_cfg_sense_set  nrf_drv_gpiote.o
    0x00026ede   0x00026ede   0x0000000e   Code   RO         2447    i.nrf_gpio_pin_set  nrf_drv_spi.o
    0x00026eec   0x00026eec   0x00000016   Code   RO          862    i.nrf_gpio_pin_write  boards.o
    0x00026f02   0x00026f02   0x00000002   PAD
    0x00026f04   0x00026f04   0x00000028   Code   RO         1989    i.nrf_gpio_ports_read  nrf_drv_gpiote.o
    0x00026f2c   0x00026f2c   0x00000014   Code   RO         1990    i.nrf_gpiote_event_clear  nrf_drv_gpiote.o
    0x00026f40   0x00026f40   0x00000010   Code   RO         1991    i.nrf_gpiote_event_is_set  nrf_drv_gpiote.o
    0x00026f50   0x00026f50   0x00000050   Code   RO         4011    i.nrf_log_backend_add  nrf_log_frontend.o
    0x00026fa0   0x00026fa0   0x00000002   Code   RO         3873    i.nrf_log_backend_rtt_flush  nrf_log_backend_rtt.o
    0x00026fa2   0x00026fa2   0x00000004   Code   RO         3874    i.nrf_log_backend_rtt_init  nrf_log_backend_rtt.o
    0x00026fa6   0x00026fa6   0x00000002   Code   RO         3875    i.nrf_log_backend_rtt_panic_set  nrf_log_backend_rtt.o
    0x00026fa8   0x00026fa8   0x00000018   Code   RO         3876    i.nrf_log_backend_rtt_put  nrf_log_backend_rtt.o
    0x00026fc0   0x00026fc0   0x000000d2   Code   RO         3937    i.nrf_log_backend_serial_put  nrf_log_backend_serial.o
    0x00027092   0x00027092   0x00000002   PAD
    0x00027094   0x00027094   0x00000028   Code   RO         4013    i.nrf_log_color_id_get  nrf_log_frontend.o
    0x000270bc   0x000270bc   0x0000001c   Code   RO         3971    i.nrf_log_default_backends_init  nrf_log_default_backends.o
    0x000270d8   0x000270d8   0x000001d8   Code   RO         4014    i.nrf_log_frontend_dequeue  nrf_log_frontend.o
    0x000272b0   0x000272b0   0x00000008   Code   RO         4016    i.nrf_log_frontend_std_0  nrf_log_frontend.o
    0x000272b8   0x000272b8   0x0000000e   Code   RO         4017    i.nrf_log_frontend_std_1  nrf_log_frontend.o
    0x000272c6   0x000272c6   0x00000010   Code   RO         4018    i.nrf_log_frontend_std_2  nrf_log_frontend.o
    0x000272d6   0x000272d6   0x00000002   PAD
    0x000272d8   0x000272d8   0x000000ac   Code   RO         4196    i.nrf_log_hexdump_entry_process  nrf_log_str_formatter.o
    0x00027384   0x00027384   0x0000005c   Code   RO         4023    i.nrf_log_init      nrf_log_frontend.o
    0x000273e0   0x000273e0   0x00000014   Code   RO         4024    i.nrf_log_module_cnt_get  nrf_log_frontend.o
    0x000273f4   0x000273f4   0x0000001c   Code   RO         4027    i.nrf_log_module_name_get  nrf_log_frontend.o
    0x00027410   0x00027410   0x00000028   Code   RO         4028    i.nrf_log_panic     nrf_log_frontend.o
    0x00027438   0x00027438   0x000000b6   Code   RO         4197    i.nrf_log_std_entry_process  nrf_log_str_formatter.o
    0x000274ee   0x000274ee   0x00000060   Code   RO         3539    i.nrf_memobj_alloc  nrf_memobj.o
    0x0002754e   0x0002754e   0x00000032   Code   RO         3540    i.nrf_memobj_free   nrf_memobj.o
    0x00027580   0x00027580   0x0000000e   Code   RO         3541    i.nrf_memobj_get    nrf_memobj.o
    0x0002758e   0x0002758e   0x00000004   Code   RO         3542    i.nrf_memobj_pool_init  nrf_memobj.o
    0x00027592   0x00027592   0x00000022   Code   RO         3543    i.nrf_memobj_put    nrf_memobj.o
    0x000275b4   0x000275b4   0x0000000c   Code   RO         3544    i.nrf_memobj_read   nrf_memobj.o
    0x000275c0   0x000275c0   0x0000000c   Code   RO         3545    i.nrf_memobj_write  nrf_memobj.o
    0x000275cc   0x000275cc   0x00000014   Code   RO         4628    i.nrf_sdh_ble_app_ram_start_get  nrf_sdh_ble.o
    0x000275e0   0x000275e0   0x00000154   Code   RO         4629    i.nrf_sdh_ble_default_cfg_set  nrf_sdh_ble.o
    0x00027734   0x00027734   0x000000d8   Code   RO         4630    i.nrf_sdh_ble_enable  nrf_sdh_ble.o
    0x0002780c   0x0002780c   0x00000050   Code   RO         4631    i.nrf_sdh_ble_evts_poll  nrf_sdh_ble.o
    0x0002785c   0x0002785c   0x0000003c   Code   RO         4500    i.nrf_sdh_disable_request  nrf_sdh.o
    0x00027898   0x00027898   0x0000006c   Code   RO         4501    i.nrf_sdh_enable_request  nrf_sdh.o
    0x00027904   0x00027904   0x00000024   Code   RO         4502    i.nrf_sdh_evts_poll  nrf_sdh.o
    0x00027928   0x00027928   0x0000000c   Code   RO         4503    i.nrf_sdh_is_enabled  nrf_sdh.o
    0x00027934   0x00027934   0x0000001c   Code   RO         4505    i.nrf_sdh_request_continue  nrf_sdh.o
    0x00027950   0x00027950   0x0000003c   Code   RO         4678    i.nrf_sdh_soc_evts_poll  nrf_sdh_soc.o
    0x0002798c   0x0002798c   0x0000000a   Code   RO         3702    i.nrf_section_iter_init  nrf_section_iter.o
    0x00027996   0x00027996   0x00000024   Code   RO         3703    i.nrf_section_iter_item_set  nrf_section_iter.o
    0x000279ba   0x000279ba   0x00000020   Code   RO         3704    i.nrf_section_iter_next  nrf_section_iter.o
    0x000279da   0x000279da   0x0000000a   Code   RO         2448    i.nrf_spim_event_check  nrf_drv_spi.o
    0x000279e4   0x000279e4   0x00000038   Code   RO         3737    i.nrf_strerror_find  nrf_strerror.o
    0x00027a1c   0x00027a1c   0x00000014   Code   RO         3738    i.nrf_strerror_get  nrf_strerror.o
    0x00027a30   0x00027a30   0x0000000a   Code   RO         2228    i.nrf_uart_event_check  nrf_drv_uart.o
    0x00027a3a   0x00027a3a   0x0000000c   Code   RO         2229    i.nrf_uart_event_clear  nrf_drv_uart.o
    0x00027a46   0x00027a46   0x0000000c   Code   RO         2230    i.nrf_uart_int_enable_check  nrf_drv_uart.o
    0x00027a52   0x00027a52   0x0000000a   Code   RO         2231    i.nrf_uarte_event_check  nrf_drv_uart.o
    0x00027a5c   0x00027a5c   0x0000000c   Code   RO         2232    i.nrf_uarte_event_clear  nrf_drv_uart.o
    0x00027a68   0x00027a68   0x00000018   Code   RO          472    i.null_ptr_check    bmi160.o
    0x00027a80   0x00027a80   0x00000090   Code   RO           17    i.nus_data_handler  main.o
    0x00027b10   0x00027b10   0x00000024   Code   RO           18    i.on_adv_evt        main.o
    0x00027b34   0x00027b34   0x0000001c   Code   RO           19    i.on_conn_params_evt  main.o
    0x00027b50   0x00027b50   0x0000009c   Code   RO         1613    i.on_connected_evt  nrf_ble_gatt.o
    0x00027bec   0x00027bec   0x00000074   Code   RO         1614    i.on_exchange_mtu_request_evt  nrf_ble_gatt.o
    0x00027c60   0x00027c60   0x00000018   Code   RO         1992    i.pin_in_use_by_port  nrf_drv_gpiote.o
    0x00027c78   0x00027c78   0x00000018   Code   RO         1993    i.pin_in_use_by_te  nrf_drv_gpiote.o
    0x00027c90   0x00027c90   0x0000003c   Code   RO         4198    i.postfix_process   nrf_log_str_formatter.o
    0x00027ccc   0x00027ccc   0x0000005c   Code   RO         4199    i.prefix_process    nrf_log_str_formatter.o
    0x00027d28   0x00027d28   0x00000098   Code   RO         3428    i.queue_process     nrf_fstorage_sd.o
    0x00027dc0   0x00027dc0   0x0000003c   Code   RO         2835    i.rtc1_stop         app_timer.o
    0x00027dfc   0x00027dfc   0x00000032   Code   RO         2234    i.rx_byte           nrf_drv_uart.o
    0x00027e2e   0x00027e2e   0x000000a2   Code   RO         1705    i.rx_char_add       ble_nus.o
    0x00027ed0   0x00027ed0   0x00000018   Code   RO         2235    i.rx_done_event     nrf_drv_uart.o
    0x00027ee8   0x00027ee8   0x00000020   Code   RO         2236    i.rx_enable         nrf_drv_uart.o
    0x00027f08   0x00027f08   0x00000042   Code   RO         4508    i.sd_nvic_SetPriority  nrf_sdh.o
    0x00027f4a   0x00027f4a   0x00000002   PAD
    0x00027f4c   0x00027f4c   0x00000054   Code   RO         1772    i.sd_state_evt_handler  nrf_drv_clock.o
    0x00027fa0   0x00027fa0   0x00000030   Code   RO         4509    i.sdh_request_observer_notify  nrf_sdh.o
    0x00027fd0   0x00027fd0   0x0000002c   Code   RO         4510    i.sdh_state_observer_notify  nrf_sdh.o
    0x00027ffc   0x00027ffc   0x00000044   Code   RO         3808    i.sdk_mapped_flags_bulk_update_by_key  sdk_mapped_flags.o
    0x00028040   0x00028040   0x00000022   Code   RO         3809    i.sdk_mapped_flags_first_key_index_get  sdk_mapped_flags.o
    0x00028062   0x00028062   0x00000010   Code   RO         3810    i.sdk_mapped_flags_get_by_index  sdk_mapped_flags.o
    0x00028072   0x00028072   0x0000004a   Code   RO         3813    i.sdk_mapped_flags_key_list_get  sdk_mapped_flags.o
    0x000280bc   0x000280bc   0x0000000e   Code   RO         3815    i.sdk_mapped_flags_update_by_key  sdk_mapped_flags.o
    0x000280ca   0x000280ca   0x00000002   PAD
    0x000280cc   0x000280cc   0x00000010   Code   RO         1331    i.send_error_evt    ble_conn_params.o
    0x000280dc   0x000280dc   0x0000002a   Code   RO         3877    i.serial_tx         nrf_log_backend_rtt.o
    0x00028106   0x00028106   0x00000002   PAD
    0x00028108   0x00028108   0x00000088   Code   RO         1175    i.service_data_encode  ble_advdata.o
    0x00028190   0x00028190   0x00000028   Code   RO           21    i.sleep_mode_enter  main.o
    0x000281b8   0x000281b8   0x0000000a   Code   RO         1773    i.soc_evt_handler   nrf_drv_clock.o
    0x000281c2   0x000281c2   0x00000002   PAD
    0x000281c4   0x000281c4   0x00000038   Code   RO         4511    i.softdevice_evt_irq_disable  nrf_sdh.o
    0x000281fc   0x000281fc   0x00000050   Code   RO         4512    i.softdevices_evt_irq_enable  nrf_sdh.o
    0x0002824c   0x0002824c   0x00000094   Code   RO         4030    i.std_n             nrf_log_frontend.o
    0x000282e0   0x000282e0   0x00000080   Code   RO         2836    i.timer_list_handler  app_timer.o
    0x00028360   0x00028360   0x0000003c   Code   RO         2837    i.timer_list_insert  app_timer.o
    0x0002839c   0x0002839c   0x00000060   Code   RO         2838    i.timer_list_remove  app_timer.o
    0x000283fc   0x000283fc   0x00000048   Code   RO         2839    i.timer_stop_op_schedule  app_timer.o
    0x00028444   0x00028444   0x00000074   Code   RO         2840    i.timer_timeouts_check  app_timer.o
    0x000284b8   0x000284b8   0x00000020   Code   RO         2237    i.tx_byte           nrf_drv_uart.o
    0x000284d8   0x000284d8   0x000000da   Code   RO         1706    i.tx_char_add       ble_nus.o
    0x000285b2   0x000285b2   0x0000001c   Code   RO         2238    i.tx_done_event     nrf_drv_uart.o
    0x000285ce   0x000285ce   0x00000002   PAD
    0x000285d0   0x000285d0   0x0000006c   Code   RO           24    i.uart_event_handle  main.o
    0x0002863c   0x0002863c   0x000000a0   Code   RO         2990    i.uart_event_handler  app_uart_fifo.o
    0x000286dc   0x000286dc   0x0000011e   Code   RO         2239    i.uart_irq_handler  nrf_drv_uart.o
    0x000287fa   0x000287fa   0x000000f0   Code   RO         2240    i.uarte_irq_handler  nrf_drv_uart.o
    0x000288ea   0x000288ea   0x0000000a   Code   RO         1176    i.uint16_encode     ble_advdata.o
    0x000288f4   0x000288f4   0x000000b4   Code   RO         3318    i.unsigned_print    nrf_fprintf_format.o
    0x000289a8   0x000289a8   0x00000068   Code   RO         1332    i.update_timeout_handler  ble_conn_params.o
    0x00028a10   0x00028a10   0x00000030   Code   RO         2841    i.user_op_alloc     app_timer.o
    0x00028a40   0x00028a40   0x00000030   Code   RO         1177    i.uuid_list_encode  ble_advdata.o
    0x00028a70   0x00028a70   0x0000009e   Code   RO         1178    i.uuid_list_sized_encode  ble_advdata.o
    0x00028b0e   0x00028b0e   0x00000002   PAD
    0x00028b10   0x00028b10   0x00000034   Data   RO           26    .constdata          main.o
    0x00028b44   0x00028b44   0x00000008   Data   RO          863    .constdata          boards.o
    0x00028b4c   0x00028b4c   0x0000002c   Data   RO          983    .constdata          bsp.o
    0x00028b78   0x00028b78   0x00000016   Data   RO         1615    .constdata          nrf_ble_gatt.o
    0x00028b8e   0x00028b8e   0x00000002   PAD
    0x00028b90   0x00028b90   0x00000020   Data   RO         1707    .constdata          ble_nus.o
    0x00028bb0   0x00028bb0   0x00000004   Data   RO         1995    .constdata          nrf_drv_gpiote.o
    0x00028bb4   0x00028bb4   0x00000008   Data   RO         2560    .constdata          app_button.o
    0x00028bbc   0x00028bbc   0x00000020   Data   RO         2992    .constdata          app_uart_fifo.o
    0x00028bdc   0x00028bdc   0x00000010   Data   RO         3319    .constdata          nrf_fprintf_format.o
    0x00028bec   0x00028bec   0x00000010   Data   RO         3437    .constdata          nrf_fstorage_sd.o
    0x00028bfc   0x00028bfc   0x00000104   Data   RO         3739    .constdata          nrf_strerror.o
    0x00028d00   0x00028d00   0x0000000c   Data   RO         3879    .constdata          nrf_log_backend_rtt.o
    0x00028d0c   0x00028d0c   0x00000014   Data   RO         4033    .constdata          nrf_log_frontend.o
    0x00028d20   0x00028d20   0x00000010   Data   RO         4513    .constdata          nrf_sdh.o
    0x00028d30   0x00028d30   0x00000028   Data   RO         4514    .constdata          nrf_sdh.o
    0x00028d58   0x00028d58   0x00000010   Data   RO         4515    .constdata          nrf_sdh.o
    0x00028d68   0x00028d68   0x00000010   Data   RO         4516    .constdata          nrf_sdh.o
    0x00028d78   0x00028d78   0x00000020   Data   RO         4632    .constdata          nrf_sdh_ble.o
    0x00028d98   0x00028d98   0x00000010   Data   RO         4633    .constdata          nrf_sdh_ble.o
    0x00028da8   0x00028da8   0x00000010   Data   RO         4679    .constdata          nrf_sdh_soc.o
    0x00028db8   0x00028db8   0x0000000c   Data   RO         4680    .constdata          nrf_sdh_soc.o
    0x00028dc4   0x00028dc4   0x00000081   Data   RO         4756    .constdata          mc_w.l(ctype_o.o)
    0x00028e45   0x00028e45   0x00000003   PAD
    0x00028e48   0x00028e48   0x00000004   Data   RO         4757    .constdata          mc_w.l(ctype_o.o)
    0x00028e4c   0x00028e4c   0x0000012d   Data   RO         1616    .conststring        nrf_ble_gatt.o
    0x00028f79   0x00028f79   0x00000003   PAD
    0x00028f7c   0x00028f7c   0x00000307   Data   RO         3740    .conststring        nrf_strerror.o
    0x00029283   0x00029283   0x00000001   PAD
    0x00029284   0x00029284   0x00000066   Data   RO         4200    .conststring        nrf_log_str_formatter.o
    0x000292ea   0x000292ea   0x00000002   PAD
    0x000292ec   0x000292ec   0x000001cf   Data   RO         4634    .conststring        nrf_sdh_ble.o
    0x000294bb   0x000294bb   0x00000001   PAD
    0x000294bc   0x000294bc   0x00000009   Data   RO         1617    .conststrlit        nrf_ble_gatt.o
    0x000294c5   0x000294c5   0x00000003   PAD
    0x000294c8   0x000294c8   0x00000006   Data   RO         1779    .conststrlit        nrf_drv_clock.o
    0x000294ce   0x000294ce   0x00000002   PAD
    0x000294d0   0x000294d0   0x00000007   Data   RO         1999    .conststrlit        nrf_drv_gpiote.o
    0x000294d7   0x000294d7   0x00000001   PAD
    0x000294d8   0x000294d8   0x00000005   Data   RO         2242    .conststrlit        nrf_drv_uart.o
    0x000294dd   0x000294dd   0x00000003   PAD
    0x000294e0   0x000294e0   0x00000004   Data   RO         2454    .conststrlit        nrf_drv_spi.o
    0x000294e4   0x000294e4   0x00000007   Data   RO         3234    .conststrlit        nrf_balloc.o
    0x000294eb   0x000294eb   0x00000001   PAD
    0x000294ec   0x000294ec   0x00000009   Data   RO         3631    .conststrlit        nrf_pwr_mgmt.o
    0x000294f5   0x000294f5   0x00000003   PAD
    0x000294f8   0x000294f8   0x00000004   Data   RO         4035    .conststrlit        nrf_log_frontend.o
    0x000294fc   0x000294fc   0x00000008   Data   RO         4517    .conststrlit        nrf_sdh.o
    0x00029504   0x00029504   0x0000000c   Data   RO         4635    .conststrlit        nrf_sdh_ble.o
    0x00029510   0x00029510   0x0000000c   Data   RO         4681    .conststrlit        nrf_sdh_soc.o
    0x0002951c   0x0002951c   0x00000020   Data   RO         5121    Region$$Table       anon$$obj.o
    0x0002953c   0x0002953c   0x00000008   Data   RO         1618    log_const_data      nrf_ble_gatt.o
    0x00029544   0x00029544   0x00000008   Data   RO         1780    log_const_data      nrf_drv_clock.o
    0x0002954c   0x0002954c   0x00000008   Data   RO         2000    log_const_data      nrf_drv_gpiote.o
    0x00029554   0x00029554   0x00000008   Data   RO         2243    log_const_data      nrf_drv_uart.o
    0x0002955c   0x0002955c   0x00000008   Data   RO         2455    log_const_data      nrf_drv_spi.o
    0x00029564   0x00029564   0x00000008   Data   RO         3235    log_const_data      nrf_balloc.o
    0x0002956c   0x0002956c   0x00000008   Data   RO         3633    log_const_data      nrf_pwr_mgmt.o
    0x00029574   0x00029574   0x00000008   Data   RO         4039    log_const_data      nrf_log_frontend.o
    0x0002957c   0x0002957c   0x00000008   Data   RO         4519    log_const_data      nrf_sdh.o
    0x00029584   0x00029584   0x00000008   Data   RO         4636    log_const_data      nrf_sdh_ble.o
    0x0002958c   0x0002958c   0x00000008   Data   RO         4682    log_const_data      nrf_sdh_soc.o
    0x00029594   0x00029594   0x00000008   Data   RO         1421    sdh_ble_observers0  ble_conn_state.o
    0x0002959c   0x0002959c   0x00000010   Data   RO           28    sdh_ble_observers1  main.o
    0x000295ac   0x000295ac   0x00000008   Data   RO         1089    sdh_ble_observers1  bsp_btn_ble.o
    0x000295b4   0x000295b4   0x00000008   Data   RO         1335    sdh_ble_observers1  ble_conn_params.o
    0x000295bc   0x000295bc   0x00000008   Data   RO           29    sdh_ble_observers2  main.o
    0x000295c4   0x000295c4   0x00000008   Data   RO           30    sdh_ble_observers3  main.o
    0x000295cc   0x000295cc   0x00000008   Data   RO         3440    sdh_req_observers0  nrf_fstorage_sd.o
    0x000295d4   0x000295d4   0x00000008   Data   RO         1782    sdh_soc_observers0  nrf_drv_clock.o
    0x000295dc   0x000295dc   0x00000008   Data   RO         3441    sdh_soc_observers0  nrf_fstorage_sd.o
    0x000295e4   0x000295e4   0x00000008   Data   RO           31    sdh_soc_observers1  main.o
    0x000295ec   0x000295ec   0x00000008   Data   RO         4638    sdh_stack_observers0  nrf_sdh_ble.o
    0x000295f4   0x000295f4   0x00000008   Data   RO         4684    sdh_stack_observers0  nrf_sdh_soc.o
    0x000295fc   0x000295fc   0x00000008   Data   RO         1783    sdh_state_observers0  nrf_drv_clock.o
    0x00029604   0x00029604   0x00000008   Data   RO         3442    sdh_state_observers0  nrf_fstorage_sd.o


    Execution Region RW_IRAM1 (Exec base: 0x20002a68, Load base: 0x0002960c, Size: 0x000031b8, Max: 0x0000d598, ABSOLUTE, COMPRESSED[0x00000044])

    Exec Addr    Load Addr    Size         Type   Attr      Idx    E Section Name        Object

    0x20002a68   COMPRESSED   0x0000000a   Data   RW           27    .data               main.o
    0x20002a72   COMPRESSED   0x00000002   PAD
    0x20002a74   COMPRESSED   0x00000010   Data   RW          984    .data               bsp.o
    0x20002a84   COMPRESSED   0x00000008   Data   RW         1088    .data               bsp_btn_ble.o
    0x20002a8c   COMPRESSED   0x00000008   Data   RW         1334    .data               ble_conn_params.o
    0x20002a94   COMPRESSED   0x00000014   Data   RW         2561    .data               app_button.o
    0x20002aa8   COMPRESSED   0x00000014   Data   RW         2843    .data               app_timer.o
    0x20002abc   COMPRESSED   0x00000010   Data   RW         2993    .data               app_uart_fifo.o
    0x20002acc   COMPRESSED   0x00000008   Data   RW         3439    .data               nrf_fstorage_sd.o
    0x20002ad4   COMPRESSED   0x00000004   Data   RW         3772    .data               retarget.o
    0x20002ad8   COMPRESSED   0x0000000c   Data   RW         3972    .data               nrf_log_default_backends.o
    0x20002ae4   COMPRESSED   0x00000008   Data   RW         4037    .data               nrf_log_frontend.o
    0x20002aec   COMPRESSED   0x00000008   Data   RW         4038    .data               nrf_log_frontend.o
    0x20002af4   COMPRESSED   0x00000038   Data   RW         4201    .data               nrf_log_str_formatter.o
    0x20002b2c   COMPRESSED   0x00000003   Data   RW         4518    .data               nrf_sdh.o
    0x20002b2f   COMPRESSED   0x00000001   PAD
    0x20002b30   COMPRESSED   0x00000004   Data   RW         4719    .data               system_nrf52.o
    0x20002b34   COMPRESSED   0x0000000c   Data   RW         1619    log_dynamic_data    nrf_ble_gatt.o
    0x20002b40   COMPRESSED   0x0000000c   Data   RW         1781    log_dynamic_data    nrf_drv_clock.o
    0x20002b4c   COMPRESSED   0x0000000c   Data   RW         2001    log_dynamic_data    nrf_drv_gpiote.o
    0x20002b58   COMPRESSED   0x0000000c   Data   RW         2244    log_dynamic_data    nrf_drv_uart.o
    0x20002b64   COMPRESSED   0x0000000c   Data   RW         2456    log_dynamic_data    nrf_drv_spi.o
    0x20002b70   COMPRESSED   0x0000000c   Data   RW         3236    log_dynamic_data    nrf_balloc.o
    0x20002b7c   COMPRESSED   0x0000000c   Data   RW         3634    log_dynamic_data    nrf_pwr_mgmt.o
    0x20002b88   COMPRESSED   0x0000000c   Data   RW         4040    log_dynamic_data    nrf_log_frontend.o
    0x20002b94   COMPRESSED   0x0000000c   Data   RW         4520    log_dynamic_data    nrf_sdh.o
    0x20002ba0   COMPRESSED   0x0000000c   Data   RW         4637    log_dynamic_data    nrf_sdh_ble.o
    0x20002bac   COMPRESSED   0x0000000c   Data   RW         4683    log_dynamic_data    nrf_sdh_soc.o
    0x20002bb8        -       0x00000494   Zero   RW           25    .bss                main.o
    0x2000304c        -       0x00000020   Zero   RW          979    .bss                bsp.o
    0x2000306c        -       0x00000020   Zero   RW          980    .bss                bsp.o
    0x2000308c        -       0x0000000c   Zero   RW          981    .bss                bsp.o
    0x20003098        -       0x00000020   Zero   RW          982    .bss                bsp.o
    0x200030b8        -       0x00000050   Zero   RW         1333    .bss                ble_conn_params.o
    0x20003108        -       0x000000b8   Zero   RW         1420    .bss                ble_conn_state.o
    0x200031c0        -       0x00000014   Zero   RW         1774    .bss                nrf_drv_clock.o
    0x200031d4        -       0x00000058   Zero   RW         1994    .bss                nrf_drv_gpiote.o
    0x2000322c        -       0x00000020   Zero   RW         2241    .bss                nrf_drv_uart.o
    0x2000324c        -       0x00000024   Zero   RW         2450    .bss                nrf_drv_spi.o
    0x20003270        -       0x00000020   Zero   RW         2559    .bss                app_button.o
    0x20003290        -       0x0000010c   Zero   RW         2842    .bss                app_timer.o
    0x2000339c        -       0x00000020   Zero   RW         2991    .bss                app_uart_fifo.o
    0x200033bc        -       0x0000000c   Zero   RW         3051    .bss                app_util_platform.o
    0x200033c8        -       0x000000a0   Zero   RW         3435    .bss                nrf_fstorage_sd.o
    0x20003468        -       0x00000010   Zero   RW         3436    .bss                nrf_fstorage_sd.o
    0x20003478        -       0x00000040   Zero   RW         3878    .bss                nrf_log_backend_rtt.o
    0x200034b8        -       0x000000c0   Zero   RW         4031    .bss                nrf_log_frontend.o
    0x20003578        -       0x00000420   Zero   RW         4032    .bss                nrf_log_frontend.o
    0x20003998        -       0x00000288   Zero   RW         4272    .bss                segger_rtt.o
    0x20003c20        -       0x00002000   Zero   RW         4707    STACK               arm_startup_nrf52.o


==============================================================================

Image component sizes


      Code (inc. data)   RO Data    RW Data    ZI Data      Debug   Object Name

       332         34          8         20         32       4682   app_button.o
        22          0          0          0          0       2149   app_error.o
       120         40          0          0          0      30585   app_error_weak.o
       118          0          0          0          0       5042   app_fifo.o
      1630        122          0         20        268      47891   app_timer.o
       452         42         32         16         32       7494   app_uart_fifo.o
       124         14          0          0         12       9574   app_util_platform.o
        36          8        512          0       8192        928   arm_startup_nrf52.o
      1330          0          0          0          0      36767   ble_advdata.o
       988          6          0          0          0      10504   ble_advertising.o
       636         44          8          8         80      11859   ble_conn_params.o
       268          6          8          0        184       3427   ble_conn_state.o
       692         10         32          0          0       7670   ble_nus.o
         8          0          0          0          0       1478   ble_srv_common.o
       138          0          0          0          0      11813   bmi160.o
       318         42          8          0          0      13468   boards.o
       960         84         44         16        108      15567   bsp.o
       252         10          8          8          0       4816   bsp_btn_ble.o
      1480        270         92         10       1172     191064   main.o
       244          0          0          0          0       4997   nrf_atfifo.o
       164          0         15         12          0       3937   nrf_balloc.o
       682         44        340         12          0      40062   nrf_ble_gatt.o
       408         40         30         12         20      41275   nrf_drv_clock.o
        56          0          0          0          0      27619   nrf_drv_common.o
      1178         84         19         12         88      30722   nrf_drv_gpiote.o
       100         10         12         12         36      16947   nrf_drv_spi.o
      2140         66         13         12         32      42639   nrf_drv_uart.o
        50          0          0          0          0       3597   nrf_fprintf.o
       850          4         16          0          0       5502   nrf_fprintf_format.o
        80         10          0          0          0        859   nrf_fstorage.o
       450         36         40          8        176      11039   nrf_fstorage_sd.o
        74          8         12          0         64       5517   nrf_log_backend_rtt.o
       210          0          0          0          0      10299   nrf_log_backend_serial.o
        28          6          0         12          0       3214   nrf_log_default_backends.o
      1434         92         32         28       1248      31143   nrf_log_frontend.o
       506         66        102         56          0       5620   nrf_log_str_formatter.o
       494          0          0          0          0      13191   nrf_memobj.o
         0          0         17         12          0       7329   nrf_pwr_mgmt.o
       600         60        104         15          0      50332   nrf_sdh.o
       656        158        539         12          0       5965   nrf_sdh_ble.o
        60          4         56         12          0       2584   nrf_sdh_soc.o
        78          0          0          0          0       2788   nrf_section_iter.o
        76         10       1035          0          0       2747   nrf_strerror.o
        14          0          0          4          0       2926   retarget.o
       206          0          0          0          0       5442   sdk_mapped_flags.o
       378         34          0          0        648       9029   segger_rtt.o
       764         64          0          4          0       3003   system_nrf52.o

    ----------------------------------------------------------------------
     21932       1528       3188        336      12392     807102   Object Totals
         0          0         32          0          0          0   (incl. Generated)
        48          0         22          3          0          0   (incl. Padding)

    ----------------------------------------------------------------------

      Code (inc. data)   RO Data    RW Data    ZI Data      Debug   Library Member Name

        86          0          0          0          0          0   __dczerorl2.o
         8          4        133          0          0         68   ctype_o.o
         0          0          0          0          0          0   entry.o
         0          0          0          0          0          0   entry10a.o
         0          0          0          0          0          0   entry11a.o
         8          4          0          0          0          0   entry2.o
         4          0          0          0          0          0   entry5.o
         0          0          0          0          0          0   entry7b.o
         0          0          0          0          0          0   entry8b.o
         8          4          0          0          0          0   entry9a.o
        30          0          0          0          0          0   handlers.o
        36          8          0          0          0         68   init.o
        30          0          0          0          0         68   llshl.o
        32          0          0          0          0         68   llushr.o
        36          0          0          0          0         68   memcpya.o
        36          0          0          0          0        108   memseta.o
       372         14          0          0          0        184   printf1.o
        18          0          0          0          0         68   strcpy.o
        14          0          0          0          0         68   strlen.o
        44          0          0          0          0         80   uidiv.o
        98          0          0          0          0         92   uldiv.o

    ----------------------------------------------------------------------
       868         34        136          0          0        940   Library Totals
         8          0          3          0          0          0   (incl. Padding)

    ----------------------------------------------------------------------

      Code (inc. data)   RO Data    RW Data    ZI Data      Debug   Library Name

       860         34        133          0          0        940   mc_w.l

    ----------------------------------------------------------------------
       868         34        136          0          0        940   Library Totals

    ----------------------------------------------------------------------

==============================================================================


      Code (inc. data)   RO Data    RW Data    ZI Data      Debug   

     22800       1562       3324        336      12392     781962   Grand Totals
     22800       1562       3324         68      12392     781962   ELF Image Totals (compressed)
     22800       1562       3324         68          0          0   ROM Totals

==============================================================================

    Total RO  Size (Code + RO Data)                26124 (  25.51kB)
    Total RW  Size (RW Data + ZI Data)             12728 (  12.43kB)
    Total ROM Size (Code + RO Data + RW Data)      26192 (  25.58kB)

==============================================================================

