Component: ARM Compiler 5.06 update 5 (build 528) Tool: armlink [4d35e2]

==============================================================================

Section Cross References

    main.o(i.advertising_start) refers to nrf_log_frontend.o(i.nrf_log_frontend_std_0) for nrf_log_frontend_std_0
    main.o(i.advertising_start) refers to peer_manager.o(i.pm_peers_delete) for pm_peers_delete
    main.o(i.advertising_start) refers to ble_advertising.o(i.ble_advertising_start) for ble_advertising_start
    main.o(i.advertising_start) refers to app_error.o(i.app_error_handler_bare) for app_error_handler_bare
    main.o(i.advertising_start) refers to nrf_log_frontend.o(log_dynamic_data) for m_nrf_log_app_logs_data_dynamic
    main.o(i.advertising_start) refers to main.o(.bss) for .bss
    main.o(i.assert_nrf_callback) refers to app_error.o(i.app_error_handler) for app_error_handler
    main.o(i.ble_evt_handler) refers to nrf_log_frontend.o(i.nrf_log_frontend_std_0) for nrf_log_frontend_std_0
    main.o(i.ble_evt_handler) refers to bsp.o(i.bsp_indication_set) for bsp_indication_set
    main.o(i.ble_evt_handler) refers to app_error.o(i.app_error_handler_bare) for app_error_handler_bare
    main.o(i.ble_evt_handler) refers to memcpya.o(.text) for __aeabi_memcpy
    main.o(i.ble_evt_handler) refers to nrf_log_frontend.o(log_dynamic_data) for m_nrf_log_app_logs_data_dynamic
    main.o(i.ble_evt_handler) refers to main.o(.data) for .data
    main.o(i.bsp_event_handler) refers to main.o(i.sleep_mode_enter) for sleep_mode_enter
    main.o(i.bsp_event_handler) refers to app_error.o(i.app_error_handler_bare) for app_error_handler_bare
    main.o(i.bsp_event_handler) refers to ble_advertising.o(i.ble_advertising_restart_without_whitelist) for ble_advertising_restart_without_whitelist
    main.o(i.bsp_event_handler) refers to main.o(.data) for .data
    main.o(i.bsp_event_handler) refers to main.o(.bss) for .bss
    main.o(i.conn_params_error_handler) refers to app_error.o(i.app_error_handler_bare) for app_error_handler_bare
    main.o(i.main) refers to nrf_log_frontend.o(i.nrf_log_init) for nrf_log_init
    main.o(i.main) refers to app_error.o(i.app_error_handler_bare) for app_error_handler_bare
    main.o(i.main) refers to nrf_log_default_backends.o(i.nrf_log_default_backends_init) for nrf_log_default_backends_init
    main.o(i.main) refers to app_timer.o(i.app_timer_init) for app_timer_init
    main.o(i.main) refers to bsp.o(i.bsp_init) for bsp_init
    main.o(i.main) refers to bsp_btn_ble.o(i.bsp_btn_ble_init) for bsp_btn_ble_init
    main.o(i.main) refers to nrf_sdh.o(i.nrf_sdh_enable_request) for nrf_sdh_enable_request
    main.o(i.main) refers to nrf_sdh_ble.o(i.nrf_sdh_ble_default_cfg_set) for nrf_sdh_ble_default_cfg_set
    main.o(i.main) refers to nrf_sdh_ble.o(i.nrf_sdh_ble_enable) for nrf_sdh_ble_enable
    main.o(i.main) refers to nrf_ble_gatt.o(i.nrf_ble_gatt_init) for nrf_ble_gatt_init
    main.o(i.main) refers to memseta.o(.text) for __aeabi_memclr4
    main.o(i.main) refers to ble_advertising.o(i.ble_advertising_init) for ble_advertising_init
    main.o(i.main) refers to ble_advertising.o(i.ble_advertising_conn_cfg_tag_set) for ble_advertising_conn_cfg_tag_set
    main.o(i.main) refers to ble_conn_params.o(i.ble_conn_params_init) for ble_conn_params_init
    main.o(i.main) refers to main.o(i.peer_manager_init) for peer_manager_init
    main.o(i.main) refers to nrf_log_frontend.o(i.nrf_log_frontend_std_0) for nrf_log_frontend_std_0
    main.o(i.main) refers to main.o(i.advertising_start) for advertising_start
    main.o(i.main) refers to nrf_log_frontend.o(i.nrf_log_frontend_dequeue) for nrf_log_frontend_dequeue
    main.o(i.main) refers to main.o(i.bsp_event_handler) for bsp_event_handler
    main.o(i.main) refers to main.o(.bss) for .bss
    main.o(i.main) refers to main.o(.data) for .data
    main.o(i.main) refers to main.o(i.on_adv_evt) for on_adv_evt
    main.o(i.main) refers to main.o(i.on_conn_params_evt) for on_conn_params_evt
    main.o(i.main) refers to main.o(i.conn_params_error_handler) for conn_params_error_handler
    main.o(i.main) refers to nrf_log_frontend.o(log_dynamic_data) for m_nrf_log_app_logs_data_dynamic
    main.o(i.on_adv_evt) refers to nrf_log_frontend.o(i.nrf_log_frontend_std_0) for nrf_log_frontend_std_0
    main.o(i.on_adv_evt) refers to bsp.o(i.bsp_indication_set) for bsp_indication_set
    main.o(i.on_adv_evt) refers to app_error.o(i.app_error_handler_bare) for app_error_handler_bare
    main.o(i.on_adv_evt) refers to main.o(i.sleep_mode_enter) for sleep_mode_enter
    main.o(i.on_adv_evt) refers to nrf_log_frontend.o(log_dynamic_data) for m_nrf_log_app_logs_data_dynamic
    main.o(i.on_conn_params_evt) refers to app_error.o(i.app_error_handler_bare) for app_error_handler_bare
    main.o(i.on_conn_params_evt) refers to main.o(.data) for .data
    main.o(i.peer_manager_init) refers to peer_manager.o(i.pm_init) for pm_init
[...]
    bsp_board_leds_on                        0x00024bff   Thumb Code    18  boards.o(i.bsp_board_leds_on)
    bsp_board_pin_to_button_idx              0x00024c11   Thumb Code    30  boards.o(i.bsp_board_pin_to_button_idx)
    bsp_btn_ble_init                         0x00024c35   Thumb Code    52  bsp_btn_ble.o(i.bsp_btn_ble_init)
    bsp_btn_ble_sleep_mode_prepare           0x00024c6d   Thumb Code    30  bsp_btn_ble.o(i.bsp_btn_ble_sleep_mode_prepare)
    bsp_button_is_pressed                    0x00024d1d   Thumb Code     4  bsp.o(i.bsp_button_is_pressed)
    bsp_event_to_button_action_assign        0x00024d6d   Thumb Code    64  bsp.o(i.bsp_event_to_button_action_assign)
    bsp_indication_set                       0x00024db1   Thumb Code    20  bsp.o(i.bsp_indication_set)
    bsp_init                                 0x00024dc9   Thumb Code   126  bsp.o(i.bsp_init)
    bsp_wakeup_button_enable                 0x00025015   Thumb Code    16  bsp.o(i.bsp_wakeup_button_enable)
    buffer_is_empty                          0x0002509d   Thumb Code    16  nrf_log_frontend.o(i.buffer_is_empty)
    fds_file_delete                          0x00025725   Thumb Code    66  fds.o(i.fds_file_delete)
    fds_gc                                   0x0002576d   Thumb Code    54  fds.o(i.fds_gc)
    fds_init                                 0x000257ad   Thumb Code   168  fds.o(i.fds_init)
    fds_record_close                         0x00025861   Thumb Code    54  fds.o(i.fds_record_close)
    fds_record_find                          0x0002589d   Thumb Code    14  fds.o(i.fds_record_find)
    fds_record_find_by_key                   0x000258ab   Thumb Code    16  fds.o(i.fds_record_find_by_key)
    fds_record_find_in_file                  0x000258bb   Thumb Code    16  fds.o(i.fds_record_find_in_file)
    fds_record_id_from_desc                  0x000258cb   Thumb Code    16  fds.o(i.fds_record_id_from_desc)
    fds_record_open                          0x000258dd   Thumb Code    60  fds.o(i.fds_record_open)
    fds_record_update                        0x0002591d   Thumb Code    14  fds.o(i.fds_record_update)
    fds_record_write                         0x0002592b   Thumb Code     8  fds.o(i.fds_record_write)
    fds_record_write_reserved                0x00025933   Thumb Code    12  fds.o(i.fds_record_write_reserved)
    fds_register                             0x00025941   Thumb Code    26  fds.o(i.fds_register)
    fds_reserve                              0x00025965   Thumb Code    46  fds.o(i.fds_reserve)
    fds_reserve_cancel                       0x00025999   Thumb Code    60  fds.o(i.fds_reserve_cancel)
    gcm_ble_evt_handler                      0x00025c71   Thumb Code   232  gatt_cache_manager.o(i.gcm_ble_evt_handler)
    gcm_gscm_evt_handler                     0x00025d5d   Thumb Code   102  gatt_cache_manager.o(i.gcm_gscm_evt_handler)
    gcm_im_evt_handler                       0x00025dc9   Thumb Code    44  gatt_cache_manager.o(i.gcm_im_evt_handler)
    gcm_init                                 0x00025df9   Thumb Code    66  gatt_cache_manager.o(i.gcm_init)
    gcm_local_database_has_changed           0x00025e41   Thumb Code    78  gatt_cache_manager.o(i.gcm_local_database_has_changed)
    gcm_smd_evt_handler                      0x00025e95   Thumb Code    14  gatt_cache_manager.o(i.gcm_smd_evt_handler)
    get_connection_by_conn_handle            0x00025ea5   Thumb Code    48  id_manager.o(i.get_connection_by_conn_handle)
    get_free_connection                      0x00025edd   Thumb Code    40  id_manager.o(i.get_free_connection)
    gscm_db_change_notification_done         0x00025f65   Thumb Code    22  gatts_cache_manager.o(i.gscm_db_change_notification_done)
    gscm_init                                0x00025f81   Thumb Code    16  gatts_cache_manager.o(i.gscm_init)
    gscm_local_database_has_changed          0x00025f95   Thumb Code    22  gatts_cache_manager.o(i.gscm_local_database_has_changed)
    gscm_local_db_cache_apply                0x00025fb1   Thumb Code   106  gatts_cache_manager.o(i.gscm_local_db_cache_apply)
    gscm_local_db_cache_update               0x0002601b   Thumb Code   128  gatts_cache_manager.o(i.gscm_local_db_cache_update)
    gscm_pdb_evt_handler                     0x0002609d   Thumb Code    78  gatts_cache_manager.o(i.gscm_pdb_evt_handler)
    gscm_service_changed_ind_needed          0x000260f1   Thumb Code    26  gatts_cache_manager.o(i.gscm_service_changed_ind_needed)
    gscm_service_changed_ind_send            0x0002610d   Thumb Code    40  gatts_cache_manager.o(i.gscm_service_changed_ind_send)
    im_address_resolve                       0x0002614f   Thumb Code    70  id_manager.o(i.im_address_resolve)
    im_ble_addr_get                          0x00026195   Thumb Code    42  id_manager.o(i.im_ble_addr_get)
    im_ble_evt_handler                       0x000261c5   Thumb Code   174  id_manager.o(i.im_ble_evt_handler)
    im_conn_handle_get                       0x00026275   Thumb Code    40  id_manager.o(i.im_conn_handle_get)
    im_init                                  0x000262a1   Thumb Code    54  id_manager.o(i.im_init)
    im_is_duplicate_bonding_data             0x000262e1   Thumb Code    52  id_manager.o(i.im_is_duplicate_bonding_data)
    im_master_id_is_valid                    0x00026315   Thumb Code    24  id_manager.o(i.im_master_id_is_valid)
    im_master_ids_compare                    0x0002632d   Thumb Code    42  id_manager.o(i.im_master_ids_compare)
    im_new_peer_id                           0x00026357   Thumb Code     4  id_manager.o(i.im_new_peer_id)
    im_pdb_evt_handler                       0x0002635b   Thumb Code   114  id_manager.o(i.im_pdb_evt_handler)
    im_peer_free                             0x000263cd   Thumb Code    38  id_manager.o(i.im_peer_free)
    im_peer_id_get_by_conn_handle            0x000263f5   Thumb Code    28  id_manager.o(i.im_peer_id_get_by_conn_handle)
    im_peer_id_get_by_master_id              0x00026415   Thumb Code    60  id_manager.o(i.im_peer_id_get_by_master_id)
    is_valid_irk                             0x000266c9   Thumb Code    20  id_manager.o(i.is_valid_irk)
    main                                     0x00026d19   Thumb Code   380  main.o(i.main)
    new_connection                           0x0002708d   Thumb Code    80  id_manager.o(i.new_connection)
    next_id_get                              0x000270e5   Thumb Code    48  peer_id.o(i.next_id_get)
    nrf_balloc_alloc                         0x0002712f   Thumb Code    68  nrf_balloc.o(i.nrf_balloc_alloc)
    nrf_balloc_free                          0x00027173   Thumb Code    48  nrf_balloc.o(i.nrf_balloc_free)
    nrf_balloc_init                          0x000271a3   Thumb Code    48  nrf_balloc.o(i.nrf_balloc_init)
    nrf_ble_gatt_init                        0x000271e3   Thumb Code    34  nrf_ble_gatt.o(i.nrf_ble_gatt_init)
    nrf_ble_gatt_on_ble_evt                  0x00027205   Thumb Code   312  nrf_ble_gatt.o(i.nrf_ble_gatt_on_ble_evt)
    nrf_drv_clock_init                       0x000273f9   Thumb Code    64  nrf_drv_clock.o(i.nrf_drv_clock_init)
    nrf_drv_clock_lfclk_release              0x00027441   Thumb Code    40  nrf_drv_clock.o(i.nrf_drv_clock_lfclk_release)
    nrf_drv_common_irq_enable                0x00027483   Thumb Code    56  nrf_drv_common.o(i.nrf_drv_common_irq_enable)
    nrf_drv_gpiote_in_event_enable           0x000274c1   Thumb Code   156  nrf_drv_gpiote.o(i.nrf_drv_gpiote_in_event_enable)
    nrf_drv_gpiote_in_init                   0x00027565   Thumb Code   172  nrf_drv_gpiote.o(i.nrf_drv_gpiote_in_init)
    nrf_drv_gpiote_in_is_set                 0x0002761d   Thumb Code    20  nrf_drv_gpiote.o(i.nrf_drv_gpiote_in_is_set)
    nrf_drv_gpiote_init                      0x00027631   Thumb Code    84  nrf_drv_gpiote.o(i.nrf_drv_gpiote_init)
    nrf_drv_gpiote_is_init                   0x0002768d   Thumb Code    14  nrf_drv_gpiote.o(i.nrf_drv_gpiote_is_init)
    nrf_drv_uart_init                        0x000276b1   Thumb Code    98  nrf_drv_uart.o(i.nrf_drv_uart_init)
    nrf_drv_uart_tx                          0x00027719   Thumb Code   262  nrf_drv_uart.o(i.nrf_drv_uart_tx)
    nrf_drv_uart_tx_in_progress              0x00027825   Thumb Code    18  nrf_drv_uart.o(i.nrf_drv_uart_tx_in_progress)
    nrf_drv_uart_uninit                      0x0002783d   Thumb Code    74  nrf_drv_uart.o(i.nrf_drv_uart_uninit)
    nrf_fprintf                              0x00027891   Thumb Code    26  nrf_fprintf.o(i.nrf_fprintf)
    nrf_fprintf_buffer_flush                 0x000278ab   Thumb Code    24  nrf_fprintf.o(i.nrf_fprintf_buffer_flush)
    nrf_fprintf_fmt                          0x000278c3   Thumb Code   474  nrf_fprintf_format.o(i.nrf_fprintf_fmt)
    nrf_fstorage_erase                       0x00027a9d   Thumb Code    78  nrf_fstorage.o(i.nrf_fstorage_erase)
    nrf_fstorage_init                        0x00027aeb   Thumb Code    16  nrf_fstorage.o(i.nrf_fstorage_init)
    nrf_fstorage_is_busy                     0x00027afd   Thumb Code    70  nrf_fstorage.o(i.nrf_fstorage_is_busy)
    nrf_fstorage_sdh_req_handler             0x00027b4d   Thumb Code    28  nrf_fstorage_sd.o(i.nrf_fstorage_sdh_req_handler)
    nrf_fstorage_sdh_state_handler           0x00027b6d   Thumb Code    28  nrf_fstorage_sd.o(i.nrf_fstorage_sdh_state_handler)
    nrf_fstorage_sys_evt_handler             0x00027b8d   Thumb Code   176  nrf_fstorage_sd.o(i.nrf_fstorage_sys_evt_handler)
    nrf_fstorage_write                       0x00027c45   Thumb Code   102  nrf_fstorage.o(i.nrf_fstorage_write)
    nrf_log_backend_add                      0x00027df5   Thumb Code   100  nrf_log_frontend.o(i.nrf_log_backend_add)
    nrf_log_backend_serial_put               0x00027e5d   Thumb Code   210  nrf_log_backend_serial.o(i.nrf_log_backend_serial_put)
    nrf_log_backend_uart_init                0x00027f31   Thumb Code     6  nrf_log_backend_uart.o(i.nrf_log_backend_uart_init)
    nrf_log_color_id_get                     0x00027f69   Thumb Code    34  nrf_log_frontend.o(i.nrf_log_color_id_get)
    nrf_log_default_backends_init            0x00027f91   Thumb Code    22  nrf_log_default_backends.o(i.nrf_log_default_backends_init)
    nrf_log_frontend_dequeue                 0x00027fad   Thumb Code   414  nrf_log_frontend.o(i.nrf_log_frontend_dequeue)
    nrf_log_frontend_std_0                   0x00028159   Thumb Code     8  nrf_log_frontend.o(i.nrf_log_frontend_std_0)
    nrf_log_frontend_std_1                   0x00028161   Thumb Code    14  nrf_log_frontend.o(i.nrf_log_frontend_std_1)
    nrf_log_frontend_std_2                   0x0002816f   Thumb Code    16  nrf_log_frontend.o(i.nrf_log_frontend_std_2)
    nrf_log_frontend_std_3                   0x0002817f   Thumb Code    18  nrf_log_frontend.o(i.nrf_log_frontend_std_3)
    nrf_log_hexdump_entry_process            0x00028191   Thumb Code   146  nrf_log_str_formatter.o(i.nrf_log_hexdump_entry_process)
    nrf_log_init                             0x0002823d   Thumb Code    70  nrf_log_frontend.o(i.nrf_log_init)
    nrf_log_module_cnt_get                   0x00028299   Thumb Code    10  nrf_log_frontend.o(i.nrf_log_module_cnt_get)
    nrf_log_module_filter_get                0x000282ad   Thumb Code    32  nrf_log_frontend.o(i.nrf_log_module_filter_get)
    nrf_log_module_name_get                  0x000282d1   Thumb Code    24  nrf_log_frontend.o(i.nrf_log_module_name_get)
    nrf_log_panic                            0x000282ed   Thumb Code    34  nrf_log_frontend.o(i.nrf_log_panic)
    nrf_log_std_entry_process                0x00028315   Thumb Code   182  nrf_log_str_formatter.o(i.nrf_log_std_entry_process)
    nrf_memobj_alloc                         0x000283cb   Thumb Code    96  nrf_memobj.o(i.nrf_memobj_alloc)
    nrf_memobj_free                          0x0002842b   Thumb Code    50  nrf_memobj.o(i.nrf_memobj_free)
    nrf_memobj_get                           0x0002845d   Thumb Code    14  nrf_memobj.o(i.nrf_memobj_get)
    nrf_memobj_pool_init                     0x0002846b   Thumb Code     4  nrf_memobj.o(i.nrf_memobj_pool_init)
    nrf_memobj_put                           0x0002846f   Thumb Code    34  nrf_memobj.o(i.nrf_memobj_put)
    nrf_memobj_read                          0x00028491   Thumb Code    12  nrf_memobj.o(i.nrf_memobj_read)
    nrf_memobj_write                         0x0002849d   Thumb Code    12  nrf_memobj.o(i.nrf_memobj_write)
    nrf_sdh_ble_app_ram_start_get            0x000284a9   Thumb Code    16  nrf_sdh_ble.o(i.nrf_sdh_ble_app_ram_start_get)
    nrf_sdh_ble_default_cfg_set              0x000284bd   Thumb Code   246  nrf_sdh_ble.o(i.nrf_sdh_ble_default_cfg_set)
    nrf_sdh_ble_enable                       0x000285d1   Thumb Code    92  nrf_sdh_ble.o(i.nrf_sdh_ble_enable)
    nrf_sdh_disable_request                  0x000286f1   Thumb Code    60  nrf_sdh.o(i.nrf_sdh_disable_request)
    nrf_sdh_enable_request                   0x00028731   Thumb Code    74  nrf_sdh.o(i.nrf_sdh_enable_request)
    nrf_sdh_evts_poll                        0x00028789   Thumb Code    32  nrf_sdh.o(i.nrf_sdh_evts_poll)
    nrf_sdh_is_enabled                       0x000287ad   Thumb Code     6  nrf_sdh.o(i.nrf_sdh_is_enabled)
    nrf_sdh_request_continue                 0x000287b9   Thumb Code    22  nrf_sdh.o(i.nrf_sdh_request_continue)
    nrf_section_iter_init                    0x00028811   Thumb Code    10  nrf_section_iter.o(i.nrf_section_iter_init)
    nrf_section_iter_next                    0x0002883f   Thumb Code    32  nrf_section_iter.o(i.nrf_section_iter_next)
    nrf_strerror_find                        0x00028861   Thumb Code    52  nrf_strerror.o(i.nrf_strerror_find)
    nrf_strerror_get                         0x00028899   Thumb Code    14  nrf_strerror.o(i.nrf_strerror_get)
    pdb_init                                 0x00028d05   Thumb Code    66  peer_database.o(i.pdb_init)
    pdb_next_deleted_peer_id_get             0x00028d55   Thumb Code     4  peer_database.o(i.pdb_next_deleted_peer_id_get)
    pdb_next_peer_id_get                     0x00028d59   Thumb Code     4  peer_database.o(i.pdb_next_peer_id_get)
    pdb_pds_evt_handler                      0x00028d5d   Thumb Code   294  peer_database.o(i.pdb_pds_evt_handler)
    pdb_peer_allocate                        0x00028e8d   Thumb Code     4  peer_database.o(i.pdb_peer_allocate)
    pdb_peer_data_ptr_get                    0x00028e91   Thumb Code     6  peer_database.o(i.pdb_peer_data_ptr_get)
    pdb_peer_free                            0x00028e97   Thumb Code    68  peer_database.o(i.pdb_peer_free)
    pdb_raw_store                            0x00028edb   Thumb Code     8  peer_database.o(i.pdb_raw_store)
    pdb_write_buf_get                        0x00028ee5   Thumb Code   260  peer_database.o(i.pdb_write_buf_get)
    pdb_write_buf_release                    0x00028fed   Thumb Code    40  peer_database.o(i.pdb_write_buf_release)
    pdb_write_buf_store                      0x00029015   Thumb Code   188  peer_database.o(i.pdb_write_buf_store)
    pdb_write_buf_store_prepare              0x000290d9   Thumb Code    98  peer_database.o(i.pdb_write_buf_store_prepare)
    pds_init                                 0x0002914d   Thumb Code    98  peer_data_storage.o(i.pds_init)
    pds_next_deleted_peer_id_get             0x000291b9   Thumb Code     4  peer_data_storage.o(i.pds_next_deleted_peer_id_get)
    pds_next_peer_id_get                     0x000291bd   Thumb Code     4  peer_data_storage.o(i.pds_next_peer_id_get)
    pds_peer_data_iterate                    0x000291c1   Thumb Code    74  peer_data_storage.o(i.pds_peer_data_iterate)
    pds_peer_data_iterate_prepare            0x00029211   Thumb Code    10  peer_data_storage.o(i.pds_peer_data_iterate_prepare)
    pds_peer_data_read                       0x00029221   Thumb Code   104  peer_data_storage.o(i.pds_peer_data_read)
    pds_peer_data_store                      0x00029289   Thumb Code   150  peer_data_storage.o(i.pds_peer_data_store)
    pds_peer_id_allocate                     0x0002931f   Thumb Code     8  peer_data_storage.o(i.pds_peer_id_allocate)
    pds_peer_id_free                         0x00029327   Thumb Code    22  peer_data_storage.o(i.pds_peer_id_free)
    pds_peer_id_is_allocated                 0x0002933d   Thumb Code     4  peer_data_storage.o(i.pds_peer_id_is_allocated)
    pds_space_reserve                        0x00029341   Thumb Code    46  peer_data_storage.o(i.pds_space_reserve)
    pds_space_reserve_cancel                 0x0002936f   Thumb Code    16  peer_data_storage.o(i.pds_space_reserve_cancel)
    peer_id_allocate                         0x00029471   Thumb Code     6  peer_id.o(i.peer_id_allocate)
    peer_id_delete                           0x0002947d   Thumb Code    32  peer_id.o(i.peer_id_delete)
    peer_id_free                             0x000294a1   Thumb Code    24  peer_id.o(i.peer_id_free)
    peer_id_get_next_deleted                 0x000294bd   Thumb Code     6  peer_id.o(i.peer_id_get_next_deleted)
    peer_id_get_next_used                    0x000294c9   Thumb Code    42  peer_id.o(i.peer_id_get_next_used)
    peer_id_init                             0x000294f9   Thumb Code    36  peer_id.o(i.peer_id_init)
    peer_id_is_allocated                     0x00029521   Thumb Code    16  peer_id.o(i.peer_id_is_allocated)
    peer_id_is_deleted                       0x00029535   Thumb Code    16  peer_id.o(i.peer_id_is_deleted)
    pm_buffer_block_acquire                  0x00029679   Thumb Code    92  pm_buffer.o(i.pm_buffer_block_acquire)
    pm_buffer_init                           0x000296d5   Thumb Code    64  pm_buffer.o(i.pm_buffer_init)
    pm_buffer_ptr_get                        0x00029715   Thumb Code    40  pm_buffer.o(i.pm_buffer_ptr_get)
    pm_buffer_release                        0x0002973d   Thumb Code    46  pm_buffer.o(i.pm_buffer_release)
    pm_conn_sec_config_reply                 0x0002976b   Thumb Code     4  peer_manager.o(i.pm_conn_sec_config_reply)
    pm_gcm_evt_handler                       0x00029871   Thumb Code   136  peer_manager.o(i.pm_gcm_evt_handler)
    pm_im_evt_handler                        0x000298f9   Thumb Code    74  peer_manager.o(i.pm_im_evt_handler)
    pm_init                                  0x00029949   Thumb Code    96  peer_manager.o(i.pm_init)
    pm_local_database_has_changed            0x000299ad   Thumb Code    14  peer_manager.o(i.pm_local_database_has_changed)
    pm_mutex_init                            0x000299c1   Thumb Code    14  pm_mutex.o(i.pm_mutex_init)
    pm_mutex_lock                            0x000299cf   Thumb Code    26  pm_mutex.o(i.pm_mutex_lock)
    pm_mutex_lock_first_available            0x000299e9   Thumb Code    54  pm_mutex.o(i.pm_mutex_lock_first_available)
    pm_mutex_lock_status_get                 0x00029a1f   Thumb Code    24  pm_mutex.o(i.pm_mutex_lock_status_get)
    pm_mutex_unlock                          0x00029a37   Thumb Code    58  pm_mutex.o(i.pm_mutex_unlock)
    pm_pdb_evt_handler                       0x00029a71   Thumb Code   338  peer_manager.o(i.pm_pdb_evt_handler)
    pm_peer_delete                           0x00029bc9   Thumb Code    14  peer_manager.o(i.pm_peer_delete)
    pm_peers_delete                          0x00029bdd   Thumb Code    98  peer_manager.o(i.pm_peers_delete)
    pm_register                              0x00029c45   Thumb Code    34  peer_manager.o(i.pm_register)
    pm_sec_params_set                        0x00029c71   Thumb Code    14  peer_manager.o(i.pm_sec_params_set)
    pm_sm_evt_handler                        0x00029c85   Thumb Code   346  peer_manager.o(i.pm_sm_evt_handler)
    sdk_mapped_flags_bulk_update_by_key      0x0002a3d5   Thumb Code    68  sdk_mapped_flags.o(i.sdk_mapped_flags_bulk_update_by_key)
    sdk_mapped_flags_first_key_index_get     0x0002a419   Thumb Code    34  sdk_mapped_flags.o(i.sdk_mapped_flags_first_key_index_get)
    sdk_mapped_flags_get_by_key              0x0002a44b   Thumb Code    38  sdk_mapped_flags.o(i.sdk_mapped_flags_get_by_key)
    sdk_mapped_flags_key_list_get            0x0002a471   Thumb Code    74  sdk_mapped_flags.o(i.sdk_mapped_flags_key_list_get)
    sdk_mapped_flags_update_by_key           0x0002a4bb   Thumb Code    14  sdk_mapped_flags.o(i.sdk_mapped_flags_update_by_key)
    sm_ble_evt_handler                       0x0002a87d   Thumb Code    18  security_manager.o(i.sm_ble_evt_handler)
    sm_conn_sec_config_reply                 0x0002a895   Thumb Code    18  security_manager.o(i.sm_conn_sec_config_reply)
    sm_init                                  0x0002a8ad   Thumb Code    76  security_manager.o(i.sm_init)
    sm_pdb_evt_handler                       0x0002a8fd   Thumb Code    52  security_manager.o(i.sm_pdb_evt_handler)
    sm_sec_params_set                        0x0002a935   Thumb Code    38  security_manager.o(i.sm_sec_params_set)
    sm_smd_evt_handler                       0x0002a961   Thumb Code   116  security_manager.o(i.sm_smd_evt_handler)
    smd_ble_evt_handler                      0x0002a9d9   Thumb Code   226  security_dispatcher.o(i.smd_ble_evt_handler)
    smd_init                                 0x0002aac5   Thumb Code    56  security_dispatcher.o(i.smd_init)
    smd_link_secure                          0x0002ab01   Thumb Code    48  security_dispatcher.o(i.smd_link_secure)
    smd_params_reply                         0x0002ab31   Thumb Code   276  security_dispatcher.o(i.smd_params_reply)
    smd_pdb_evt_handler                      0x0002acd1   Thumb Code    48  security_dispatcher.o(i.smd_pdb_evt_handler)
    nrf_fstorage_sd                          0x0002b8a4   Data          24  nrf_fstorage_sd.o(.constdata)
    nrf_log_backend_uart_api                 0x0002b9c0   Data          12  nrf_log_backend_uart.o(.constdata)
    m_ram_start                              0x0002ba74   Data           4  nrf_sdh_ble.o(.constdata)
    __ctype_table                            0x0002baa4   Data         129  ctype_o.o(.constdata)
    Region$$Table$$Base                      0x0002c1b0   Number         0  anon$$obj.o(Region$$Table)
    Region$$Table$$Limit                     0x0002c1d0   Number         0  anon$$obj.o(Region$$Table)
    log_const_data$$Base                     0x0002c1d0   Number         0  nrf_ble_gatt.o(log_const_data)
    m_nrf_log_ble_gatt_logs_data_const       0x0002c1d0   Data           8  nrf_ble_gatt.o(log_const_data)
    m_nrf_log_clock_logs_data_const          0x0002c1d8   Data           8  nrf_drv_clock.o(log_const_data)
    m_nrf_log_gpiote_logs_data_const         0x0002c1e0   Data           8  nrf_drv_gpiote.o(log_const_data)
    m_nrf_log_uart_logs_data_const           0x0002c1e8   Data           8  nrf_drv_uart.o(log_const_data)
    m_nrf_log_balloc_logs_data_const         0x0002c1f0   Data           8  nrf_balloc.o(log_const_data)
    m_nrf_log_pwr_mgmt_logs_data_const       0x0002c1f8   Data           8  nrf_pwr_mgmt.o(log_const_data)
    m_nrf_log_app_logs_data_const            0x0002c200   Data           8  nrf_log_frontend.o(log_const_data)
    m_nrf_log_nrf_sdh_logs_data_const        0x0002c208   Data           8  nrf_sdh.o(log_const_data)
    m_nrf_log_nrf_sdh_ble_logs_data_const    0x0002c210   Data           8  nrf_sdh_ble.o(log_const_data)
    m_nrf_log_nrf_sdh_soc_logs_data_const    0x0002c218   Data           8  nrf_sdh_soc.o(log_const_data)
    log_const_data$$Limit                    0x0002c220   Number         0  nrf_sdh_soc.o(log_const_data)
    sdh_ble_observers0$$Base                 0x0002c220   Number         0  ble_conn_state.o(sdh_ble_observers0)
    sdh_ble_observers0$$Limit                0x0002c228   Number         0  ble_conn_state.o(sdh_ble_observers0)
    sdh_ble_observers1$$Base                 0x0002c228   Number         0  main.o(sdh_ble_observers1)
    sdh_ble_observers1$$Limit                0x0002c238   Number         0  bsp_btn_ble.o(sdh_ble_observers1)
    sdh_ble_observers2$$Base                 0x0002c238   Number         0  main.o(sdh_ble_observers2)
    m_req_obs                                0x0002c258   Data           8  nrf_fstorage_sd.o(sdh_req_observers0)
    sdh_ble_observers2$$Limit                0x0002c258   Number         0  peer_manager.o(sdh_ble_observers2)
    sdh_req_observers0$$Base                 0x0002c258   Number         0  nrf_fstorage_sd.o(sdh_req_observers0)
    sdh_req_observers0$$Limit                0x0002c260   Number         0  nrf_fstorage_sd.o(sdh_req_observers0)
    sdh_soc_observers0$$Base                 0x0002c260   Number         0  nrf_drv_clock.o(sdh_soc_observers0)
    sdh_soc_observers0$$Limit                0x0002c270   Number         0  nrf_fstorage_sd.o(sdh_soc_observers0)
    sdh_soc_observers1$$Base                 0x0002c270   Number         0  main.o(sdh_soc_observers1)
    sdh_soc_observers1$$Limit                0x0002c278   Number         0  main.o(sdh_soc_observers1)
    sdh_stack_observers0$$Base               0x0002c278   Number         0  nrf_sdh_ble.o(sdh_stack_observers0)
    sdh_stack_observers0$$Limit              0x0002c288   Number         0  nrf_sdh_soc.o(sdh_stack_observers0)
    sdh_state_observers0$$Base               0x0002c288   Number         0  nrf_drv_clock.o(sdh_state_observers0)
    sdh_state_observers0$$Limit              0x0002c298   Number         0  nrf_fstorage_sd.o(sdh_state_observers0)
    Image$$RW_IRAM1$$Base                    0x200020e0   Number         0  anon$$obj.o ABSOLUTE
    m_uart                                   0x200021b0   Data           8  nrf_log_backend_uart.o(.data)
    SystemCoreClock                          0x20002210   Data           4  system_nrf52.o(.data)
    fs_data$$Base                            0x20002214   Number         0  fds.o(fs_data)
    m_fs                                     0x20002214   Data          20  fds.o(fs_data)
    fs_data$$Limit                           0x20002228   Number         0  fds.o(fs_data)
    log_dynamic_data$$Base                   0x20002228   Number         0  nrf_ble_gatt.o(log_dynamic_data)
    m_nrf_log_ble_gatt_logs_data_dynamic     0x20002228   Data          12  nrf_ble_gatt.o(log_dynamic_data)
    m_nrf_log_clock_logs_data_dynamic        0x20002234   Data          12  nrf_drv_clock.o(log_dynamic_data)
    m_nrf_log_gpiote_logs_data_dynamic       0x20002240   Data          12  nrf_drv_gpiote.o(log_dynamic_data)
    m_nrf_log_uart_logs_data_dynamic         0x2000224c   Data          12  nrf_drv_uart.o(log_dynamic_data)
    m_nrf_log_balloc_logs_data_dynamic       0x20002258   Data          12  nrf_balloc.o(log_dynamic_data)
    m_nrf_log_pwr_mgmt_logs_data_dynamic     0x20002264   Data          12  nrf_pwr_mgmt.o(log_dynamic_data)
    m_nrf_log_app_logs_data_dynamic          0x20002270   Data          12  nrf_log_frontend.o(log_dynamic_data)
    m_nrf_log_nrf_sdh_logs_data_dynamic      0x2000227c   Data          12  nrf_sdh.o(log_dynamic_data)
    m_nrf_log_nrf_sdh_ble_logs_data_dynamic  0x20002288   Data          12  nrf_sdh_ble.o(log_dynamic_data)
    m_nrf_log_nrf_sdh_soc_logs_data_dynamic  0x20002294   Data          12  nrf_sdh_soc.o(log_dynamic_data)
    nrf_nvic_state                           0x20002b74   Data          12  app_util_platform.o(.bss)
    __initial_sp                             0x200051e0   Data           0  arm_startup_nrf52.o(STACK)



==============================================================================

Memory Map of the image

  Image Entry point : 0x00023201

  Load Region LR_IROM1 (Base: 0x00023000, Size: 0x00009458, Max: 0x0005d000, ABSOLUTE, COMPRESSED[0x000092f0])

    Execution Region ER_IROM1 (Exec base: 0x00023000, Load base: 0x00023000, Size: 0x00009298, Max: 0x0005d000, ABSOLUTE)

    Exec Addr    Load Addr    Size         Type   Attr      Idx    E Section Name        Object

    0x00023000   0x00023000   0x00000200   Data   RO         5618    RESET               arm_startup_nrf52.o
    0x00023200   0x00023200   0x00000000   Code   RO         5659  * .ARM.Collect$$$$00000000  mc_w.l(entry.o)
    0x00023200   0x00023200   0x00000004   Code   RO         5704    .ARM.Collect$$$$00000001  mc_w.l(entry2.o)
    0x00023204   0x00023204   0x00000004   Code   RO         5707    .ARM.Collect$$$$00000004  mc_w.l(entry5.o)
    0x00023208   0x00023208   0x00000000   Code   RO         5709    .ARM.Collect$$$$00000008  mc_w.l(entry7b.o)
    0x00023208   0x00023208   0x00000000   Code   RO         5711    .ARM.Collect$$$$0000000A  mc_w.l(entry8b.o)
    0x00023208   0x00023208   0x00000008   Code   RO         5712    .ARM.Collect$$$$0000000B  mc_w.l(entry9a.o)
    0x00023210   0x00023210   0x00000000   Code   RO         5714    .ARM.Collect$$$$0000000D  mc_w.l(entry10a.o)
    0x00023210   0x00023210   0x00000000   Code   RO         5716    .ARM.Collect$$$$0000000F  mc_w.l(entry11a.o)
    0x00023210   0x00023210   0x00000004   Code   RO         5705    .ARM.Collect$$$$00002712  mc_w.l(entry2.o)
    0x00023214   0x00023214   0x0000009a   Code   RO         4402    .emb_text           nrf_memobj.o
    0x000232ae   0x000232ae   0x00000002   PAD
    0x000232b0   0x000232b0   0x0000009a   Code   RO         4935    .emb_text           nrf_log_frontend.o
    0x0002334a   0x0002334a   0x00000002   PAD
    0x0002334c   0x0002334c   0x00000024   Code   RO         5619    .text               arm_startup_nrf52.o
    0x00023370   0x00023370   0x00000062   Code   RO         5662    .text               mc_w.l(uldiv.o)
    0x000233d2   0x000233d2   0x00000002   PAD
    0x000233d4   0x000233d4   0x00000008   Code   RO         5664    .text               mc_w.l(ctype_o.o)
    0x000233dc   0x000233dc   0x00000024   Code   RO         5692    .text               mc_w.l(memcpya.o)
    0x00023400   0x00023400   0x00000024   Code   RO         5694    .text               mc_w.l(memseta.o)
    0x00023424   0x00023424   0x0000000e   Code   RO         5696    .text               mc_w.l(strlen.o)
    0x00023432   0x00023432   0x0000001a   Code   RO         5698    .text               mc_w.l(memcmp.o)
    0x0002344c   0x0002344c   0x0000001e   Code   RO         5718    .text               mc_w.l(llshl.o)
    0x0002346a   0x0002346a   0x00000020   Code   RO         5720    .text               mc_w.l(llushr.o)
    0x0002348a   0x0002348a   0x00000002   PAD
    0x0002348c   0x0002348c   0x00000024   Code   RO         5722    .text               mc_w.l(init.o)
    0x000234b0   0x000234b0   0x00000056   Code   RO         5732    .text               mc_w.l(__dczerorl2.o)
    0x00023506   0x00023506   0x00000002   PAD
    0x00023508   0x00023508   0x00000174   Code   RO         2777    i.GPIOTE_IRQHandler  nrf_drv_gpiote.o
    0x0002367c   0x0002367c   0x00000016   Code   RO         3445    i.NVIC_ClearPendingIRQ  app_timer.o
    0x00023692   0x00023692   0x00000016   Code   RO         3446    i.NVIC_EnableIRQ    app_timer.o
    0x000236a8   0x000236a8   0x00000016   Code   RO         3447    i.NVIC_SetPendingIRQ  app_timer.o
    0x000236be   0x000236be   0x00000020   Code   RO         3448    i.NVIC_SetPriority  app_timer.o
    0x000236de   0x000236de   0x00000002   PAD
    0x000236e0   0x000236e0   0x00000058   Code   RO         2571    i.POWER_CLOCK_IRQHandler  nrf_drv_clock.o
    0x00023738   0x00023738   0x00000024   Code   RO         3449    i.RTC1_IRQHandler   app_timer.o
    0x0002375c   0x0002375c   0x00000004   Code   RO         3450    i.SWI0_EGU0_IRQHandler  app_timer.o
    0x00023760   0x00023760   0x00000004   Code   RO         5410    i.SWI2_EGU2_IRQHandler  nrf_sdh.o
    0x00023764   0x00023764   0x000002fc   Code   RO         5627    i.SystemInit        system_nrf52.o
    0x00023a60   0x00023a60   0x0000001c   Code   RO         3024    i.UARTE0_UART0_IRQHandler  nrf_drv_uart.o
    0x00023a7c   0x00023a7c   0x0000000e   Code   RO         5726    i.__scatterload_copy  mc_w.l(handlers.o)
    0x00023a8a   0x00023a8a   0x00000002   Code   RO         5727    i.__scatterload_null  mc_w.l(handlers.o)
    0x00023a8c   0x00023a8c   0x0000000e   Code   RO         5728    i.__scatterload_zeroinit  mc_w.l(handlers.o)
    0x00023a9a   0x00023a9a   0x00000002   PAD
    0x00023a9c   0x00023a9c   0x00000024   Code   RO         5411    i.__sd_nvic_app_accessible_irq  nrf_sdh.o
    0x00023ac0   0x00023ac0   0x00000026   Code   RO         1281    i.addr_compare      id_manager.o
    0x00023ae6   0x00023ae6   0x0000000c   Code   RO         4248    i.addr_is_aligned32  nrf_fstorage.o
    0x00023af2   0x00023af2   0x00000018   Code   RO         4249    i.addr_within_bounds  nrf_fstorage.o
    0x00023b0a   0x00023b0a   0x00000036   Code   RO          573    i.advertising_buttons_configure  bsp_btn_ble.o
    0x00023b40   0x00023b40   0x00000048   Code   RO            4    i.advertising_start  main.o
    0x00023b88   0x00023b88   0x00000052   Code   RO         1282    i.ah                id_manager.o
    0x00023bda   0x00023bda   0x00000006   Code   RO          453    i.alert_timer_handler  bsp.o
    0x00023be0   0x00023be0   0x00000024   Code   RO         3256    i.app_button_enable  app_button.o
    0x00023c04   0x00023c04   0x00000070   Code   RO         3257    i.app_button_init   app_button.o
    0x00023c74   0x00023c74   0x00000078   Code   RO         3357    i.app_error_fault_handler  app_error_weak.o
    0x00023cec   0x00023cec   0x00000016   Code   RO         3318    i.app_error_handler_bare  app_error.o
    0x00023d02   0x00023d02   0x00000002   PAD
    0x00023d04   0x00023d04   0x00000024   Code   RO         3453    i.app_timer_create  app_timer.o
    0x00023d28   0x00023d28   0x00000054   Code   RO         3454    i.app_timer_init    app_timer.o
    0x00023d7c   0x00023d7c   0x00000088   Code   RO         3457    i.app_timer_start   app_timer.o
    0x00023e04   0x00023e04   0x00000020   Code   RO         3458    i.app_timer_stop    app_timer.o
    0x00023e24   0x00023e24   0x00000048   Code   RO         3614    i.app_util_critical_region_enter  app_util_platform.o
    0x00023e6c   0x00023e6c   0x00000034   Code   RO         3615    i.app_util_critical_region_exit  app_util_platform.o
    0x00023ea0   0x00023ea0   0x000000b8   Code   RO         3025    i.apply_config      nrf_drv_uart.o
    0x00023f58   0x00023f58   0x000000a0   Code   RO         2330    i.auth_status_success_process  security_dispatcher.o
    0x00023ff8   0x00023ff8   0x00000182   Code   RO          658    i.ble_advdata_encode  ble_advdata.o
    0x0002417a   0x0002417a   0x00000068   Code   RO          659    i.ble_advdata_set   ble_advdata.o
    0x000241e2   0x000241e2   0x00000006   Code   RO          735    i.ble_advertising_conn_cfg_tag_set  ble_advertising.o
    0x000241e8   0x000241e8   0x00000136   Code   RO          736    i.ble_advertising_init  ble_advertising.o
    0x0002431e   0x0002431e   0x00000068   Code   RO          738    i.ble_advertising_on_ble_evt  ble_advertising.o
    0x00024386   0x00024386   0x00000032   Code   RO          739    i.ble_advertising_on_sys_evt  ble_advertising.o
    0x000243b8   0x000243b8   0x0000003c   Code   RO          741    i.ble_advertising_restart_without_whitelist  ble_advertising.o
    0x000243f4   0x000243f4   0x000001ca   Code   RO          742    i.ble_advertising_start  ble_advertising.o
    0x000245be   0x000245be   0x00000002   PAD
    0x000245c0   0x000245c0   0x00000068   Code   RO          814    i.ble_conn_params_init  ble_conn_params.o
    0x00024628   0x00024628   0x00000010   Code   RO          885    i.ble_conn_state_conn_handles  ble_conn_state.o
    0x00024638   0x00024638   0x00000010   Code   RO          887    i.ble_conn_state_encrypted  ble_conn_state.o
    0x00024648   0x00024648   0x00000010   Code   RO          889    i.ble_conn_state_mitm_protected  ble_conn_state.o
    0x00024658   0x00024658   0x00000030   Code   RO          894    i.ble_conn_state_role  ble_conn_state.o
    0x00024688   0x00024688   0x0000002c   Code   RO          896    i.ble_conn_state_user_flag_acquire  ble_conn_state.o
    0x000246b4   0x000246b4   0x0000001c   Code   RO          897    i.ble_conn_state_user_flag_collection  ble_conn_state.o
    0x000246d0   0x000246d0   0x0000002c   Code   RO          898    i.ble_conn_state_user_flag_get  ble_conn_state.o
    0x000246fc   0x000246fc   0x00000030   Code   RO          899    i.ble_conn_state_user_flag_set  ble_conn_state.o
    0x0002472c   0x0002472c   0x00000060   Code   RO          660    i.ble_device_addr_encode  ble_advdata.o
    0x0002478c   0x0002478c   0x000000fc   Code   RO            6    i.ble_evt_handler   main.o
    0x00024888   0x00024888   0x00000070   Code   RO          574    i.ble_evt_handler   bsp_btn_ble.o
    0x000248f8   0x000248f8   0x000000fc   Code   RO          816    i.ble_evt_handler   ble_conn_params.o
    0x000249f4   0x000249f4   0x0000010c   Code   RO          901    i.ble_evt_handler   ble_conn_state.o
    0x00024b00   0x00024b00   0x00000028   Code   RO         1968    i.ble_evt_handler   peer_manager.o
    0x00024b28   0x00024b28   0x00000008   Code   RO         1037    i.ble_srv_is_notification_enabled  ble_srv_common.o
    0x00024b30   0x00024b30   0x0000000c   Code   RO          337    i.bsp_board_button_idx_to_pin  boards.o
    0x00024b3c   0x00024b3c   0x00000020   Code   RO          338    i.bsp_board_button_state_get  boards.o
    0x00024b5c   0x00024b5c   0x00000024   Code   RO          341    i.bsp_board_led_invert  boards.o
    0x00024b80   0x00024b80   0x00000010   Code   RO          342    i.bsp_board_led_off  boards.o
    0x00024b90   0x00024b90   0x00000010   Code   RO          343    i.bsp_board_led_on  boards.o
    0x00024ba0   0x00024ba0   0x00000020   Code   RO          344    i.bsp_board_led_state_get  boards.o
    0x00024bc0   0x00024bc0   0x0000002c   Code   RO          345    i.bsp_board_leds_init  boards.o
    0x00024bec   0x00024bec   0x00000012   Code   RO          346    i.bsp_board_leds_off  boards.o
    0x00024bfe   0x00024bfe   0x00000012   Code   RO          347    i.bsp_board_leds_on  boards.o
    0x00024c10   0x00024c10   0x00000024   Code   RO          348    i.bsp_board_pin_to_button_idx  boards.o
    0x00024c34   0x00024c34   0x00000038   Code   RO          575    i.bsp_btn_ble_init  bsp_btn_ble.o
    0x00024c6c   0x00024c6c   0x0000001e   Code   RO          576    i.bsp_btn_ble_sleep_mode_prepare  bsp_btn_ble.o
    0x00024c8a   0x00024c8a   0x00000002   PAD
    0x00024c8c   0x00024c8c   0x00000090   Code   RO          454    i.bsp_button_event_handler  bsp.o
    0x00024d1c   0x00024d1c   0x00000004   Code   RO          455    i.bsp_button_is_pressed  bsp.o
    0x00024d20   0x00024d20   0x0000004c   Code   RO            7    i.bsp_event_handler  main.o
    0x00024d6c   0x00024d6c   0x00000044   Code   RO          458    i.bsp_event_to_button_action_assign  bsp.o
    0x00024db0   0x00024db0   0x00000018   Code   RO          459    i.bsp_indication_set  bsp.o
    0x00024dc8   0x00024dc8   0x00000094   Code   RO          460    i.bsp_init          bsp.o
    0x00024e5c   0x00024e5c   0x000001b8   Code   RO          461    i.bsp_led_indication  bsp.o
    0x00025014   0x00025014   0x00000010   Code   RO          463    i.bsp_wakeup_button_enable  bsp.o
    0x00025024   0x00025024   0x00000058   Code   RO         4936    i.buf_prealloc      nrf_log_frontend.o
    0x0002507c   0x0002507c   0x0000001e   Code   RO         4211    i.buffer_add        nrf_fprintf_format.o
    0x0002509a   0x0002509a   0x00000002   PAD
    0x0002509c   0x0002509c   0x00000014   Code   RO         4937    i.buffer_is_empty   nrf_log_frontend.o
    0x000250b0   0x000250b0   0x00000008   Code   RO          464    i.button_timer_handler  bsp.o
    0x000250b8   0x000250b8   0x0000001c   Code   RO         2778    i.channel_free      nrf_drv_gpiote.o
    0x000250d4   0x000250d4   0x00000048   Code   RO         2779    i.channel_port_alloc  nrf_drv_gpiote.o
    0x0002511c   0x0002511c   0x00000010   Code   RO         2780    i.channel_port_get  nrf_drv_gpiote.o
    0x0002512c   0x0002512c   0x00000038   Code   RO         1878    i.claim             peer_id.o
    0x00025164   0x00025164   0x00000028   Code   RO         2572    i.clock_clk_started_notify  nrf_drv_clock.o
    0x0002518c   0x0002518c   0x000000ac   Code   RO         3460    i.compare_reg_update  app_timer.o
    0x00025238   0x00025238   0x00000088   Code   RO          661    i.conn_int_encode   ble_advdata.o
    0x000252c0   0x000252c0   0x00000004   Code   RO            8    i.conn_params_error_handler  main.o
    0x000252c4   0x000252c4   0x00000048   Code   RO          817    i.conn_params_negotiation  ble_conn_params.o
    0x0002530c   0x0002530c   0x00000080   Code   RO         3709    i.delete_execute    fds.o
    0x0002538c   0x0002538c   0x00000060   Code   RO         3259    i.detection_delay_timeout_handler  app_button.o
    0x000253ec   0x000253ec   0x00000040   Code   RO         3461    i.elapsed_ticks_acquire  app_timer.o
    0x0002542c   0x0002542c   0x00000030   Code   RO         2331    i.encryption_failure  security_dispatcher.o
    0x0002545c   0x0002545c   0x0000003c   Code   RO         4304    i.erase             nrf_fstorage_sd.o
    0x00025498   0x00025498   0x00000074   Code   RO         3710    i.event_prepare     fds.o
    0x0002550c   0x0002550c   0x00000020   Code   RO         3711    i.event_send        fds.o
    0x0002552c   0x0002552c   0x0000004e   Code   RO         4305    i.event_send        nrf_fstorage_sd.o
    0x0002557a   0x0002557a   0x00000034   Code   RO         2445    i.events_send_from_err_code  security_manager.o
    0x000255ae   0x000255ae   0x00000002   PAD
    0x000255b0   0x000255b0   0x0000000c   Code   RO         1094    i.evt_send          gatt_cache_manager.o
    0x000255bc   0x000255bc   0x0000001c   Code   RO         1283    i.evt_send          id_manager.o
    0x000255d8   0x000255d8   0x0000002c   Code   RO         1969    i.evt_send          peer_manager.o
    0x00025604   0x00025604   0x0000001c   Code   RO         2332    i.evt_send          security_dispatcher.o
    0x00025620   0x00025620   0x0000000c   Code   RO         2446    i.evt_send          security_manager.o
    0x0002562c   0x0002562c   0x000000f8   Code   RO         1571    i.fds_evt_handler   peer_data_storage.o
    0x00025724   0x00025724   0x00000048   Code   RO         3713    i.fds_file_delete   fds.o
    0x0002576c   0x0002576c   0x00000040   Code   RO         3714    i.fds_gc            fds.o
    0x000257ac   0x000257ac   0x000000b4   Code   RO         3715    i.fds_init          fds.o
    0x00025860   0x00025860   0x0000003c   Code   RO         3716    i.fds_record_close  fds.o
    0x0002589c   0x0002589c   0x0000000e   Code   RO         3718    i.fds_record_find   fds.o
    0x000258aa   0x000258aa   0x00000010   Code   RO         3719    i.fds_record_find_by_key  fds.o
    0x000258ba   0x000258ba   0x00000010   Code   RO         3720    i.fds_record_find_in_file  fds.o
    0x000258ca   0x000258ca   0x00000010   Code   RO         3721    i.fds_record_id_from_desc  fds.o
    0x000258da   0x000258da   0x00000002   PAD
    0x000258dc   0x000258dc   0x00000040   Code   RO         3723    i.fds_record_open   fds.o
    0x0002591c   0x0002591c   0x0000000e   Code   RO         3724    i.fds_record_update  fds.o
    0x0002592a   0x0002592a   0x00000008   Code   RO         3725    i.fds_record_write  fds.o
    0x00025932   0x00025932   0x0000000c   Code   RO         3726    i.fds_record_write_reserved  fds.o
    0x0002593e   0x0002593e   0x00000002   PAD
    0x00025940   0x00025940   0x00000024   Code   RO         3727    i.fds_register      fds.o
    0x00025964   0x00025964   0x00000034   Code   RO         3728    i.fds_reserve       fds.o
    0x00025998   0x00025998   0x00000044   Code   RO         3729    i.fds_reserve_cancel  fds.o
    0x000259dc   0x000259dc   0x00000014   Code   RO         1572    i.file_id_within_pm_range  peer_data_storage.o
    0x000259f0   0x000259f0   0x00000010   Code   RO         3731    i.flag_clear        fds.o
    0x00025a00   0x00025a00   0x00000012   Code   RO         2333    i.flag_id_init      security_dispatcher.o
    0x00025a12   0x00025a12   0x00000012   Code   RO         2447    i.flag_id_init      security_manager.o
    0x00025a24   0x00025a24   0x00000010   Code   RO         3732    i.flag_set          fds.o
    0x00025a34   0x00025a34   0x00000058   Code   RO         2448    i.flags_set_from_err_code  security_manager.o
    0x00025a8c   0x00025a8c   0x00000006   Code   RO         3733    i.fs_event_handler  fds.o
    0x00025a92   0x00025a92   0x00000002   PAD
    0x00025a94   0x00025a94   0x00000070   Code   RO         3734    i.gc_execute        fds.o
    0x00025b04   0x00025b04   0x00000048   Code   RO         3735    i.gc_next_page      fds.o
    0x00025b4c   0x00025b4c   0x0000004c   Code   RO         3736    i.gc_page_erase     fds.o
    0x00025b98   0x00025b98   0x00000034   Code   RO         3737    i.gc_record_copy    fds.o
    0x00025bcc   0x00025bcc   0x00000024   Code   RO         3738    i.gc_record_find_next  fds.o
    0x00025bf0   0x00025bf0   0x00000080   Code   RO         3739    i.gc_state_advance  fds.o
    0x00025c70   0x00025c70   0x000000ec   Code   RO         1095    i.gcm_ble_evt_handler  gatt_cache_manager.o
    0x00025d5c   0x00025d5c   0x0000006c   Code   RO         1096    i.gcm_gscm_evt_handler  gatt_cache_manager.o
    0x00025dc8   0x00025dc8   0x00000030   Code   RO         1097    i.gcm_im_evt_handler  gatt_cache_manager.o
    0x00025df8   0x00025df8   0x00000048   Code   RO         1098    i.gcm_init          gatt_cache_manager.o
    0x00025e40   0x00025e40   0x00000054   Code   RO         1099    i.gcm_local_database_has_changed  gatt_cache_manager.o
    0x00025e94   0x00025e94   0x0000000e   Code   RO         1102    i.gcm_smd_evt_handler  gatt_cache_manager.o
    0x00025ea2   0x00025ea2   0x00000002   PAD
    0x00025ea4   0x00025ea4   0x00000038   Code   RO         1284    i.get_connection_by_conn_handle  id_manager.o
    0x00025edc   0x00025edc   0x00000030   Code   RO         1285    i.get_free_connection  id_manager.o
    0x00025f0c   0x00025f0c   0x00000058   Code   RO         3260    i.gpiote_event_handler  app_button.o
    0x00025f64   0x00025f64   0x0000001c   Code   RO         1199    i.gscm_db_change_notification_done  gatts_cache_manager.o
    0x00025f80   0x00025f80   0x00000014   Code   RO         1200    i.gscm_init         gatts_cache_manager.o
    0x00025f94   0x00025f94   0x0000001c   Code   RO         1201    i.gscm_local_database_has_changed  gatts_cache_manager.o
    0x00025fb0   0x00025fb0   0x0000006a   Code   RO         1202    i.gscm_local_db_cache_apply  gatts_cache_manager.o
    0x0002601a   0x0002601a   0x00000080   Code   RO         1204    i.gscm_local_db_cache_update  gatts_cache_manager.o
    0x0002609a   0x0002609a   0x00000002   PAD
    0x0002609c   0x0002609c   0x00000054   Code   RO         1205    i.gscm_pdb_evt_handler  gatts_cache_manager.o
    0x000260f0   0x000260f0   0x0000001a   Code   RO         1206    i.gscm_service_changed_ind_needed  gatts_cache_manager.o
    0x0002610a   0x0002610a   0x00000002   PAD
    0x0002610c   0x0002610c   0x0000002c   Code   RO         1207    i.gscm_service_changed_ind_send  gatts_cache_manager.o
    0x00026138   0x00026138   0x00000016   Code   RO         3740    i.header_is_valid   fds.o
    0x0002614e   0x0002614e   0x00000046   Code   RO         1286    i.im_address_resolve  id_manager.o
    0x00026194   0x00026194   0x00000030   Code   RO         1287    i.im_ble_addr_get   id_manager.o
    0x000261c4   0x000261c4   0x000000ae   Code   RO         1288    i.im_ble_evt_handler  id_manager.o
    0x00026272   0x00026272   0x00000002   PAD
    0x00026274   0x00026274   0x0000002c   Code   RO         1289    i.im_conn_handle_get  id_manager.o
    0x000262a0   0x000262a0   0x00000040   Code   RO         1293    i.im_init           id_manager.o
    0x000262e0   0x000262e0   0x00000034   Code   RO         1294    i.im_is_duplicate_bonding_data  id_manager.o
    0x00026314   0x00026314   0x00000018   Code   RO         1295    i.im_master_id_is_valid  id_manager.o
    0x0002632c   0x0002632c   0x0000002a   Code   RO         1296    i.im_master_ids_compare  id_manager.o
    0x00026356   0x00026356   0x00000004   Code   RO         1297    i.im_new_peer_id    id_manager.o
    0x0002635a   0x0002635a   0x00000072   Code   RO         1298    i.im_pdb_evt_handler  id_manager.o
    0x000263cc   0x000263cc   0x00000026   Code   RO         1299    i.im_peer_free      id_manager.o
    0x000263f2   0x000263f2   0x00000002   PAD
    0x000263f4   0x000263f4   0x00000020   Code   RO         1300    i.im_peer_id_get_by_conn_handle  id_manager.o
    0x00026414   0x00026414   0x0000003c   Code   RO         1301    i.im_peer_id_get_by_master_id  id_manager.o
    0x00026450   0x00026450   0x00000030   Code   RO         4306    i.init              nrf_fstorage_sd.o
    0x00026480   0x00026480   0x000000c0   Code   RO         3741    i.init_execute      fds.o
    0x00026540   0x00026540   0x00000014   Code   RO          818    i.instance_get      ble_conn_params.o
    0x00026554   0x00026554   0x000000a6   Code   RO         4212    i.int_print         nrf_fprintf_format.o
    0x000265fa   0x000265fa   0x00000002   PAD
    0x000265fc   0x000265fc   0x00000078   Code   RO         3026    i.interrupts_enable  nrf_drv_uart.o
    0x00026674   0x00026674   0x00000010   Code   RO         4307    i.is_busy           nrf_fstorage_sd.o
    0x00026684   0x00026684   0x00000044   Code   RO          819    i.is_conn_params_ok  ble_conn_params.o
    0x000266c8   0x000266c8   0x00000014   Code   RO         1306    i.is_valid_irk      id_manager.o
    0x000266dc   0x000266dc   0x0000000c   Code   RO         3742    i.is_word_aligned   fds.o
    0x000266e8   0x000266e8   0x00000030   Code   RO          465    i.leds_off          bsp.o
    0x00026718   0x00026718   0x00000014   Code   RO          466    i.leds_timer_handler  bsp.o
    0x0002672c   0x0002672c   0x00000028   Code   RO         2575    i.lfclk_stop        nrf_drv_clock.o
    0x00026754   0x00026754   0x00000014   Code   RO         1474    i.link_init         nrf_ble_gatt.o
    0x00026768   0x00026768   0x00000098   Code   RO         2449    i.link_secure       security_manager.o
    0x00026800   0x00026800   0x00000086   Code   RO         2334    i.link_secure_central  security_dispatcher.o
    0x00026886   0x00026886   0x000000c8   Code   RO         2335    i.link_secure_central_existing_peer  security_dispatcher.o
    0x0002694e   0x0002694e   0x0000006c   Code   RO         2336    i.link_secure_central_new_peer  security_dispatcher.o
    0x000269ba   0x000269ba   0x00000002   PAD
    0x000269bc   0x000269bc   0x00000058   Code   RO         2337    i.link_secure_failure  security_dispatcher.o
    0x00026a14   0x00026a14   0x0000005c   Code   RO         2450    i.link_secure_pending_process  security_manager.o
    0x00026a70   0x00026a70   0x000000f8   Code   RO         3462    i.list_insertions_handler  app_timer.o
    0x00026b68   0x00026b68   0x00000074   Code   RO         1103    i.local_db_apply_in_evt  gatt_cache_manager.o
    0x00026bdc   0x00026bdc   0x00000078   Code   RO         1104    i.local_db_update_in_evt  gatt_cache_manager.o
    0x00026c54   0x00026c54   0x00000032   Code   RO         2277    i.lock_by_mask      pm_mutex.o
    0x00026c86   0x00026c86   0x00000002   PAD
    0x00026c88   0x00026c88   0x00000090   Code   RO         4939    i.log_skip          nrf_log_frontend.o
    0x00026d18   0x00026d18   0x000001c4   Code   RO            9    i.main              main.o
    0x00026edc   0x00026edc   0x00000064   Code   RO          662    i.manuf_specific_data_encode  ble_advdata.o
    0x00026f40   0x00026f40   0x00000076   Code   RO         4403    i.memobj_op         nrf_memobj.o
    0x00026fb6   0x00026fb6   0x00000002   PAD
    0x00026fb8   0x00026fb8   0x00000038   Code   RO         4940    i.module_idx_get    nrf_log_frontend.o
    0x00026ff0   0x00026ff0   0x0000009c   Code   RO          663    i.name_encode       ble_advdata.o
    0x0002708c   0x0002708c   0x00000058   Code   RO         1307    i.new_connection    id_manager.o
    0x000270e4   0x000270e4   0x00000030   Code   RO         1879    i.next_id_get       peer_id.o
    0x00027114   0x00027114   0x0000000c   Code   RO         4941    i.nrf_atomic_flag_clear_fetch  nrf_log_frontend.o
    0x00027120   0x00027120   0x0000000e   Code   RO         4942    i.nrf_atomic_flag_set  nrf_log_frontend.o
    0x0002712e   0x0002712e   0x00000044   Code   RO         4127    i.nrf_balloc_alloc  nrf_balloc.o
    0x00027172   0x00027172   0x00000030   Code   RO         4128    i.nrf_balloc_free   nrf_balloc.o
    0x000271a2   0x000271a2   0x00000030   Code   RO         4129    i.nrf_balloc_init   nrf_balloc.o
    0x000271d2   0x000271d2   0x00000010   Code   RO         2781    i.nrf_bitmask_bit_is_set  nrf_drv_gpiote.o
    0x000271e2   0x000271e2   0x00000022   Code   RO         1480    i.nrf_ble_gatt_init  nrf_ble_gatt.o
    0x00027204   0x00027204   0x00000148   Code   RO         1481    i.nrf_ble_gatt_on_ble_evt  nrf_ble_gatt.o
    0x0002734c   0x0002734c   0x0000000e   Code   RO         2576    i.nrf_clock_event_check  nrf_drv_clock.o
    0x0002735a   0x0002735a   0x00000010   Code   RO         2577    i.nrf_clock_event_clear  nrf_drv_clock.o
    0x0002736a   0x0002736a   0x00000002   PAD
    0x0002736c   0x0002736c   0x0000008c   Code   RO         3463    i.nrf_delay_us      app_timer.o
    0x000273f8   0x000273f8   0x00000048   Code   RO         2584    i.nrf_drv_clock_init  nrf_drv_clock.o
    0x00027440   0x00027440   0x0000002c   Code   RO         2588    i.nrf_drv_clock_lfclk_release  nrf_drv_clock.o
    0x0002746c   0x0002746c   0x00000016   Code   RO         3027    i.nrf_drv_common_irq_disable  nrf_drv_uart.o
    0x00027482   0x00027482   0x00000038   Code   RO         2741    i.nrf_drv_common_irq_enable  nrf_drv_common.o
    0x000274ba   0x000274ba   0x00000006   Code   RO         3028    i.nrf_drv_get_IRQn  nrf_drv_uart.o
    0x000274c0   0x000274c0   0x000000a4   Code   RO         2786    i.nrf_drv_gpiote_in_event_enable  nrf_drv_gpiote.o
    0x00027564   0x00027564   0x000000b8   Code   RO         2787    i.nrf_drv_gpiote_in_init  nrf_drv_gpiote.o
    0x0002761c   0x0002761c   0x00000014   Code   RO         2788    i.nrf_drv_gpiote_in_is_set  nrf_drv_gpiote.o
    0x00027630   0x00027630   0x0000005c   Code   RO         2790    i.nrf_drv_gpiote_init  nrf_drv_gpiote.o
    0x0002768c   0x0002768c   0x00000014   Code   RO         2791    i.nrf_drv_gpiote_is_init  nrf_drv_gpiote.o
    0x000276a0   0x000276a0   0x00000010   Code   RO         3029    i.nrf_drv_is_in_RAM  nrf_drv_uart.o
    0x000276b0   0x000276b0   0x00000068   Code   RO         3031    i.nrf_drv_uart_init  nrf_drv_uart.o
    0x00027718   0x00027718   0x0000010c   Code   RO         3039    i.nrf_drv_uart_tx   nrf_drv_uart.o
    0x00027824   0x00027824   0x00000018   Code   RO         3041    i.nrf_drv_uart_tx_in_progress  nrf_drv_uart.o
    0x0002783c   0x0002783c   0x00000054   Code   RO         3042    i.nrf_drv_uart_uninit  nrf_drv_uart.o
    0x00027890   0x00027890   0x0000001a   Code   RO         4168    i.nrf_fprintf       nrf_fprintf.o
    0x000278aa   0x000278aa   0x00000018   Code   RO         4169    i.nrf_fprintf_buffer_flush  nrf_fprintf.o
    0x000278c2   0x000278c2   0x000001da   Code   RO         4213    i.nrf_fprintf_fmt   nrf_fprintf_format.o
    0x00027a9c   0x00027a9c   0x0000004e   Code   RO         4250    i.nrf_fstorage_erase  nrf_fstorage.o
    0x00027aea   0x00027aea   0x00000010   Code   RO         4251    i.nrf_fstorage_init  nrf_fstorage.o
    0x00027afa   0x00027afa   0x00000002   PAD
    0x00027afc   0x00027afc   0x00000050   Code   RO         4252    i.nrf_fstorage_is_busy  nrf_fstorage.o
    0x00027b4c   0x00027b4c   0x00000020   Code   RO         4308    i.nrf_fstorage_sdh_req_handler  nrf_fstorage_sd.o
    0x00027b6c   0x00027b6c   0x00000020   Code   RO         4309    i.nrf_fstorage_sdh_state_handler  nrf_fstorage_sd.o
    0x00027b8c   0x00027b8c   0x000000b8   Code   RO         4310    i.nrf_fstorage_sys_evt_handler  nrf_fstorage_sd.o
    0x00027c44   0x00027c44   0x00000066   Code   RO         4255    i.nrf_fstorage_write  nrf_fstorage.o
    0x00027caa   0x00027caa   0x00000024   Code   RO          350    i.nrf_gpio_cfg      boards.o
    0x00027cce   0x00027cce   0x00000024   Code   RO         2805    i.nrf_gpio_cfg      nrf_drv_gpiote.o
    0x00027cf2   0x00027cf2   0x00000024   Code   RO         3043    i.nrf_gpio_cfg      nrf_drv_uart.o
    0x00027d16   0x00027d16   0x00000012   Code   RO         3044    i.nrf_gpio_cfg_default  nrf_drv_uart.o
    0x00027d28   0x00027d28   0x00000012   Code   RO         3045    i.nrf_gpio_cfg_input  nrf_drv_uart.o
    0x00027d3a   0x00027d3a   0x00000014   Code   RO         3046    i.nrf_gpio_cfg_output  nrf_drv_uart.o
    0x00027d4e   0x00027d4e   0x00000022   Code   RO          467    i.nrf_gpio_cfg_sense_set  bsp.o
    0x00027d70   0x00027d70   0x00000022   Code   RO         2807    i.nrf_gpio_cfg_sense_set  nrf_drv_gpiote.o
    0x00027d92   0x00027d92   0x00000016   Code   RO          351    i.nrf_gpio_pin_write  boards.o
    0x00027da8   0x00027da8   0x00000028   Code   RO         2808    i.nrf_gpio_ports_read  nrf_drv_gpiote.o
    0x00027dd0   0x00027dd0   0x00000014   Code   RO         2809    i.nrf_gpiote_event_clear  nrf_drv_gpiote.o
    0x00027de4   0x00027de4   0x00000010   Code   RO         2810    i.nrf_gpiote_event_is_set  nrf_drv_gpiote.o
    0x00027df4   0x00027df4   0x00000068   Code   RO         4943    i.nrf_log_backend_add  nrf_log_frontend.o
    0x00027e5c   0x00027e5c   0x000000d2   Code   RO         4796    i.nrf_log_backend_serial_put  nrf_log_backend_serial.o
    0x00027f2e   0x00027f2e   0x00000002   Code   RO         4830    i.nrf_log_backend_uart_flush  nrf_log_backend_uart.o
    0x00027f30   0x00027f30   0x00000006   Code   RO         4831    i.nrf_log_backend_uart_init  nrf_log_backend_uart.o
    0x00027f36   0x00027f36   0x00000002   PAD
    0x00027f38   0x00027f38   0x00000018   Code   RO         4832    i.nrf_log_backend_uart_panic_set  nrf_log_backend_uart.o
    0x00027f50   0x00027f50   0x00000018   Code   RO         4833    i.nrf_log_backend_uart_put  nrf_log_backend_uart.o
    0x00027f68   0x00027f68   0x00000028   Code   RO         4945    i.nrf_log_color_id_get  nrf_log_frontend.o
    0x00027f90   0x00027f90   0x0000001c   Code   RO         4902    i.nrf_log_default_backends_init  nrf_log_default_backends.o
    0x00027fac   0x00027fac   0x000001ac   Code   RO         4946    i.nrf_log_frontend_dequeue  nrf_log_frontend.o
    0x00028158   0x00028158   0x00000008   Code   RO         4948    i.nrf_log_frontend_std_0  nrf_log_frontend.o
    0x00028160   0x00028160   0x0000000e   Code   RO         4949    i.nrf_log_frontend_std_1  nrf_log_frontend.o
    0x0002816e   0x0002816e   0x00000010   Code   RO         4950    i.nrf_log_frontend_std_2  nrf_log_frontend.o
    0x0002817e   0x0002817e   0x00000012   Code   RO         4951    i.nrf_log_frontend_std_3  nrf_log_frontend.o
    0x00028190   0x00028190   0x000000ac   Code   RO         5130    i.nrf_log_hexdump_entry_process  nrf_log_str_formatter.o
    0x0002823c   0x0002823c   0x0000005c   Code   RO         4955    i.nrf_log_init      nrf_log_frontend.o
    0x00028298   0x00028298   0x00000014   Code   RO         4956    i.nrf_log_module_cnt_get  nrf_log_frontend.o
    0x000282ac   0x000282ac   0x00000024   Code   RO         4957    i.nrf_log_module_filter_get  nrf_log_frontend.o
    0x000282d0   0x000282d0   0x0000001c   Code   RO         4959    i.nrf_log_module_name_get  nrf_log_frontend.o
    0x000282ec   0x000282ec   0x00000028   Code   RO         4960    i.nrf_log_panic     nrf_log_frontend.o
    0x00028314   0x00028314   0x000000b6   Code   RO         5131    i.nrf_log_std_entry_process  nrf_log_str_formatter.o
    0x000283ca   0x000283ca   0x00000060   Code   RO         4404    i.nrf_memobj_alloc  nrf_memobj.o
    0x0002842a   0x0002842a   0x00000032   Code   RO         4405    i.nrf_memobj_free   nrf_memobj.o
    0x0002845c   0x0002845c   0x0000000e   Code   RO         4406    i.nrf_memobj_get    nrf_memobj.o
    0x0002846a   0x0002846a   0x00000004   Code   RO         4407    i.nrf_memobj_pool_init  nrf_memobj.o
    0x0002846e   0x0002846e   0x00000022   Code   RO         4408    i.nrf_memobj_put    nrf_memobj.o
    0x00028490   0x00028490   0x0000000c   Code   RO         4409    i.nrf_memobj_read   nrf_memobj.o
    0x0002849c   0x0002849c   0x0000000c   Code   RO         4410    i.nrf_memobj_write  nrf_memobj.o
    0x000284a8   0x000284a8   0x00000014   Code   RO         5537    i.nrf_sdh_ble_app_ram_start_get  nrf_sdh_ble.o
    0x000284bc   0x000284bc   0x00000114   Code   RO         5538    i.nrf_sdh_ble_default_cfg_set  nrf_sdh_ble.o
    0x000285d0   0x000285d0   0x000000d0   Code   RO         5539    i.nrf_sdh_ble_enable  nrf_sdh_ble.o
    0x000286a0   0x000286a0   0x00000050   Code   RO         5540    i.nrf_sdh_ble_evts_poll  nrf_sdh_ble.o
    0x000286f0   0x000286f0   0x00000040   Code   RO         5412    i.nrf_sdh_disable_request  nrf_sdh.o
    0x00028730   0x00028730   0x00000058   Code   RO         5413    i.nrf_sdh_enable_request  nrf_sdh.o
    0x00028788   0x00028788   0x00000024   Code   RO         5414    i.nrf_sdh_evts_poll  nrf_sdh.o
    0x000287ac   0x000287ac   0x0000000c   Code   RO         5415    i.nrf_sdh_is_enabled  nrf_sdh.o
    0x000287b8   0x000287b8   0x0000001c   Code   RO         5417    i.nrf_sdh_request_continue  nrf_sdh.o
    0x000287d4   0x000287d4   0x0000003c   Code   RO         5587    i.nrf_sdh_soc_evts_poll  nrf_sdh_soc.o
    0x00028810   0x00028810   0x0000000a   Code   RO         4570    i.nrf_section_iter_init  nrf_section_iter.o
    0x0002881a   0x0002881a   0x00000024   Code   RO         4571    i.nrf_section_iter_item_set  nrf_section_iter.o
    0x0002883e   0x0002883e   0x00000020   Code   RO         4572    i.nrf_section_iter_next  nrf_section_iter.o
    0x0002885e   0x0002885e   0x00000002   PAD
    0x00028860   0x00028860   0x00000038   Code   RO         4605    i.nrf_strerror_find  nrf_strerror.o
    0x00028898   0x00028898   0x00000014   Code   RO         4606    i.nrf_strerror_get  nrf_strerror.o
    0x000288ac   0x000288ac   0x0000000a   Code   RO         3047    i.nrf_uart_event_check  nrf_drv_uart.o
    0x000288b6   0x000288b6   0x0000000c   Code   RO         3048    i.nrf_uart_event_clear  nrf_drv_uart.o
    0x000288c2   0x000288c2   0x0000000c   Code   RO         3049    i.nrf_uart_int_enable_check  nrf_drv_uart.o
    0x000288ce   0x000288ce   0x0000000a   Code   RO         3050    i.nrf_uarte_event_check  nrf_drv_uart.o
    0x000288d8   0x000288d8   0x0000000c   Code   RO         3051    i.nrf_uarte_event_clear  nrf_drv_uart.o
    0x000288e4   0x000288e4   0x0000004c   Code   RO           10    i.on_adv_evt        main.o
    0x00028930   0x00028930   0x0000001c   Code   RO           11    i.on_conn_params_evt  main.o
    0x0002894c   0x0002894c   0x0000009c   Code   RO         1482    i.on_connected_evt  nrf_ble_gatt.o
    0x000289e8   0x000289e8   0x00000074   Code   RO         1483    i.on_exchange_mtu_request_evt  nrf_ble_gatt.o
    0x00028a5c   0x00028a5c   0x00000034   Code   RO         3743    i.op_enqueue        fds.o
    0x00028a90   0x00028a90   0x00000012   Code   RO         3744    i.page_offsets_update  fds.o
    0x00028aa2   0x00028aa2   0x00000002   PAD
    0x00028aa4   0x00028aa4   0x00000064   Code   RO         3745    i.page_scan         fds.o
    0x00028b08   0x00028b08   0x0000001c   Code   RO         3746    i.page_tag_write_data  fds.o
    0x00028b24   0x00028b24   0x00000024   Code   RO         3747    i.page_tag_write_swap  fds.o
    0x00028b48   0x00028b48   0x000000f8   Code   RO         3748    i.pages_init        fds.o
    0x00028c40   0x00028c40   0x0000006c   Code   RO         2338    i.pairing_failure   security_dispatcher.o
    0x00028cac   0x00028cac   0x0000003c   Code   RO         2451    i.params_reply_pending_process  security_manager.o
    0x00028ce8   0x00028ce8   0x0000001c   Code   RO         1715    i.pdb_evt_send      peer_database.o
    0x00028d04   0x00028d04   0x00000050   Code   RO         1716    i.pdb_init          peer_database.o
    0x00028d54   0x00028d54   0x00000004   Code   RO         1718    i.pdb_next_deleted_peer_id_get  peer_database.o
    0x00028d58   0x00028d58   0x00000004   Code   RO         1719    i.pdb_next_peer_id_get  peer_database.o
    0x00028d5c   0x00028d5c   0x00000130   Code   RO         1720    i.pdb_pds_evt_handler  peer_database.o
    0x00028e8c   0x00028e8c   0x00000004   Code   RO         1721    i.pdb_peer_allocate  peer_database.o
    0x00028e90   0x00028e90   0x00000006   Code   RO         1723    i.pdb_peer_data_ptr_get  peer_database.o
    0x00028e96   0x00028e96   0x00000044   Code   RO         1724    i.pdb_peer_free     peer_database.o
    0x00028eda   0x00028eda   0x00000008   Code   RO         1725    i.pdb_raw_store     peer_database.o
    0x00028ee2   0x00028ee2   0x00000002   PAD
    0x00028ee4   0x00028ee4   0x00000108   Code   RO         1726    i.pdb_write_buf_get  peer_database.o
    0x00028fec   0x00028fec   0x00000028   Code   RO         1727    i.pdb_write_buf_release  peer_database.o
    0x00029014   0x00029014   0x000000c4   Code   RO         1728    i.pdb_write_buf_store  peer_database.o
    0x000290d8   0x000290d8   0x00000068   Code   RO         1729    i.pdb_write_buf_store_prepare  peer_database.o
    0x00029140   0x00029140   0x0000000c   Code   RO         1573    i.pds_evt_send      peer_data_storage.o
    0x0002914c   0x0002914c   0x0000006c   Code   RO         1574    i.pds_init          peer_data_storage.o
    0x000291b8   0x000291b8   0x00000004   Code   RO         1575    i.pds_next_deleted_peer_id_get  peer_data_storage.o
    0x000291bc   0x000291bc   0x00000004   Code   RO         1576    i.pds_next_peer_id_get  peer_data_storage.o
    0x000291c0   0x000291c0   0x00000050   Code   RO         1579    i.pds_peer_data_iterate  peer_data_storage.o
    0x00029210   0x00029210   0x00000010   Code   RO         1580    i.pds_peer_data_iterate_prepare  peer_data_storage.o
    0x00029220   0x00029220   0x00000068   Code   RO         1581    i.pds_peer_data_read  peer_data_storage.o
    0x00029288   0x00029288   0x00000096   Code   RO         1582    i.pds_peer_data_store  peer_data_storage.o
    0x0002931e   0x0002931e   0x00000008   Code   RO         1583    i.pds_peer_id_allocate  peer_data_storage.o
    0x00029326   0x00029326   0x00000016   Code   RO         1584    i.pds_peer_id_free  peer_data_storage.o
    0x0002933c   0x0002933c   0x00000004   Code   RO         1585    i.pds_peer_id_is_allocated  peer_data_storage.o
    0x00029340   0x00029340   0x0000002e   Code   RO         1586    i.pds_space_reserve  peer_data_storage.o
    0x0002936e   0x0002936e   0x00000010   Code   RO         1587    i.pds_space_reserve_cancel  peer_data_storage.o
    0x0002937e   0x0002937e   0x00000006   Code   RO         1730    i.peer_data_const_point_to_buffer  peer_database.o
    0x00029384   0x00029384   0x00000080   Code   RO         1588    i.peer_data_delete  peer_data_storage.o
    0x00029404   0x00029404   0x00000030   Code   RO         1589    i.peer_data_find    peer_data_storage.o
    0x00029434   0x00029434   0x00000020   Code   RO         1590    i.peer_data_id_is_valid  peer_data_storage.o
    0x00029454   0x00029454   0x0000001a   Code   RO         1731    i.peer_data_point_to_buffer  peer_database.o
    0x0002946e   0x0002946e   0x00000002   PAD
    0x00029470   0x00029470   0x0000000c   Code   RO         1880    i.peer_id_allocate  peer_id.o
    0x0002947c   0x0002947c   0x00000024   Code   RO         1881    i.peer_id_delete    peer_id.o
    0x000294a0   0x000294a0   0x0000001c   Code   RO         1882    i.peer_id_free      peer_id.o
    0x000294bc   0x000294bc   0x0000000c   Code   RO         1883    i.peer_id_get_next_deleted  peer_id.o
    0x000294c8   0x000294c8   0x00000030   Code   RO         1884    i.peer_id_get_next_used  peer_id.o
    0x000294f8   0x000294f8   0x00000028   Code   RO         1885    i.peer_id_init      peer_id.o
    0x00029520   0x00029520   0x00000014   Code   RO         1886    i.peer_id_is_allocated  peer_id.o
    0x00029534   0x00029534   0x00000014   Code   RO         1887    i.peer_id_is_deleted  peer_id.o
    0x00029548   0x00029548   0x0000001c   Code   RO         1308    i.peer_id_set       id_manager.o
    0x00029564   0x00029564   0x0000006c   Code   RO           12    i.peer_manager_init  main.o
    0x000295d0   0x000295d0   0x00000018   Code   RO         2811    i.pin_in_use_by_port  nrf_drv_gpiote.o
    0x000295e8   0x000295e8   0x00000018   Code   RO         2812    i.pin_in_use_by_te  nrf_drv_gpiote.o
    0x00029600   0x00029600   0x00000078   Code   RO         3052    i.pins_to_default   nrf_drv_uart.o
    0x00029678   0x00029678   0x0000005c   Code   RO         2235    i.pm_buffer_block_acquire  pm_buffer.o
    0x000296d4   0x000296d4   0x00000040   Code   RO         2236    i.pm_buffer_init    pm_buffer.o
    0x00029714   0x00029714   0x00000028   Code   RO         2237    i.pm_buffer_ptr_get  pm_buffer.o
    0x0002973c   0x0002973c   0x0000002e   Code   RO         2238    i.pm_buffer_release  pm_buffer.o
    0x0002976a   0x0002976a   0x00000004   Code   RO         1971    i.pm_conn_sec_config_reply  peer_manager.o
    0x0002976e   0x0002976e   0x00000002   PAD
    0x00029770   0x00029770   0x00000100   Code   RO           13    i.pm_evt_handler    main.o
    0x00029870   0x00029870   0x00000088   Code   RO         1975    i.pm_gcm_evt_handler  peer_manager.o
    0x000298f8   0x000298f8   0x00000050   Code   RO         1978    i.pm_im_evt_handler  peer_manager.o
    0x00029948   0x00029948   0x00000064   Code   RO         1979    i.pm_init           peer_manager.o
    0x000299ac   0x000299ac   0x00000014   Code   RO         1981    i.pm_local_database_has_changed  peer_manager.o
    0x000299c0   0x000299c0   0x0000000e   Code   RO         2278    i.pm_mutex_init     pm_mutex.o
    0x000299ce   0x000299ce   0x0000001a   Code   RO         2279    i.pm_mutex_lock     pm_mutex.o
    0x000299e8   0x000299e8   0x00000036   Code   RO         2280    i.pm_mutex_lock_first_available  pm_mutex.o
    0x00029a1e   0x00029a1e   0x00000018   Code   RO         2281    i.pm_mutex_lock_status_get  pm_mutex.o
    0x00029a36   0x00029a36   0x0000003a   Code   RO         2282    i.pm_mutex_unlock   pm_mutex.o
    0x00029a70   0x00029a70   0x00000158   Code   RO         1983    i.pm_pdb_evt_handler  peer_manager.o
    0x00029bc8   0x00029bc8   0x00000014   Code   RO         1994    i.pm_peer_delete    peer_manager.o
    0x00029bdc   0x00029bdc   0x00000068   Code   RO         1999    i.pm_peers_delete   peer_manager.o
    0x00029c44   0x00029c44   0x0000002c   Code   RO         2002    i.pm_register       peer_manager.o
    0x00029c70   0x00029c70   0x00000014   Code   RO         2004    i.pm_sec_params_set  peer_manager.o
    0x00029c84   0x00029c84   0x00000160   Code   RO         2005    i.pm_sm_evt_handler  peer_manager.o
    0x00029de4   0x00029de4   0x0000003c   Code   RO         5132    i.postfix_process   nrf_log_str_formatter.o
    0x00029e20   0x00029e20   0x0000005c   Code   RO         5133    i.prefix_process    nrf_log_str_formatter.o
    0x00029e7c   0x00029e7c   0x00000038   Code   RO         4311    i.queue_get_next_free  nrf_fstorage_sd.o
    0x00029eb4   0x00029eb4   0x000000a0   Code   RO         3749    i.queue_process     fds.o
    0x00029f54   0x00029f54   0x00000088   Code   RO         4312    i.queue_process     nrf_fstorage_sd.o
    0x00029fdc   0x00029fdc   0x00000020   Code   RO         3750    i.queue_start       fds.o
    0x00029ffc   0x00029ffc   0x00000018   Code   RO         4313    i.queue_start       nrf_fstorage_sd.o
    0x0002a014   0x0002a014   0x0000000e   Code   RO         4314    i.read              nrf_fstorage_sd.o
    0x0002a022   0x0002a022   0x00000002   PAD
    0x0002a024   0x0002a024   0x00000088   Code   RO         3751    i.record_find       fds.o
    0x0002a0ac   0x0002a0ac   0x0000009c   Code   RO         3752    i.record_find_by_desc  fds.o
    0x0002a148   0x0002a148   0x0000004c   Code   RO         3753    i.record_find_next  fds.o
    0x0002a194   0x0002a194   0x00000034   Code   RO         3754    i.record_header_flag_dirty  fds.o
    0x0002a1c8   0x0002a1c8   0x00000014   Code   RO         1591    i.record_key_within_pm_range  peer_data_storage.o
    0x0002a1dc   0x0002a1dc   0x00000010   Code   RO         1889    i.release           peer_id.o
    0x0002a1ec   0x0002a1ec   0x0000003c   Code   RO         3464    i.rtc1_stop         app_timer.o
    0x0002a228   0x0002a228   0x00000032   Code   RO         3053    i.rx_byte           nrf_drv_uart.o
    0x0002a25a   0x0002a25a   0x00000018   Code   RO         3054    i.rx_done_event     nrf_drv_uart.o
    0x0002a272   0x0002a272   0x00000002   PAD
    0x0002a274   0x0002a274   0x00000040   Code   RO         5420    i.sd_nvic_DisableIRQ  nrf_sdh.o
    0x0002a2b4   0x0002a2b4   0x00000070   Code   RO         5421    i.sd_nvic_EnableIRQ  nrf_sdh.o
    0x0002a324   0x0002a324   0x00000054   Code   RO         2591    i.sd_state_evt_handler  nrf_drv_clock.o
    0x0002a378   0x0002a378   0x00000030   Code   RO         5422    i.sdh_request_observer_notify  nrf_sdh.o
    0x0002a3a8   0x0002a3a8   0x0000002c   Code   RO         5423    i.sdh_state_observer_notify  nrf_sdh.o
    0x0002a3d4   0x0002a3d4   0x00000044   Code   RO         4638    i.sdk_mapped_flags_bulk_update_by_key  sdk_mapped_flags.o
    0x0002a418   0x0002a418   0x00000022   Code   RO         4639    i.sdk_mapped_flags_first_key_index_get  sdk_mapped_flags.o
    0x0002a43a   0x0002a43a   0x00000010   Code   RO         4640    i.sdk_mapped_flags_get_by_index  sdk_mapped_flags.o
    0x0002a44a   0x0002a44a   0x00000026   Code   RO         4641    i.sdk_mapped_flags_get_by_key  sdk_mapped_flags.o
    0x0002a470   0x0002a470   0x0000004a   Code   RO         4643    i.sdk_mapped_flags_key_list_get  sdk_mapped_flags.o
    0x0002a4ba   0x0002a4ba   0x0000000e   Code   RO         4645    i.sdk_mapped_flags_update_by_key  sdk_mapped_flags.o
    0x0002a4c8   0x0002a4c8   0x000000b2   Code   RO         2339    i.sec_info_request_process  security_dispatcher.o
    0x0002a57a   0x0002a57a   0x00000076   Code   RO         2452    i.sec_params_verify  security_manager.o
    0x0002a5f0   0x0002a5f0   0x00000054   Code   RO         2340    i.sec_proc_start    security_dispatcher.o
    0x0002a644   0x0002a644   0x00000020   Code   RO         2341    i.sec_start_send    security_dispatcher.o
    0x0002a664   0x0002a664   0x00000010   Code   RO          820    i.send_error_evt    ble_conn_params.o
    0x0002a674   0x0002a674   0x00000028   Code   RO         4834    i.serial_tx         nrf_log_backend_uart.o
    0x0002a69c   0x0002a69c   0x00000058   Code   RO         1105    i.service_changed_pending_flags_check  gatt_cache_manager.o
    0x0002a6f4   0x0002a6f4   0x00000044   Code   RO         1208    i.service_changed_pending_set  gatts_cache_manager.o
    0x0002a738   0x0002a738   0x00000094   Code   RO         1106    i.service_changed_send_in_evt  gatt_cache_manager.o
    0x0002a7cc   0x0002a7cc   0x00000088   Code   RO          664    i.service_data_encode  ble_advdata.o
    0x0002a854   0x0002a854   0x00000028   Code   RO           14    i.sleep_mode_enter  main.o
    0x0002a87c   0x0002a87c   0x00000018   Code   RO         2453    i.sm_ble_evt_handler  security_manager.o
    0x0002a894   0x0002a894   0x00000018   Code   RO         2454    i.sm_conn_sec_config_reply  security_manager.o
    0x0002a8ac   0x0002a8ac   0x00000050   Code   RO         2455    i.sm_init           security_manager.o
    0x0002a8fc   0x0002a8fc   0x00000038   Code   RO         2458    i.sm_pdb_evt_handler  security_manager.o
    0x0002a934   0x0002a934   0x0000002c   Code   RO         2460    i.sm_sec_params_set  security_manager.o
    0x0002a960   0x0002a960   0x00000078   Code   RO         2461    i.sm_smd_evt_handler  security_manager.o
    0x0002a9d8   0x0002a9d8   0x000000ec   Code   RO         2342    i.smd_ble_evt_handler  security_dispatcher.o
    0x0002aac4   0x0002aac4   0x0000003c   Code   RO         2343    i.smd_init          security_dispatcher.o
    0x0002ab00   0x0002ab00   0x00000030   Code   RO         2344    i.smd_link_secure   security_dispatcher.o
    0x0002ab30   0x0002ab30   0x00000118   Code   RO         2345    i.smd_params_reply  security_dispatcher.o
    0x0002ac48   0x0002ac48   0x00000088   Code   RO         2462    i.smd_params_reply_perform  security_manager.o
    0x0002acd0   0x0002acd0   0x00000034   Code   RO         2346    i.smd_pdb_evt_handler  security_dispatcher.o
    0x0002ad04   0x0002ad04   0x0000000a   Code   RO         2592    i.soc_evt_handler   nrf_drv_clock.o
    0x0002ad0e   0x0002ad0e   0x00000002   PAD
    0x0002ad10   0x0002ad10   0x00000098   Code   RO         4962    i.std_n             nrf_log_frontend.o
    0x0002ada8   0x0002ada8   0x00000080   Code   RO         3465    i.timer_list_handler  app_timer.o
    0x0002ae28   0x0002ae28   0x0000003c   Code   RO         3466    i.timer_list_insert  app_timer.o
    0x0002ae64   0x0002ae64   0x00000060   Code   RO         3467    i.timer_list_remove  app_timer.o
    0x0002aec4   0x0002aec4   0x00000048   Code   RO         3468    i.timer_stop_op_schedule  app_timer.o
    0x0002af0c   0x0002af0c   0x00000074   Code   RO         3469    i.timer_timeouts_check  app_timer.o
    0x0002af80   0x0002af80   0x00000020   Code   RO         3056    i.tx_byte           nrf_drv_uart.o
    0x0002afa0   0x0002afa0   0x0000001c   Code   RO         3057    i.tx_done_event     nrf_drv_uart.o
    0x0002afbc   0x0002afbc   0x0000000c   Code   RO         4835    i.uart_evt_handler  nrf_log_backend_uart.o
    0x0002afc8   0x0002afc8   0x00000050   Code   RO         4836    i.uart_init         nrf_log_backend_uart.o
    0x0002b018   0x0002b018   0x0000011e   Code   RO         3058    i.uart_irq_handler  nrf_drv_uart.o
    0x0002b136   0x0002b136   0x000000f0   Code   RO         3059    i.uarte_irq_handler  nrf_drv_uart.o
    0x0002b226   0x0002b226   0x0000000a   Code   RO          665    i.uint16_encode     ble_advdata.o
    0x0002b230   0x0002b230   0x00000004   Code   RO         4315    i.uninit            nrf_fstorage_sd.o
    0x0002b234   0x0002b234   0x000000b4   Code   RO         4214    i.unsigned_print    nrf_fprintf_format.o
    0x0002b2e8   0x0002b2e8   0x00000068   Code   RO          821    i.update_timeout_handler  ble_conn_params.o
    0x0002b350   0x0002b350   0x00000018   Code   RO          902    i.user_flag_is_acquired  ble_conn_state.o
    0x0002b368   0x0002b368   0x00000030   Code   RO         3470    i.user_op_alloc     app_timer.o
    0x0002b398   0x0002b398   0x00000030   Code   RO          666    i.uuid_list_encode  ble_advdata.o
    0x0002b3c8   0x0002b3c8   0x0000009e   Code   RO          667    i.uuid_list_sized_encode  ble_advdata.o
    0x0002b466   0x0002b466   0x00000036   Code   RO         4316    i.write             nrf_fstorage_sd.o
    0x0002b49c   0x0002b49c   0x00000024   Code   RO         1732    i.write_buf_length_words_set  peer_database.o
    0x0002b4c0   0x0002b4c0   0x00000024   Code   RO         1733    i.write_buffer_record_find  peer_database.o
    0x0002b4e4   0x0002b4e4   0x0000002c   Code   RO         1734    i.write_buffer_record_find_next  peer_database.o
    0x0002b510   0x0002b510   0x0000001e   Code   RO         1735    i.write_buffer_record_invalidate  peer_database.o
    0x0002b52e   0x0002b52e   0x00000002   PAD
    0x0002b530   0x0002b530   0x0000002c   Code   RO         1736    i.write_buffer_record_release  peer_database.o
    0x0002b55c   0x0002b55c   0x000000e8   Code   RO         3755    i.write_enqueue     fds.o
    0x0002b644   0x0002b644   0x000000f4   Code   RO         3756    i.write_execute     fds.o
    0x0002b738   0x0002b738   0x00000014   Code   RO         3757    i.write_space_free  fds.o
    0x0002b74c   0x0002b74c   0x00000054   Code   RO         3758    i.write_space_reserve  fds.o
    0x0002b7a0   0x0002b7a0   0x00000008   Data   RO          352    .constdata          boards.o
    0x0002b7a8   0x0002b7a8   0x0000002c   Data   RO          472    .constdata          bsp.o
    0x0002b7d4   0x0002b7d4   0x00000004   Data   RO         1209    .constdata          gatts_cache_manager.o
    0x0002b7d8   0x0002b7d8   0x00000010   Data   RO         1210    .constdata          gatts_cache_manager.o
    0x0002b7e8   0x0002b7e8   0x00000004   Data   RO         1211    .constdata          gatts_cache_manager.o
    0x0002b7ec   0x0002b7ec   0x00000008   Data   RO         1311    .constdata          id_manager.o
    0x0002b7f4   0x0002b7f4   0x00000016   Data   RO         1484    .constdata          nrf_ble_gatt.o
    0x0002b80a   0x0002b80a   0x00000002   PAD
    0x0002b80c   0x0002b80c   0x00000004   Data   RO         1592    .constdata          peer_data_storage.o
    0x0002b810   0x0002b810   0x00000014   Data   RO         1738    .constdata          peer_database.o
    0x0002b824   0x0002b824   0x00000044   Data   RO         2348    .constdata          security_dispatcher.o
    0x0002b868   0x0002b868   0x00000004   Data   RO         2463    .constdata          security_manager.o
    0x0002b86c   0x0002b86c   0x00000004   Data   RO         2814    .constdata          nrf_drv_gpiote.o
    0x0002b870   0x0002b870   0x00000008   Data   RO         3262    .constdata          app_button.o
    0x0002b878   0x0002b878   0x00000014   Data   RO         3760    .constdata          fds.o
    0x0002b88c   0x0002b88c   0x00000010   Data   RO         4215    .constdata          nrf_fprintf_format.o
    0x0002b89c   0x0002b89c   0x00000008   Data   RO         4318    .constdata          nrf_fstorage_sd.o
    0x0002b8a4   0x0002b8a4   0x00000018   Data   RO         4319    .constdata          nrf_fstorage_sd.o
    0x0002b8bc   0x0002b8bc   0x00000104   Data   RO         4607    .constdata          nrf_strerror.o
    0x0002b9c0   0x0002b9c0   0x0000000c   Data   RO         4838    .constdata          nrf_log_backend_uart.o
    0x0002b9cc   0x0002b9cc   0x00000020   Data   RO         4839    .constdata          nrf_log_backend_uart.o
    0x0002b9ec   0x0002b9ec   0x00000014   Data   RO         4965    .constdata          nrf_log_frontend.o
    0x0002ba00   0x0002ba00   0x00000010   Data   RO         5424    .constdata          nrf_sdh.o
    0x0002ba10   0x0002ba10   0x00000028   Data   RO         5425    .constdata          nrf_sdh.o
    0x0002ba38   0x0002ba38   0x00000010   Data   RO         5426    .constdata          nrf_sdh.o
    0x0002ba48   0x0002ba48   0x00000010   Data   RO         5427    .constdata          nrf_sdh.o
    0x0002ba58   0x0002ba58   0x00000018   Data   RO         5541    .constdata          nrf_sdh_ble.o
    0x0002ba70   0x0002ba70   0x00000018   Data   RO         5542    .constdata          nrf_sdh_ble.o
    0x0002ba88   0x0002ba88   0x00000010   Data   RO         5588    .constdata          nrf_sdh_soc.o
    0x0002ba98   0x0002ba98   0x0000000c   Data   RO         5589    .constdata          nrf_sdh_soc.o
    0x0002baa4   0x0002baa4   0x00000081   Data   RO         5665    .constdata          mc_w.l(ctype_o.o)
    0x0002bb25   0x0002bb25   0x00000003   PAD
    0x0002bb28   0x0002bb28   0x00000004   Data   RO         5666    .constdata          mc_w.l(ctype_o.o)
    0x0002bb2c   0x0002bb2c   0x0000012d   Data   RO         1485    .conststring        nrf_ble_gatt.o
    0x0002bc59   0x0002bc59   0x00000003   PAD
    0x0002bc5c   0x0002bc5c   0x00000307   Data   RO         4608    .conststring        nrf_strerror.o
    0x0002bf63   0x0002bf63   0x00000001   PAD
    0x0002bf64   0x0002bf64   0x00000066   Data   RO         5134    .conststring        nrf_log_str_formatter.o
    0x0002bfca   0x0002bfca   0x00000002   PAD
    0x0002bfcc   0x0002bfcc   0x00000188   Data   RO         5543    .conststring        nrf_sdh_ble.o
    0x0002c154   0x0002c154   0x00000009   Data   RO         1486    .conststrlit        nrf_ble_gatt.o
    0x0002c15d   0x0002c15d   0x00000003   PAD
    0x0002c160   0x0002c160   0x00000006   Data   RO         2598    .conststrlit        nrf_drv_clock.o
    0x0002c166   0x0002c166   0x00000002   PAD
    0x0002c168   0x0002c168   0x00000007   Data   RO         2818    .conststrlit        nrf_drv_gpiote.o
    0x0002c16f   0x0002c16f   0x00000001   PAD
    0x0002c170   0x0002c170   0x00000005   Data   RO         3061    .conststrlit        nrf_drv_uart.o
    0x0002c175   0x0002c175   0x00000003   PAD
    0x0002c178   0x0002c178   0x00000007   Data   RO         4130    .conststrlit        nrf_balloc.o
    0x0002c17f   0x0002c17f   0x00000001   PAD
    0x0002c180   0x0002c180   0x00000009   Data   RO         4499    .conststrlit        nrf_pwr_mgmt.o
    0x0002c189   0x0002c189   0x00000003   PAD
    0x0002c18c   0x0002c18c   0x00000004   Data   RO         4967    .conststrlit        nrf_log_frontend.o
    0x0002c190   0x0002c190   0x00000008   Data   RO         5428    .conststrlit        nrf_sdh.o
    0x0002c198   0x0002c198   0x0000000c   Data   RO         5544    .conststrlit        nrf_sdh_ble.o
    0x0002c1a4   0x0002c1a4   0x0000000c   Data   RO         5590    .conststrlit        nrf_sdh_soc.o
    0x0002c1b0   0x0002c1b0   0x00000020   Data   RO         5724    Region$$Table       anon$$obj.o
    0x0002c1d0   0x0002c1d0   0x00000008   Data   RO         1487    log_const_data      nrf_ble_gatt.o
    0x0002c1d8   0x0002c1d8   0x00000008   Data   RO         2599    log_const_data      nrf_drv_clock.o
    0x0002c1e0   0x0002c1e0   0x00000008   Data   RO         2819    log_const_data      nrf_drv_gpiote.o
    0x0002c1e8   0x0002c1e8   0x00000008   Data   RO         3062    log_const_data      nrf_drv_uart.o
    0x0002c1f0   0x0002c1f0   0x00000008   Data   RO         4131    log_const_data      nrf_balloc.o
    0x0002c1f8   0x0002c1f8   0x00000008   Data   RO         4501    log_const_data      nrf_pwr_mgmt.o
    0x0002c200   0x0002c200   0x00000008   Data   RO         4971    log_const_data      nrf_log_frontend.o
    0x0002c208   0x0002c208   0x00000008   Data   RO         5430    log_const_data      nrf_sdh.o
    0x0002c210   0x0002c210   0x00000008   Data   RO         5545    log_const_data      nrf_sdh_ble.o
    0x0002c218   0x0002c218   0x00000008   Data   RO         5591    log_const_data      nrf_sdh_soc.o
    0x0002c220   0x0002c220   0x00000008   Data   RO          904    sdh_ble_observers0  ble_conn_state.o
    0x0002c228   0x0002c228   0x00000008   Data   RO           17    sdh_ble_observers1  main.o
    0x0002c230   0x0002c230   0x00000008   Data   RO          578    sdh_ble_observers1  bsp_btn_ble.o
    0x0002c238   0x0002c238   0x00000010   Data   RO           18    sdh_ble_observers2  main.o
    0x0002c248   0x0002c248   0x00000008   Data   RO          824    sdh_ble_observers2  ble_conn_params.o
    0x0002c250   0x0002c250   0x00000008   Data   RO         2011    sdh_ble_observers2  peer_manager.o
    0x0002c258   0x0002c258   0x00000008   Data   RO         4321    sdh_req_observers0  nrf_fstorage_sd.o
    0x0002c260   0x0002c260   0x00000008   Data   RO         2601    sdh_soc_observers0  nrf_drv_clock.o
    0x0002c268   0x0002c268   0x00000008   Data   RO         4322    sdh_soc_observers0  nrf_fstorage_sd.o
    0x0002c270   0x0002c270   0x00000008   Data   RO           19    sdh_soc_observers1  main.o
    0x0002c278   0x0002c278   0x00000008   Data   RO         5547    sdh_stack_observers0  nrf_sdh_ble.o
    0x0002c280   0x0002c280   0x00000008   Data   RO         5593    sdh_stack_observers0  nrf_sdh_soc.o
    0x0002c288   0x0002c288   0x00000008   Data   RO         2602    sdh_state_observers0  nrf_drv_clock.o
    0x0002c290   0x0002c290   0x00000008   Data   RO         4323    sdh_state_observers0  nrf_fstorage_sd.o


    Execution Region RW_IRAM1 (Exec base: 0x200020e0, Load base: 0x0002c298, Size: 0x00003100, Max: 0x0000df20, ABSOLUTE, COMPRESSED[0x00000058])

    Exec Addr    Load Addr    Size         Type   Attr      Idx    E Section Name        Object

    0x200020e0   COMPRESSED   0x00000006   Data   RW           16    .data               main.o
    0x200020e6   COMPRESSED   0x00000002   PAD
    0x200020e8   COMPRESSED   0x00000010   Data   RW          473    .data               bsp.o
    0x200020f8   COMPRESSED   0x00000008   Data   RW          577    .data               bsp_btn_ble.o
    0x20002100   COMPRESSED   0x00000008   Data   RW          823    .data               ble_conn_params.o
    0x20002108   COMPRESSED   0x0000000c   Data   RW         1107    .data               gatt_cache_manager.o
    0x20002114   COMPRESSED   0x0000000c   Data   RW         1212    .data               gatts_cache_manager.o
    0x20002120   COMPRESSED   0x00000003   Data   RW         1312    .data               id_manager.o
    0x20002123   COMPRESSED   0x00000001   PAD
    0x20002124   COMPRESSED   0x0000000c   Data   RW         1593    .data               peer_data_storage.o
    0x20002130   COMPRESSED   0x00000008   Data   RW         1739    .data               peer_database.o
    0x20002138   COMPRESSED   0x00000010   Data   RW         2010    .data               peer_manager.o
    0x20002148   COMPRESSED   0x00000004   Data   RW         2349    .data               security_dispatcher.o
    0x2000214c   COMPRESSED   0x00000015   Data   RW         2464    .data               security_manager.o
    0x20002161   COMPRESSED   0x00000003   PAD
    0x20002164   COMPRESSED   0x00000014   Data   RW         3263    .data               app_button.o
    0x20002178   COMPRESSED   0x00000014   Data   RW         3472    .data               app_timer.o
    0x2000218c   COMPRESSED   0x00000018   Data   RW         3761    .data               fds.o
    0x200021a4   COMPRESSED   0x00000008   Data   RW         4320    .data               nrf_fstorage_sd.o
    0x200021ac   COMPRESSED   0x0000000c   Data   RW         4840    .data               nrf_log_backend_uart.o
    0x200021b8   COMPRESSED   0x0000000c   Data   RW         4903    .data               nrf_log_default_backends.o
    0x200021c4   COMPRESSED   0x00000008   Data   RW         4969    .data               nrf_log_frontend.o
    0x200021cc   COMPRESSED   0x00000008   Data   RW         4970    .data               nrf_log_frontend.o
    0x200021d4   COMPRESSED   0x00000038   Data   RW         5135    .data               nrf_log_str_formatter.o
    0x2000220c   COMPRESSED   0x00000003   Data   RW         5429    .data               nrf_sdh.o
    0x2000220f   COMPRESSED   0x00000001   PAD
    0x20002210   COMPRESSED   0x00000004   Data   RW         5628    .data               system_nrf52.o
    0x20002214   COMPRESSED   0x00000014   Data   RW         3762    fs_data             fds.o
    0x20002228   COMPRESSED   0x0000000c   Data   RW         1488    log_dynamic_data    nrf_ble_gatt.o
    0x20002234   COMPRESSED   0x0000000c   Data   RW         2600    log_dynamic_data    nrf_drv_clock.o
    0x20002240   COMPRESSED   0x0000000c   Data   RW         2820    log_dynamic_data    nrf_drv_gpiote.o
    0x2000224c   COMPRESSED   0x0000000c   Data   RW         3063    log_dynamic_data    nrf_drv_uart.o
    0x20002258   COMPRESSED   0x0000000c   Data   RW         4132    log_dynamic_data    nrf_balloc.o
    0x20002264   COMPRESSED   0x0000000c   Data   RW         4502    log_dynamic_data    nrf_pwr_mgmt.o
    0x20002270   COMPRESSED   0x0000000c   Data   RW         4972    log_dynamic_data    nrf_log_frontend.o
    0x2000227c   COMPRESSED   0x0000000c   Data   RW         5431    log_dynamic_data    nrf_sdh.o
    0x20002288   COMPRESSED   0x0000000c   Data   RW         5546    log_dynamic_data    nrf_sdh_ble.o
    0x20002294   COMPRESSED   0x0000000c   Data   RW         5592    log_dynamic_data    nrf_sdh_soc.o
    0x200022a0        -       0x000000ec   Zero   RW           15    .bss                main.o
    0x2000238c        -       0x00000020   Zero   RW          468    .bss                bsp.o
    0x200023ac        -       0x00000020   Zero   RW          469    .bss                bsp.o
    0x200023cc        -       0x0000000c   Zero   RW          470    .bss                bsp.o
    0x200023d8        -       0x00000020   Zero   RW          471    .bss                bsp.o
    0x200023f8        -       0x00000050   Zero   RW          822    .bss                ble_conn_params.o
    0x20002448        -       0x000000b8   Zero   RW          903    .bss                ble_conn_state.o
    0x20002500        -       0x00000100   Zero   RW         1310    .bss                id_manager.o
    0x20002600        -       0x00000330   Zero   RW         1737    .bss                peer_database.o
    0x20002930        -       0x00000040   Zero   RW         1890    .bss                peer_id.o
    0x20002970        -       0x0000000c   Zero   RW         2008    .bss                peer_manager.o
    0x2000297c        -       0x00000040   Zero   RW         2347    .bss                security_dispatcher.o
    0x200029bc        -       0x00000014   Zero   RW         2593    .bss                nrf_drv_clock.o
    0x200029d0        -       0x00000058   Zero   RW         2813    .bss                nrf_drv_gpiote.o
    0x20002a28        -       0x00000020   Zero   RW         3060    .bss                nrf_drv_uart.o
    0x20002a48        -       0x00000020   Zero   RW         3261    .bss                app_button.o
    0x20002a68        -       0x0000010c   Zero   RW         3471    .bss                app_timer.o
    0x20002b74        -       0x0000000c   Zero   RW         3620    .bss                app_util_platform.o
    0x20002b80        -       0x000000c4   Zero   RW         3759    .bss                fds.o
    0x20002c44        -       0x00000078   Zero   RW         4317    .bss                nrf_fstorage_sd.o
    0x20002cbc        -       0x00000040   Zero   RW         4837    .bss                nrf_log_backend_uart.o
    0x20002cfc        -       0x000000c0   Zero   RW         4963    .bss                nrf_log_frontend.o
    0x20002dbc        -       0x00000420   Zero   RW         4964    .bss                nrf_log_frontend.o
    0x200031dc   COMPRESSED   0x00000004   PAD
    0x200031e0        -       0x00002000   Zero   RW         5616    STACK               arm_startup_nrf52.o

