Component: ARM Compiler 5.06 update 5 (build 528) Tool: armlink [4d35e2]

==============================================================================

Section Cross References

    main.o(i.assert_nrf_callback) refers to app_error.o(i.app_error_handler) for app_error_handler
    main.o(i.ble_evt_dispatch) refers to device_manager_peripheral.o(i.dm_ble_evt_handler) for dm_ble_evt_handler
    main.o(i.ble_evt_dispatch) refers to ble_conn_params.o(i.ble_conn_params_on_ble_evt) for ble_conn_params_on_ble_evt
    main.o(i.ble_evt_dispatch) refers to bsp_btn_ble.o(i.bsp_btn_ble_on_ble_evt) for bsp_btn_ble_on_ble_evt
    main.o(i.ble_evt_dispatch) refers to bsp.o(i.bsp_indication_set) for bsp_indication_set
    main.o(i.ble_evt_dispatch) refers to app_error.o(i.app_error_handler_bare) for app_error_handler_bare
    main.o(i.ble_evt_dispatch) refers to ble_advertising.o(i.ble_advertising_on_ble_evt) for ble_advertising_on_ble_evt
    main.o(i.ble_evt_dispatch) refers to main.o(.data) for .data
    main.o(i.ble_stack_init) refers to softdevice_handler.o(i.softdevice_handler_init) for softdevice_handler_init
    main.o(i.ble_stack_init) refers to app_error.o(i.app_error_handler_bare) for app_error_handler_bare
    main.o(i.ble_stack_init) refers to softdevice_handler.o(i.softdevice_enable_get_default_config) for softdevice_enable_get_default_config
    main.o(i.ble_stack_init) refers to softdevice_handler.o(i.sd_check_ram_start) for sd_check_ram_start
    main.o(i.ble_stack_init) refers to softdevice_handler.o(i.softdevice_enable) for softdevice_enable
    main.o(i.ble_stack_init) refers to softdevice_handler.o(i.softdevice_ble_evt_handler_set) for softdevice_ble_evt_handler_set
    main.o(i.ble_stack_init) refers to softdevice_handler.o(i.softdevice_sys_evt_handler_set) for softdevice_sys_evt_handler_set
    main.o(i.ble_stack_init) refers to main.o(.constdata) for .constdata
    main.o(i.ble_stack_init) refers to main.o(.bss) for .bss
    main.o(i.ble_stack_init) refers to main.o(i.ble_evt_dispatch) for ble_evt_dispatch
    main.o(i.ble_stack_init) refers to main.o(i.sys_evt_dispatch) for sys_evt_dispatch
    main.o(i.bsp_event_handler) refers to main.o(i.sleep_mode_enter) for sleep_mode_enter
    main.o(i.bsp_event_handler) refers to app_error.o(i.app_error_handler_bare) for app_error_handler_bare
    main.o(i.bsp_event_handler) refers to ble_advertising.o(i.ble_advertising_restart_without_whitelist) for ble_advertising_restart_without_whitelist
    main.o(i.bsp_event_handler) refers to main.o(.data) for .data
    main.o(i.conn_params_error_handler) refers to app_error.o(i.app_error_handler_bare) for app_error_handler_bare
    main.o(i.device_manager_evt_handler) refers to app_error.o(i.app_error_handler_bare) for app_error_handler_bare
    main.o(i.device_manager_init) refers to pstorage.o(i.pstorage_init) for pstorage_init
    main.o(i.device_manager_init) refers to app_error.o(i.app_error_handler_bare) for app_error_handler_bare
    main.o(i.device_manager_init) refers to device_manager_peripheral.o(i.dm_init) for dm_init
    main.o(i.device_manager_init) refers to device_manager_peripheral.o(i.dm_register) for dm_register
    main.o(i.device_manager_init) refers to main.o(i.device_manager_evt_handler) for device_manager_evt_handler
    main.o(i.device_manager_init) refers to main.o(.data) for .data
    main.o(i.main) refers to app_timer.o(i.app_timer_init) for app_timer_init
    main.o(i.main) refers to app_error.o(i.app_error_handler_bare) for app_error_handler_bare
    main.o(i.main) refers to bsp.o(i.bsp_init) for bsp_init
    main.o(i.main) refers to bsp_btn_ble.o(i.bsp_btn_ble_init) for bsp_btn_ble_init
    main.o(i.main) refers to main.o(i.ble_stack_init) for ble_stack_init
    main.o(i.main) refers to main.o(i.device_manager_init) for device_manager_init
    main.o(i.main) refers to memseta.o(.text) for __aeabi_memclr4
    main.o(i.main) refers to ble_advertising.o(i.ble_advertising_init) for ble_advertising_init
    main.o(i.main) refers to ble_conn_params.o(i.ble_conn_params_init) for ble_conn_params_init
    main.o(i.main) refers to ble_advertising.o(i.ble_advertising_start) for ble_advertising_start
    main.o(i.main) refers to main.o(.bss) for .bss
    main.o(i.main) refers to main.o(i.bsp_event_handler) for bsp_event_handler
    main.o(i.main) refers to main.o(.data) for .data
    main.o(i.main) refers to main.o(i.on_adv_evt) for on_adv_evt
    main.o(i.main) refers to main.o(i.on_conn_params_evt) for on_conn_params_evt
    main.o(i.main) refers to main.o(i.conn_params_error_handler) for conn_params_error_handler
    main.o(i.on_adv_evt) refers to bsp.o(i.bsp_indication_set) for bsp_indication_set
    main.o(i.on_adv_evt) refers to app_error.o(i.app_error_handler_bare) for app_error_handler_bare
    main.o(i.on_adv_evt) refers to main.o(i.sleep_mode_enter) for sleep_mode_enter
    main.o(i.on_conn_params_evt) refers to app_error.o(i.app_error_handler_bare) for app_error_handler_bare
[...]
    i.__scatterload_null                     0x0001c9be   Section        2  handlers.o(i.__scatterload_null)
    i.__scatterload_zeroinit                 0x0001c9c0   Section       14  handlers.o(i.__scatterload_zeroinit)
    i.adv_data_encode                        0x0001c9ce   Section        0  ble_advdata.o(i.adv_data_encode)
    i.advertising_buttons_configure          0x0001cbd0   Section        0  bsp_btn_ble.o(i.advertising_buttons_configure)
    advertising_buttons_configure            0x0001cbd1   Thumb Code    54  bsp_btn_ble.o(i.advertising_buttons_configure)
    i.alert_timer_handler                    0x0001cc08   Section        0  bsp.o(i.alert_timer_handler)
    alert_timer_handler                      0x0001cc09   Thumb Code    26  bsp.o(i.alert_timer_handler)
    i.app_button_enable                      0x0001cc28   Section        0  app_button.o(i.app_button_enable)
    i.app_button_init                        0x0001cc4c   Section        0  app_button.o(i.app_button_init)
    i.app_error_fault_handler                0x0001ccbc   Section        0  app_error_weak.o(i.app_error_fault_handler)
    i.app_error_handler_bare                 0x0001cce0   Section        0  app_error.o(i.app_error_handler_bare)
    i.app_evt_notify                         0x0001ccf8   Section        0  device_manager_peripheral.o(i.app_evt_notify)
    app_evt_notify                           0x0001ccf9   Thumb Code     6  device_manager_peripheral.o(i.app_evt_notify)
    i.app_notify                             0x0001cd04   Section        0  pstorage.o(i.app_notify)
    app_notify                               0x0001cd05   Thumb Code    36  pstorage.o(i.app_notify)
    i.app_notify_error_state_transit         0x0001cd30   Section        0  pstorage.o(i.app_notify_error_state_transit)
    app_notify_error_state_transit           0x0001cd31   Thumb Code    30  pstorage.o(i.app_notify_error_state_transit)
    i.app_timer_create                       0x0001cd54   Section        0  app_timer.o(i.app_timer_create)
    i.app_timer_init                         0x0001cd78   Section        0  app_timer.o(i.app_timer_init)
    i.app_timer_start                        0x0001ce08   Section        0  app_timer.o(i.app_timer_start)
    i.app_timer_stop                         0x0001ce88   Section        0  app_timer.o(i.app_timer_stop)
    i.ble_advdata_set                        0x0001ced8   Section        0  ble_advdata.o(i.ble_advdata_set)
    i.ble_advertising_init                   0x0001cf40   Section        0  ble_advertising.o(i.ble_advertising_init)
    i.ble_advertising_on_ble_evt             0x0001d05c   Section        0  ble_advertising.o(i.ble_advertising_on_ble_evt)
    i.ble_advertising_on_sys_evt             0x0001d0dc   Section        0  ble_advertising.o(i.ble_advertising_on_sys_evt)
    i.ble_advertising_peer_address_clear     0x0001d110   Section        0  ble_advertising.o(i.ble_advertising_peer_address_clear)
    ble_advertising_peer_address_clear       0x0001d111   Thumb Code    12  ble_advertising.o(i.ble_advertising_peer_address_clear)
    i.ble_advertising_restart_without_whitelist 0x0001d120   Section        0  ble_advertising.o(i.ble_advertising_restart_without_whitelist)
    i.ble_advertising_start                  0x0001d170   Section        0  ble_advertising.o(i.ble_advertising_start)
    i.ble_conn_params_init                   0x0001d350   Section        0  ble_conn_params.o(i.ble_conn_params_init)
    i.ble_conn_params_on_ble_evt             0x0001d3a8   Section        0  ble_conn_params.o(i.ble_conn_params_on_ble_evt)
    i.ble_device_addr_encode                 0x0001d42c   Section        0  ble_advdata.o(i.ble_device_addr_encode)
    ble_device_addr_encode                   0x0001d42d   Thumb Code    94  ble_advdata.o(i.ble_device_addr_encode)
    i.ble_evt_dispatch                       0x0001d48c   Section        0  main.o(i.ble_evt_dispatch)
    ble_evt_dispatch                         0x0001d48d   Thumb Code    66  main.o(i.ble_evt_dispatch)
    i.ble_stack_init                         0x0001d4d4   Section        0  main.o(i.ble_stack_init)
    ble_stack_init                           0x0001d4d5   Thumb Code    98  main.o(i.ble_stack_init)
    i.bond_data_load                         0x0001d54c   Section        0  device_manager_peripheral.o(i.bond_data_load)
    i.bsp_btn_ble_init                       0x0001d594   Section        0  bsp_btn_ble.o(i.bsp_btn_ble_init)
    i.bsp_btn_ble_on_ble_evt                 0x0001d5e0   Section        0  bsp_btn_ble.o(i.bsp_btn_ble_on_ble_evt)
    i.bsp_btn_ble_sleep_mode_prepare         0x0001d650   Section        0  bsp_btn_ble.o(i.bsp_btn_ble_sleep_mode_prepare)
    i.bsp_button_event_handler               0x0001d664   Section        0  bsp.o(i.bsp_button_event_handler)
    bsp_button_event_handler                 0x0001d665   Thumb Code   154  bsp.o(i.bsp_button_event_handler)
    i.bsp_button_is_pressed                  0x0001d70c   Section        0  bsp.o(i.bsp_button_is_pressed)
    i.bsp_event_handler                      0x0001d738   Section        0  main.o(i.bsp_event_handler)
    i.bsp_event_to_button_action_assign      0x0001d774   Section        0  bsp.o(i.bsp_event_to_button_action_assign)
    i.bsp_indication_set                     0x0001d7b8   Section        0  bsp.o(i.bsp_indication_set)
    i.bsp_init                               0x0001d7d0   Section        0  bsp.o(i.bsp_init)
    i.bsp_led_indication                     0x0001d874   Section        0  bsp.o(i.bsp_led_indication)
    bsp_led_indication                       0x0001d875   Thumb Code   536  bsp.o(i.bsp_led_indication)
    i.bsp_wakeup_buttons_set                 0x0001da98   Section        0  bsp.o(i.bsp_wakeup_buttons_set)
    i.button_timer_handler                   0x0001dad4   Section        0  bsp.o(i.button_timer_handler)
    button_timer_handler                     0x0001dad5   Thumb Code     8  bsp.o(i.button_timer_handler)
    i.channel_free                           0x0001dadc   Section        0  nrf_drv_gpiote.o(i.channel_free)
    channel_free                             0x0001dadd   Thumb Code    22  nrf_drv_gpiote.o(i.channel_free)
    i.channel_port_alloc                     0x0001daf8   Section        0  nrf_drv_gpiote.o(i.channel_port_alloc)
    channel_port_alloc                       0x0001daf9   Thumb Code    66  nrf_drv_gpiote.o(i.channel_port_alloc)
    i.channel_port_get                       0x0001db40   Section        0  nrf_drv_gpiote.o(i.channel_port_get)
    channel_port_get                         0x0001db41   Thumb Code    10  nrf_drv_gpiote.o(i.channel_port_get)
    i.clear_operation_execute                0x0001db50   Section        0  pstorage.o(i.clear_operation_execute)
    clear_operation_execute                  0x0001db51   Thumb Code   244  pstorage.o(i.clear_operation_execute)
    i.clear_post_processing_run              0x0001dc4c   Section        0  pstorage.o(i.clear_post_processing_run)
    clear_post_processing_run                0x0001dc4d   Thumb Code    28  pstorage.o(i.clear_post_processing_run)
    i.cmd_process                            0x0001dc6c   Section        0  pstorage.o(i.cmd_process)
    cmd_process                              0x0001dc6d   Thumb Code    44  pstorage.o(i.cmd_process)
    i.cmd_queue_element_init                 0x0001dca0   Section        0  pstorage.o(i.cmd_queue_element_init)
    cmd_queue_element_init                   0x0001dca1   Thumb Code    28  pstorage.o(i.cmd_queue_element_init)
    i.cmd_queue_enqueue                      0x0001dcc0   Section        0  pstorage.o(i.cmd_queue_enqueue)
    cmd_queue_enqueue                        0x0001dcc1   Thumb Code    74  pstorage.o(i.cmd_queue_enqueue)
    i.command_end_procedure_run              0x0001dd14   Section        0  pstorage.o(i.command_end_procedure_run)
    command_end_procedure_run                0x0001dd15   Thumb Code    60  pstorage.o(i.command_end_procedure_run)
    i.compare_reg_update                     0x0001dd54   Section        0  app_timer.o(i.compare_reg_update)
    compare_reg_update                       0x0001dd55   Thumb Code   160  app_timer.o(i.compare_reg_update)
    i.conn_int_encode                        0x0001de00   Section        0  ble_advdata.o(i.conn_int_encode)
    conn_int_encode                          0x0001de01   Thumb Code   136  ble_advdata.o(i.conn_int_encode)
    i.conn_params_error_handler              0x0001de88   Section        0  main.o(i.conn_params_error_handler)
    conn_params_error_handler                0x0001de89   Thumb Code     4  main.o(i.conn_params_error_handler)
    i.conn_params_negotiation                0x0001de8c   Section        0  ble_conn_params.o(i.conn_params_negotiation)
    conn_params_negotiation                  0x0001de8d   Thumb Code    78  ble_conn_params.o(i.conn_params_negotiation)
    i.connection_instance_find               0x0001dee8   Section        0  device_manager_peripheral.o(i.connection_instance_find)
    connection_instance_find                 0x0001dee9   Thumb Code    40  device_manager_peripheral.o(i.connection_instance_find)
    i.connection_instance_init               0x0001df14   Section        0  device_manager_peripheral.o(i.connection_instance_init)
    connection_instance_init                 0x0001df15   Thumb Code    34  device_manager_peripheral.o(i.connection_instance_init)
    i.data_page_erase_state_run              0x0001df3c   Section        0  pstorage.o(i.data_page_erase_state_run)
    data_page_erase_state_run                0x0001df3d   Thumb Code    80  pstorage.o(i.data_page_erase_state_run)
    i.data_to_swap_write_state_run           0x0001df90   Section        0  pstorage.o(i.data_to_swap_write_state_run)
    data_to_swap_write_state_run             0x0001df91   Thumb Code    28  pstorage.o(i.data_to_swap_write_state_run)
    i.detection_delay_timeout_handler        0x0001dfb0   Section        0  app_button.o(i.detection_delay_timeout_handler)
    detection_delay_timeout_handler          0x0001dfb1   Thumb Code    92  app_button.o(i.detection_delay_timeout_handler)
    i.device_context_store                   0x0001e010   Section        0  device_manager_peripheral.o(i.device_context_store)
    device_context_store                     0x0001e011   Thumb Code   162  device_manager_peripheral.o(i.device_context_store)
    i.device_instance_find                   0x0001e0d0   Section        0  device_manager_peripheral.o(i.device_instance_find)
    device_instance_find                     0x0001e0d1   Thumb Code    66  device_manager_peripheral.o(i.device_instance_find)
    i.device_instance_free                   0x0001e118   Section        0  device_manager_peripheral.o(i.device_instance_free)
    device_instance_free                     0x0001e119   Thumb Code    40  device_manager_peripheral.o(i.device_instance_free)
    i.device_manager_evt_handler             0x0001e144   Section        0  main.o(i.device_manager_evt_handler)
    device_manager_evt_handler               0x0001e145   Thumb Code    14  main.o(i.device_manager_evt_handler)
    i.device_manager_init                    0x0001e154   Section        0  main.o(i.device_manager_init)
    device_manager_init                      0x0001e155   Thumb Code   100  main.o(i.device_manager_init)
    i.dm_ble_evt_handler                     0x0001e1c0   Section        0  device_manager_peripheral.o(i.dm_ble_evt_handler)
    i.dm_handle_initialize                   0x0001e616   Section        0  device_manager_peripheral.o(i.dm_handle_initialize)
    i.dm_init                                0x0001e62c   Section        0  device_manager_peripheral.o(i.dm_init)
    i.dm_pstorage_cb_handler                 0x0001e6f4   Section        0  device_manager_peripheral.o(i.dm_pstorage_cb_handler)
    dm_pstorage_cb_handler                   0x0001e6f5   Thumb Code   374  device_manager_peripheral.o(i.dm_pstorage_cb_handler)
    i.dm_register                            0x0001e87c   Section        0  device_manager_peripheral.o(i.dm_register)
    i.elapsed_ticks_acquire                  0x0001e8e4   Section        0  app_timer.o(i.elapsed_ticks_acquire)
    elapsed_ticks_acquire                    0x0001e8e5   Thumb Code    58  app_timer.o(i.elapsed_ticks_acquire)
    i.flash_api_err_code_process             0x0001e924   Section        0  pstorage.o(i.flash_api_err_code_process)
    flash_api_err_code_process               0x0001e925   Thumb Code    24  pstorage.o(i.flash_api_err_code_process)
    i.flash_operation_success_run            0x0001e940   Section        0  pstorage.o(i.flash_operation_success_run)
    flash_operation_success_run              0x0001e941   Thumb Code   126  pstorage.o(i.flash_operation_success_run)
    i.flash_page_erase                       0x0001e9cc   Section        0  pstorage.o(i.flash_page_erase)
    flash_page_erase                         0x0001e9cd   Thumb Code     6  pstorage.o(i.flash_page_erase)
    i.flash_write                            0x0001e9d2   Section        0  pstorage.o(i.flash_write)
    flash_write                              0x0001e9d3   Thumb Code     6  pstorage.o(i.flash_write)
    i.fs_queued_op_count_get                 0x0001e9d8   Section        0  fstorage.o(i.fs_queued_op_count_get)
    i.gattc_context_apply                    0x0001e9ec   Section        0  device_manager_peripheral.o(i.gattc_context_apply)
    gattc_context_apply                      0x0001e9ed   Thumb Code     4  device_manager_peripheral.o(i.gattc_context_apply)
    i.gattc_context_load                     0x0001e9f0   Section        0  device_manager_peripheral.o(i.gattc_context_load)
    gattc_context_load                       0x0001e9f1   Thumb Code     4  device_manager_peripheral.o(i.gattc_context_load)
    i.gattc_context_store                    0x0001e9f4   Section        0  device_manager_peripheral.o(i.gattc_context_store)
    gattc_context_store                      0x0001e9f5   Thumb Code     4  device_manager_peripheral.o(i.gattc_context_store)
    i.gatts_context_apply                    0x0001e9f8   Section        0  device_manager_peripheral.o(i.gatts_context_apply)
    gatts_context_apply                      0x0001e9f9   Thumb Code   176  device_manager_peripheral.o(i.gatts_context_apply)
    i.gatts_context_load                     0x0001eaac   Section        0  device_manager_peripheral.o(i.gatts_context_load)
    gatts_context_load                       0x0001eaad   Thumb Code    50  device_manager_peripheral.o(i.gatts_context_load)
    i.gatts_context_store                    0x0001eae4   Section        0  device_manager_peripheral.o(i.gatts_context_store)
    gatts_context_store                      0x0001eae5   Thumb Code   186  device_manager_peripheral.o(i.gatts_context_store)
    i.gattsc_context_apply                   0x0001ebac   Section        0  device_manager_peripheral.o(i.gattsc_context_apply)
    gattsc_context_apply                     0x0001ebad   Thumb Code     4  device_manager_peripheral.o(i.gattsc_context_apply)
    i.gattsc_context_load                    0x0001ebb0   Section        0  device_manager_peripheral.o(i.gattsc_context_load)
    gattsc_context_load                      0x0001ebb1   Thumb Code     4  device_manager_peripheral.o(i.gattsc_context_load)
    i.gattsc_context_store                   0x0001ebb4   Section        0  device_manager_peripheral.o(i.gattsc_context_store)
    gattsc_context_store                     0x0001ebb5   Thumb Code     4  device_manager_peripheral.o(i.gattsc_context_store)
    i.gpiote_event_handler                   0x0001ebb8   Section        0  app_button.o(i.gpiote_event_handler)
    gpiote_event_handler                     0x0001ebb9   Thumb Code    78  app_button.o(i.gpiote_event_handler)
    i.head_restore_state_run                 0x0001ec10   Section        0  pstorage.o(i.head_restore_state_run)
    head_restore_state_run                   0x0001ec11   Thumb Code   110  pstorage.o(i.head_restore_state_run)
    i.intern_softdevice_events_execute       0x0001ec88   Section        0  softdevice_handler.o(i.intern_softdevice_events_execute)
    i.is_conn_params_ok                      0x0001ecf8   Section        0  ble_conn_params.o(i.is_conn_params_ok)
    is_conn_params_ok                        0x0001ecf9   Thumb Code    24  ble_conn_params.o(i.is_conn_params_ok)
    i.is_page_erase_required                 0x0001ed14   Section        0  pstorage.o(i.is_page_erase_required)
    is_page_erase_required                   0x0001ed15   Thumb Code    60  pstorage.o(i.is_page_erase_required)
    i.is_word_aligned                        0x0001ed58   Section        0  pstorage.o(i.is_word_aligned)
    is_word_aligned                          0x0001ed59   Thumb Code    12  pstorage.o(i.is_word_aligned)
    i.le_role_encode                         0x0001ed64   Section        0  ble_advdata.o(i.le_role_encode)
    le_role_encode                           0x0001ed65   Thumb Code    84  ble_advdata.o(i.le_role_encode)
    i.leds_timer_handler                     0x0001edb8   Section        0  bsp.o(i.leds_timer_handler)
    leds_timer_handler                       0x0001edb9   Thumb Code    16  bsp.o(i.leds_timer_handler)
    i.list_deletions_handler                 0x0001edcc   Section        0  app_timer.o(i.list_deletions_handler)
    list_deletions_handler                   0x0001edcd   Thumb Code   178  app_timer.o(i.list_deletions_handler)
    i.list_insertions_handler                0x0001ee88   Section        0  app_timer.o(i.list_insertions_handler)
    list_insertions_handler                  0x0001ee89   Thumb Code   196  app_timer.o(i.list_insertions_handler)
    i.main                                   0x0001ef54   Section        0  main.o(i.main)
    i.main_state_err_busy_process            0x0001f0b0   Section        0  pstorage.o(i.main_state_err_busy_process)
    main_state_err_busy_process              0x0001f0b1   Thumb Code    16  pstorage.o(i.main_state_err_busy_process)
    i.manuf_specific_data_encode             0x0001f0c4   Section        0  ble_advdata.o(i.manuf_specific_data_encode)
    manuf_specific_data_encode               0x0001f0c5   Thumb Code   100  ble_advdata.o(i.manuf_specific_data_encode)
    i.name_encode                            0x0001f128   Section        0  ble_advdata.o(i.name_encode)
    name_encode                              0x0001f129   Thumb Code   156  ble_advdata.o(i.name_encode)
    i.no_service_context_apply               0x0001f1c4   Section        0  device_manager_peripheral.o(i.no_service_context_apply)
    no_service_context_apply                 0x0001f1c5   Thumb Code     4  device_manager_peripheral.o(i.no_service_context_apply)
    i.no_service_context_load                0x0001f1c8   Section        0  device_manager_peripheral.o(i.no_service_context_load)
    no_service_context_load                  0x0001f1c9   Thumb Code     4  device_manager_peripheral.o(i.no_service_context_load)
    i.no_service_context_store               0x0001f1cc   Section        0  device_manager_peripheral.o(i.no_service_context_store)
    no_service_context_store                 0x0001f1cd   Thumb Code     4  device_manager_peripheral.o(i.no_service_context_store)
    i.nrf_drv_common_irq_enable              0x0001f1d0   Section        0  nrf_drv_common.o(i.nrf_drv_common_irq_enable)
    i.nrf_drv_gpiote_in_event_enable         0x0001f208   Section        0  nrf_drv_gpiote.o(i.nrf_drv_gpiote_in_event_enable)
    i.nrf_drv_gpiote_in_init                 0x0001f2ac   Section        0  nrf_drv_gpiote.o(i.nrf_drv_gpiote_in_init)
    i.nrf_drv_gpiote_in_is_set               0x0001f364   Section        0  nrf_drv_gpiote.o(i.nrf_drv_gpiote_in_is_set)
    i.nrf_drv_gpiote_init                    0x0001f378   Section        0  nrf_drv_gpiote.o(i.nrf_drv_gpiote_init)
    i.nrf_drv_gpiote_is_init                 0x0001f3cc   Section        0  nrf_drv_gpiote.o(i.nrf_drv_gpiote_is_init)
    i.nrf_gpio_cfg                           0x0001f3e0   Section        0  nrf_drv_gpiote.o(i.nrf_gpio_cfg)
    nrf_gpio_cfg                             0x0001f3e1   Thumb Code    34  nrf_drv_gpiote.o(i.nrf_gpio_cfg)
    i.nrf_gpio_cfg_sense_set                 0x0001f402   Section        0  nrf_drv_gpiote.o(i.nrf_gpio_cfg_sense_set)
    nrf_gpio_cfg_sense_set                   0x0001f403   Thumb Code    28  nrf_drv_gpiote.o(i.nrf_gpio_cfg_sense_set)
    i.nrf_gpiote_event_clear                 0x0001f420   Section        0  nrf_drv_gpiote.o(i.nrf_gpiote_event_clear)
    nrf_gpiote_event_clear                   0x0001f421   Thumb Code    16  nrf_drv_gpiote.o(i.nrf_gpiote_event_clear)
    i.nrf_gpiote_event_is_set                0x0001f434   Section        0  nrf_drv_gpiote.o(i.nrf_gpiote_event_is_set)
    nrf_gpiote_event_is_set                  0x0001f435   Thumb Code    12  nrf_drv_gpiote.o(i.nrf_gpiote_event_is_set)
    i.nrf_uart_event_check                   0x0001f444   Section        0  nrf_drv_uart.o(i.nrf_uart_event_check)
    nrf_uart_event_check                     0x0001f445   Thumb Code    10  nrf_drv_uart.o(i.nrf_uart_event_check)
    i.nrf_uart_int_enable_check              0x0001f44e   Section        0  nrf_drv_uart.o(i.nrf_uart_int_enable_check)
    nrf_uart_int_enable_check                0x0001f44f   Thumb Code    12  nrf_drv_uart.o(i.nrf_uart_int_enable_check)
    i.nrf_uarte_event_check                  0x0001f45a   Section        0  nrf_drv_uart.o(i.nrf_uarte_event_check)
    nrf_uarte_event_check                    0x0001f45b   Thumb Code    10  nrf_drv_uart.o(i.nrf_uarte_event_check)
    i.on_adv_evt                             0x0001f464   Section        0  main.o(i.on_adv_evt)
    on_adv_evt                               0x0001f465   Thumb Code    36  main.o(i.on_adv_evt)
    i.on_conn_params_evt                     0x0001f488   Section        0  main.o(i.on_conn_params_evt)
    on_conn_params_evt                       0x0001f489   Thumb Code    24  main.o(i.on_conn_params_evt)
    i.peer_address_exists                    0x0001f4a4   Section        0  ble_advertising.o(i.peer_address_exists)
    peer_address_exists                      0x0001f4a5   Thumb Code    20  ble_advertising.o(i.peer_address_exists)
    i.peer_instance_init                     0x0001f4b8   Section        0  device_manager_peripheral.o(i.peer_instance_init)
    peer_instance_init                       0x0001f4b9   Thumb Code    60  device_manager_peripheral.o(i.peer_instance_init)
    i.pin_in_use_by_port                     0x0001f4f8   Section        0  nrf_drv_gpiote.o(i.pin_in_use_by_port)
    pin_in_use_by_port                       0x0001f4f9   Thumb Code    20  nrf_drv_gpiote.o(i.pin_in_use_by_port)
    i.pin_in_use_by_te                       0x0001f510   Section        0  nrf_drv_gpiote.o(i.pin_in_use_by_te)
    pin_in_use_by_te                         0x0001f511   Thumb Code    20  nrf_drv_gpiote.o(i.pin_in_use_by_te)
    i.pstorage_access_status_get             0x0001f528   Section        0  pstorage.o(i.pstorage_access_status_get)
    i.pstorage_block_identifier_get          0x0001f54c   Section        0  pstorage.o(i.pstorage_block_identifier_get)
    i.pstorage_clear                         0x0001f5a0   Section        0  pstorage.o(i.pstorage_clear)
    i.pstorage_flash_page_end                0x0001f63c   Section        0  pstorage.o(i.pstorage_flash_page_end)
    pstorage_flash_page_end                  0x0001f63d   Thumb Code    30  pstorage.o(i.pstorage_flash_page_end)
    i.pstorage_flash_page_size               0x0001f65a   Section        0  pstorage.o(i.pstorage_flash_page_size)
    pstorage_flash_page_size                 0x0001f65b   Thumb Code    10  pstorage.o(i.pstorage_flash_page_size)
    i.pstorage_init                          0x0001f664   Section        0  pstorage.o(i.pstorage_init)
    i.pstorage_load                          0x0001f6c4   Section        0  pstorage.o(i.pstorage_load)
    i.pstorage_register                      0x0001f76c   Section        0  pstorage.o(i.pstorage_register)
    i.pstorage_store                         0x0001f820   Section        0  pstorage.o(i.pstorage_store)
    i.pstorage_sys_event_handler             0x0001f8a8   Section        0  pstorage.o(i.pstorage_sys_event_handler)
    i.pstorage_update                        0x0001f8f0   Section        0  pstorage.o(i.pstorage_update)
    i.rtc1_stop                              0x0001f978   Section        0  app_timer.o(i.rtc1_stop)
    rtc1_stop                                0x0001f979   Thumb Code    52  app_timer.o(i.rtc1_stop)
    i.rx_byte                                0x0001f9b4   Section        0  nrf_drv_uart.o(i.rx_byte)
    rx_byte                                  0x0001f9b5   Thumb Code    38  nrf_drv_uart.o(i.rx_byte)
    i.rx_done_event                          0x0001f9e4   Section        0  nrf_drv_uart.o(i.rx_done_event)
    rx_done_event                            0x0001f9e5   Thumb Code    26  nrf_drv_uart.o(i.rx_done_event)
    i.sd_check_ram_start                     0x0001fa04   Section        0  softdevice_handler.o(i.sd_check_ram_start)
    i.sd_nvic_EnableIRQ                      0x0001fa14   Section        0  softdevice_handler.o(i.sd_nvic_EnableIRQ)
    sd_nvic_EnableIRQ                        0x0001fa15   Thumb Code   128  softdevice_handler.o(i.sd_nvic_EnableIRQ)
    i.service_data_encode                    0x0001fa9c   Section        0  ble_advdata.o(i.service_data_encode)
    service_data_encode                      0x0001fa9d   Thumb Code   136  ble_advdata.o(i.service_data_encode)
    i.sleep_mode_enter                       0x0001fb24   Section        0  main.o(i.sleep_mode_enter)
    sleep_mode_enter                         0x0001fb25   Thumb Code    40  main.o(i.sleep_mode_enter)
    i.sm_state_change                        0x0001fb4c   Section        0  pstorage.o(i.sm_state_change)
    sm_state_change                          0x0001fb4d   Thumb Code    52  pstorage.o(i.sm_state_change)
    i.softdevice_ble_evt_handler_set         0x0001fb88   Section        0  softdevice_handler.o(i.softdevice_ble_evt_handler_set)
    i.softdevice_enable                      0x0001fb9c   Section        0  softdevice_handler.o(i.softdevice_enable)
    i.softdevice_enable_get_default_config   0x0001fbb0   Section        0  softdevice_handler.o(i.softdevice_enable_get_default_config)
    i.softdevice_fault_handler               0x0001fbd6   Section        0  softdevice_handler.o(i.softdevice_fault_handler)
    i.softdevice_handler_init                0x0001fbdc   Section        0  softdevice_handler.o(i.softdevice_handler_init)
    i.softdevice_sys_evt_handler_set         0x0001fc10   Section        0  softdevice_handler.o(i.softdevice_sys_evt_handler_set)
    i.state_data_erase_swap_entry_run        0x0001fc24   Section        0  pstorage.o(i.state_data_erase_swap_entry_run)
    state_data_erase_swap_entry_run          0x0001fc25   Thumb Code    96  pstorage.o(i.state_data_erase_swap_entry_run)
    i.state_erase_data_page_entry_run        0x0001fc8c   Section        0  pstorage.o(i.state_erase_data_page_entry_run)
    state_erase_data_page_entry_run          0x0001fc8d   Thumb Code     8  pstorage.o(i.state_erase_data_page_entry_run)
    i.state_restore_head_entry_run           0x0001fc98   Section        0  pstorage.o(i.state_restore_head_entry_run)
    state_restore_head_entry_run             0x0001fc99   Thumb Code    38  pstorage.o(i.state_restore_head_entry_run)
    i.state_restore_tail_entry_run           0x0001fcc4   Section        0  pstorage.o(i.state_restore_tail_entry_run)
    state_restore_tail_entry_run             0x0001fcc5   Thumb Code    72  pstorage.o(i.state_restore_tail_entry_run)
    i.state_swap_erase_entry_run             0x0001fd14   Section        0  pstorage.o(i.state_swap_erase_entry_run)
    state_swap_erase_entry_run               0x0001fd15   Thumb Code    30  pstorage.o(i.state_swap_erase_entry_run)
    i.state_write_data_swap_entry_run        0x0001fd34   Section        0  pstorage.o(i.state_write_data_swap_entry_run)
    state_write_data_swap_entry_run          0x0001fd35   Thumb Code    44  pstorage.o(i.state_write_data_swap_entry_run)
    i.storage_operation_dummy_handler        0x0001fd64   Section        0  device_manager_peripheral.o(i.storage_operation_dummy_handler)
    storage_operation_dummy_handler          0x0001fd65   Thumb Code     4  device_manager_peripheral.o(i.storage_operation_dummy_handler)
    i.store_cmd_flash_write_execute          0x0001fd68   Section        0  pstorage.o(i.store_cmd_flash_write_execute)
    store_cmd_flash_write_execute            0x0001fd69   Thumb Code    84  pstorage.o(i.store_cmd_flash_write_execute)
    i.swap_erase_state_run                   0x0001fdc4   Section        0  pstorage.o(i.swap_erase_state_run)
    swap_erase_state_run                     0x0001fdc5   Thumb Code    18  pstorage.o(i.swap_erase_state_run)
    i.swap_sub_state_err_busy_process        0x0001fddc   Section        0  pstorage.o(i.swap_sub_state_err_busy_process)
    swap_sub_state_err_busy_process          0x0001fddd   Thumb Code    16  pstorage.o(i.swap_sub_state_err_busy_process)
    i.swap_sub_state_state_change            0x0001fdf0   Section        0  pstorage.o(i.swap_sub_state_state_change)
    swap_sub_state_state_change              0x0001fdf1   Thumb Code    12  pstorage.o(i.swap_sub_state_state_change)
    i.sys_evt_dispatch                       0x0001fe04   Section        0  main.o(i.sys_evt_dispatch)
    sys_evt_dispatch                         0x0001fe05   Thumb Code    18  main.o(i.sys_evt_dispatch)
    i.tail_restore_state_run                 0x0001fe18   Section        0  pstorage.o(i.tail_restore_state_run)
    tail_restore_state_run                   0x0001fe19   Thumb Code    16  pstorage.o(i.tail_restore_state_run)
    i.timer_list_handler                     0x0001fe2c   Section        0  app_timer.o(i.timer_list_handler)
    timer_list_handler                       0x0001fe2d   Thumb Code   134  app_timer.o(i.timer_list_handler)
    i.timer_list_insert                      0x0001feb8   Section        0  app_timer.o(i.timer_list_insert)
    timer_list_insert                        0x0001feb9   Thumb Code    56  app_timer.o(i.timer_list_insert)
    i.timer_timeouts_check                   0x0001fef4   Section        0  app_timer.o(i.timer_timeouts_check)
    timer_timeouts_check                     0x0001fef5   Thumb Code   124  app_timer.o(i.timer_timeouts_check)
    i.tx_byte                                0x0001ff78   Section        0  nrf_drv_uart.o(i.tx_byte)
    tx_byte                                  0x0001ff79   Thumb Code    28  nrf_drv_uart.o(i.tx_byte)
    i.tx_done_event                          0x0001ff9c   Section        0  nrf_drv_uart.o(i.tx_done_event)
    tx_done_event                            0x0001ff9d   Thumb Code    30  nrf_drv_uart.o(i.tx_done_event)
    i.uart_irq_handler                       0x0001ffc0   Section        0  nrf_drv_uart.o(i.uart_irq_handler)
    uart_irq_handler                         0x0001ffc1   Thumb Code   254  nrf_drv_uart.o(i.uart_irq_handler)
    i.uarte_irq_handler                      0x000200c8   Section        0  nrf_drv_uart.o(i.uarte_irq_handler)
    uarte_irq_handler                        0x000200c9   Thumb Code   206  nrf_drv_uart.o(i.uarte_irq_handler)
    i.uint16_encode                          0x000201a0   Section        0  ble_advdata.o(i.uint16_encode)
    uint16_encode                            0x000201a1   Thumb Code    10  ble_advdata.o(i.uint16_encode)
    i.update_status_bit_reset                0x000201ac   Section        0  device_manager_peripheral.o(i.update_status_bit_reset)
    update_status_bit_reset                  0x000201ad   Thumb Code    14  device_manager_peripheral.o(i.update_status_bit_reset)
    i.update_timeout_handler                 0x000201c0   Section        0  ble_conn_params.o(i.update_timeout_handler)
    update_timeout_handler                   0x000201c1   Thumb Code    88  ble_conn_params.o(i.update_timeout_handler)
    i.user_id_get                            0x00020220   Section        0  app_timer.o(i.user_id_get)
    user_id_get                              0x00020221   Thumb Code    62  app_timer.o(i.user_id_get)
    i.user_op_alloc                          0x0002025e   Section        0  app_timer.o(i.user_op_alloc)
    user_op_alloc                            0x0002025f   Thumb Code    40  app_timer.o(i.user_op_alloc)
    i.uuid_list_encode                       0x00020286   Section        0  ble_advdata.o(i.uuid_list_encode)
    uuid_list_encode                         0x00020287   Thumb Code    48  ble_advdata.o(i.uuid_list_encode)
    i.uuid_list_sized_encode                 0x000202b6   Section        0  ble_advdata.o(i.uuid_list_sized_encode)
    uuid_list_sized_encode                   0x000202b7   Thumb Code   158  ble_advdata.o(i.uuid_list_sized_encode)
    i.whitelist_has_entries                  0x00020354   Section        0  ble_advertising.o(i.whitelist_has_entries)
    whitelist_has_entries                    0x00020355   Thumb Code    14  ble_advertising.o(i.whitelist_has_entries)
    .constdata                               0x00020364   Section        4  main.o(.constdata)
    .constdata                               0x00020368   Section       60  bsp.o(.constdata)
    m_leds_timer_id                          0x00020368   Data           4  bsp.o(.constdata)
    m_alert_timer_id                         0x0002036c   Data           4  bsp.o(.constdata)
    m_button_timer_id                        0x00020370   Data           4  bsp.o(.constdata)
    m_buttons_list                           0x00020374   Data          16  bsp.o(.constdata)
    app_buttons                              0x00020384   Data          32  bsp.o(.constdata)
    .constdata                               0x000203a4   Section        4  ble_conn_params.o(.constdata)
    m_conn_params_timer_id                   0x000203a4   Data           4  ble_conn_params.o(.constdata)
    .constdata                               0x000203a8   Section       52  device_manager_peripheral.o(.constdata)
    .constdata                               0x000203dc   Section       40  pstorage.o(.constdata)
    swap_sub_state_sm_lut                    0x000203dc   Data          20  pstorage.o(.constdata)
    swap_sub_state_sm_lut                    0x000203f0   Data          20  pstorage.o(.constdata)
    .constdata                               0x00020404   Section        8  app_button.o(.constdata)
    m_detection_delay_timer_id               0x00020404   Data           4  app_button.o(.constdata)
    .data                                    0x20002080   Section        8  main.o(.data)
    m_app_handle                             0x20002080   Data           1  main.o(.data)
    m_conn_handle                            0x20002082   Data           2  main.o(.data)
    m_adv_uuids                              0x20002084   Data           4  main.o(.data)
    .data                                    0x20002088   Section       24  bsp.o(.data)
    m_stable_state                           0x20002088   Data           1  bsp.o(.data)
    current_long_push_pin_no                 0x20002089   Data           1  bsp.o(.data)
    m_app_ticks_per_100ms                    0x2000208c   Data           4  bsp.o(.data)
    m_indication_type                        0x20002090   Data           4  bsp.o(.data)
    m_alert_mask                             0x20002094   Data           4  bsp.o(.data)
    m_registered_callback                    0x20002098   Data           4  bsp.o(.data)
    release_event_at_push                    0x2000209c   Data           4  bsp.o(.data)
    .data                                    0x200020a0   Section        8  bsp_btn_ble.o(.data)
    m_error_handler                          0x200020a0   Data           4  bsp_btn_ble.o(.data)
    m_num_connections                        0x200020a4   Data           4  bsp_btn_ble.o(.data)
    .data                                    0x200020a8   Section       31  ble_advertising.o(.data)
    m_advertising_start_pending              0x200020a8   Data           1  ble_advertising.o(.data)
    m_whitelist_temporarily_disabled         0x200020a9   Data           1  ble_advertising.o(.data)
    m_whitelist_reply_expected               0x200020aa   Data           1  ble_advertising.o(.data)
    m_peer_addr_reply_expected               0x200020ab   Data           1  ble_advertising.o(.data)
    m_adv_evt                                0x200020ac   Data           1  ble_advertising.o(.data)
    m_adv_mode_current                       0x200020ad   Data           1  ble_advertising.o(.data)
    m_tx_power_level                         0x200020ae   Data           1  ble_advertising.o(.data)
    current_slave_link_conn_handle           0x200020b0   Data           2  ble_advertising.o(.data)
    m_evt_handler                            0x200020b4   Data           4  ble_advertising.o(.data)
    m_error_handler                          0x200020b8   Data           4  ble_advertising.o(.data)
    m_slave_conn_int                         0x200020bc   Data           4  ble_advertising.o(.data)
    m_peer_address                           0x200020c0   Data           7  ble_advertising.o(.data)
    .data                                    0x200020c8   Section       20  ble_conn_params.o(.data)
    m_change_param                           0x200020c8   Data           1  ble_conn_params.o(.data)
    m_update_count                           0x200020c9   Data           1  ble_conn_params.o(.data)
    m_conn_handle                            0x200020ca   Data           2  ble_conn_params.o(.data)
    m_preferred_conn_params                  0x200020cc   Data           8  ble_conn_params.o(.data)
    m_current_conn_params                    0x200020d4   Data           8  ble_conn_params.o(.data)
    .data                                    0x200020dc   Section       24  device_manager_peripheral.o(.data)
    m_module_initialized                     0x200020dc   Data           1  device_manager_peripheral.o(.data)
    m_peer_addr_update                       0x200020e0   Data           4  device_manager_peripheral.o(.data)
    m_irk_index_table                        0x200020e4   Data           7  device_manager_peripheral.o(.data)
    m_storage_handle                         0x200020ec   Data           8  device_manager_peripheral.o(.data)
    .data                                    0x200020f4   Section       36  pstorage.o(.data)
    m_state                                  0x200020f4   Data           1  pstorage.o(.data)
    m_swap_sub_state                         0x200020f5   Data           1  pstorage.o(.data)
    m_next_app_instance                      0x200020f6   Data           2  pstorage.o(.data)
    m_flags                                  0x200020f8   Data           4  pstorage.o(.data)
    m_next_page_addr                         0x200020fc   Data           4  pstorage.o(.data)
    m_head_word_size                         0x20002100   Data           4  pstorage.o(.data)
    m_tail_word_size                         0x20002104   Data           4  pstorage.o(.data)
    m_current_page_id                        0x20002108   Data           4  pstorage.o(.data)
    m_num_of_command_retries                 0x2000210c   Data           4  pstorage.o(.data)
    m_num_of_bytes_written                   0x20002110   Data           4  pstorage.o(.data)
    m_app_data_size                          0x20002114   Data           4  pstorage.o(.data)
    .data                                    0x20002118   Section       20  app_button.o(.data)
    m_button_count                           0x20002118   Data           1  app_button.o(.data)
    mp_buttons                               0x2000211c   Data           4  app_button.o(.data)
    m_detection_delay                        0x20002120   Data           4  app_button.o(.data)
    m_pin_state                              0x20002124   Data           4  app_button.o(.data)
    m_pin_transition                         0x20002128   Data           4  app_button.o(.data)
    .data                                    0x2000212c   Section       32  app_timer.o(.data)
    m_user_array_size                        0x2000212c   Data           1  app_timer.o(.data)
    m_ticks_elapsed_q_read_ind               0x2000212d   Data           1  app_timer.o(.data)
    m_ticks_elapsed_q_write_ind              0x2000212e   Data           1  app_timer.o(.data)
    m_rtc1_running                           0x2000212f   Data           1  app_timer.o(.data)
    m_rtc1_reset                             0x20002130   Data           1  app_timer.o(.data)
    mp_users                                 0x20002134   Data           4  app_timer.o(.data)
    mp_timer_id_head                         0x20002138   Data           4  app_timer.o(.data)
    m_ticks_latest                           0x2000213c   Data           4  app_timer.o(.data)
    m_evt_schedule_func                      0x20002140   Data           4  app_timer.o(.data)
    m_ticks_elapsed                          0x20002144   Data           8  app_timer.o(.data)
    .data                                    0x2000214c   Section       20  softdevice_handler.o(.data)
    m_softdevice_enabled                     0x2000214c   Data           1  softdevice_handler.o(.data)
    m_ble_evt_buffer_size                    0x2000214e   Data           2  softdevice_handler.o(.data)
    m_evt_schedule_func                      0x20002150   Data           4  softdevice_handler.o(.data)
    mp_ble_evt_buffer                        0x20002154   Data           4  softdevice_handler.o(.data)
    m_ble_evt_handler                        0x20002158   Data           4  softdevice_handler.o(.data)
    m_sys_evt_handler                        0x2000215c   Data           4  softdevice_handler.o(.data)
    .data                                    0x20002160   Section        4  system_nrf52.o(.data)
    __tagsym$$used                           0x20002160   Number         0  system_nrf52.o(.data)
    .bss                                     0x20002164   Section      528  main.o(.bss)
    APP_TIMER_BUF                            0x20002164   Data         456  main.o(.bss)
    BLE_EVT_BUFFER                           0x2000232c   Data          72  main.o(.bss)
    .bss                                     0x20002374   Section       32  bsp.o(.bss)
    m_leds_timer_id_data                     0x20002374   Data          32  bsp.o(.bss)
    .bss                                     0x20002394   Section       32  bsp.o(.bss)
    m_alert_timer_id_data                    0x20002394   Data          32  bsp.o(.bss)
    .bss                                     0x200023b4   Section       12  bsp.o(.bss)
    m_events_list                            0x200023b4   Data          12  bsp.o(.bss)
    .bss                                     0x200023c0   Section       32  bsp.o(.bss)
    m_button_timer_id_data                   0x200023c0   Data          32  bsp.o(.bss)
    .bss                                     0x200023e0   Section      259  ble_advertising.o(.bss)
    m_advdata                                0x200023e0   Data          56  ble_advertising.o(.bss)
    m_adv_modes_config                       0x20002418   Data          36  ble_advertising.o(.bss)
    m_whitelist                              0x2000243c   Data          16  ble_advertising.o(.bss)
    mp_whitelist_addr                        0x2000244c   Data          32  ble_advertising.o(.bss)
    mp_whitelist_irk                         0x2000246c   Data          32  ble_advertising.o(.bss)
    m_manuf_specific_data                    0x2000248c   Data          12  ble_advertising.o(.bss)
    m_manuf_data_array                       0x20002498   Data          31  ble_advertising.o(.bss)
    m_service_data                           0x200024b8   Data          12  ble_advertising.o(.bss)
    m_service_data_array                     0x200024c4   Data          31  ble_advertising.o(.bss)
    .bss                                     0x200024e4   Section       32  ble_conn_params.o(.bss)
    m_conn_params_timer_id_data              0x200024e4   Data          32  ble_conn_params.o(.bss)
    .bss                                     0x20002504   Section       28  ble_conn_params.o(.bss)
    m_conn_params_config                     0x20002504   Data          28  ble_conn_params.o(.bss)
    .bss                                     0x20002520   Section      335  device_manager_peripheral.o(.bss)
    m_app_context_table                      0x20002520   Data          28  device_manager_peripheral.o(.bss)
    m_peer_table                             0x2000253c   Data         196  device_manager_peripheral.o(.bss)
    m_bond_table                             0x20002600   Data          28  device_manager_peripheral.o(.bss)
    m_gatts_table                            0x2000261c   Data          36  device_manager_peripheral.o(.bss)
    m_connection_table                       0x20002640   Data          12  device_manager_peripheral.o(.bss)
    m_application_table                      0x2000264c   Data          12  device_manager_peripheral.o(.bss)
    m_local_id_info                          0x20002658   Data          23  device_manager_peripheral.o(.bss)
    .bss                                     0x20002670   Section       88  nrf_drv_gpiote.o(.bss)
    m_cb                                     0x20002670   Data          88  nrf_drv_gpiote.o(.bss)
    .bss                                     0x200026c8   Section       32  nrf_drv_uart.o(.bss)
    m_cb                                     0x200026c8   Data          32  nrf_drv_uart.o(.bss)
    .bss                                     0x200026e8   Section      228  pstorage.o(.bss)
    m_cmd_queue                              0x200026e8   Data         204  pstorage.o(.bss)
    m_app_table                              0x200027b4   Data          24  pstorage.o(.bss)
    .bss                                     0x200027cc   Section       32  app_button.o(.bss)
    m_detection_delay_timer_id_data          0x200027cc   Data          32  app_button.o(.bss)
    .bss                                     0x200027ec   Section       88  fstorage.o(.bss)
    m_queue                                  0x200027ec   Data          88  fstorage.o(.bss)
    .bss                                     0x20002844   Section       12  softdevice_handler.o(.bss)
    STACK                                    0x20002850   Section     8192  arm_startup_nrf52.o(STACK)

    Global Symbols

    Symbol Name                              Value     Ov Type        Size  Object(Section)

    BuildAttributes$$THM_ISAv4$E$P$D$K$B$S$7EM$VFPi3$EXTD16$VFPS$VFMA$PE$A:L22UL41UL21$X:L11$S22US41US21$IEEE1$IW$USESV6$~STKCKD$USESV7$~SHL$OSPACE$ROPI$EBA8$MICROLIB$REQ8$PRES8$EABIv2 0x00000000   Number         0  anon$$obj.o ABSOLUTE
    __ARM_use_no_argv                        0x00000000   Number         0  main.o ABSOLUTE
    __cpp_initialize__aeabi_                  - Undefined Weak Reference
    __cxa_finalize                            - Undefined Weak Reference
    __decompress                              - Undefined Weak Reference
    _clock_init                               - Undefined Weak Reference
    _microlib_exit                            - Undefined Weak Reference
    fs_data$$Base                             - Undefined Reference
    fs_data$$Limit                            - Undefined Reference
    __Vectors_Size                           0x00000400   Number         0  arm_startup_nrf52.o ABSOLUTE
    __Vectors                                0x0001c000   Data           4  arm_startup_nrf52.o(RESET)
    __Vectors_End                            0x0001c400   Data           0  arm_startup_nrf52.o(RESET)
    __main                                   0x0001c401   Thumb Code     0  entry.o(.ARM.Collect$$$$00000000)
    _main_stk                                0x0001c401   Thumb Code     0  entry2.o(.ARM.Collect$$$$00000001)
    _main_scatterload                        0x0001c405   Thumb Code     0  entry5.o(.ARM.Collect$$$$00000004)
    __main_after_scatterload                 0x0001c409   Thumb Code     0  entry5.o(.ARM.Collect$$$$00000004)
    _main_clock                              0x0001c409   Thumb Code     0  entry7b.o(.ARM.Collect$$$$00000008)
    _main_cpp_init                           0x0001c409   Thumb Code     0  entry8b.o(.ARM.Collect$$$$0000000A)
    _main_init                               0x0001c409   Thumb Code     0  entry9a.o(.ARM.Collect$$$$0000000B)
    __rt_final_cpp                           0x0001c411   Thumb Code     0  entry10a.o(.ARM.Collect$$$$0000000D)
    __rt_final_exit                          0x0001c411   Thumb Code     0  entry11a.o(.ARM.Collect$$$$0000000F)
    __asm___11_app_timer_c_cd27f9c3__nrf_delay_us 0x0001c415   Thumb Code   118  app_timer.o(.emb_text)
    Reset_Handler                            0x0001c48d   Thumb Code     8  arm_startup_nrf52.o(.text)
    NMI_Handler                              0x0001c495   Thumb Code     2  arm_startup_nrf52.o(.text)
    HardFault_Handler                        0x0001c497   Thumb Code     2  arm_startup_nrf52.o(.text)
    MemoryManagement_Handler                 0x0001c499   Thumb Code     2  arm_startup_nrf52.o(.text)
    BusFault_Handler                         0x0001c49b   Thumb Code     2  arm_startup_nrf52.o(.text)
    UsageFault_Handler                       0x0001c49d   Thumb Code     2  arm_startup_nrf52.o(.text)
    SVC_Handler                              0x0001c49f   Thumb Code     2  arm_startup_nrf52.o(.text)
    DebugMonitor_Handler                     0x0001c4a1   Thumb Code     2  arm_startup_nrf52.o(.text)
    PendSV_Handler                           0x0001c4a3   Thumb Code     2  arm_startup_nrf52.o(.text)
    SysTick_Handler                          0x0001c4a5   Thumb Code     2  arm_startup_nrf52.o(.text)
    CCM_AAR_IRQHandler                       0x0001c4a7   Thumb Code     0  arm_startup_nrf52.o(.text)
    COMP_LPCOMP_IRQHandler                   0x0001c4a7   Thumb Code     0  arm_startup_nrf52.o(.text)
    ECB_IRQHandler                           0x0001c4a7   Thumb Code     0  arm_startup_nrf52.o(.text)
    FPU_IRQHandler                           0x0001c4a7   Thumb Code     0  arm_startup_nrf52.o(.text)
    I2S_IRQHandler                           0x0001c4a7   Thumb Code     0  arm_startup_nrf52.o(.text)
    MWU_IRQHandler                           0x0001c4a7   Thumb Code     0  arm_startup_nrf52.o(.text)
    NFCT_IRQHandler                          0x0001c4a7   Thumb Code     0  arm_startup_nrf52.o(.text)
    PDM_IRQHandler                           0x0001c4a7   Thumb Code     0  arm_startup_nrf52.o(.text)
    POWER_CLOCK_IRQHandler                   0x0001c4a7   Thumb Code     0  arm_startup_nrf52.o(.text)
    PWM0_IRQHandler                          0x0001c4a7   Thumb Code     0  arm_startup_nrf52.o(.text)
    PWM1_IRQHandler                          0x0001c4a7   Thumb Code     0  arm_startup_nrf52.o(.text)
    PWM2_IRQHandler                          0x0001c4a7   Thumb Code     0  arm_startup_nrf52.o(.text)
    QDEC_IRQHandler                          0x0001c4a7   Thumb Code     0  arm_startup_nrf52.o(.text)
    RADIO_IRQHandler                         0x0001c4a7   Thumb Code     0  arm_startup_nrf52.o(.text)
    RNG_IRQHandler                           0x0001c4a7   Thumb Code     0  arm_startup_nrf52.o(.text)
    RTC0_IRQHandler                          0x0001c4a7   Thumb Code     0  arm_startup_nrf52.o(.text)
    RTC2_IRQHandler                          0x0001c4a7   Thumb Code     0  arm_startup_nrf52.o(.text)
    SAADC_IRQHandler                         0x0001c4a7   Thumb Code     0  arm_startup_nrf52.o(.text)
    SPIM0_SPIS0_TWIM0_TWIS0_SPI0_TWI0_IRQHandler 0x0001c4a7   Thumb Code     0  arm_startup_nrf52.o(.text)
    SPIM1_SPIS1_TWIM1_TWIS1_SPI1_TWI1_IRQHandler 0x0001c4a7   Thumb Code     0  arm_startup_nrf52.o(.text)
    SPIM2_SPIS2_SPI2_IRQHandler              0x0001c4a7   Thumb Code     0  arm_startup_nrf52.o(.text)
    SWI1_EGU1_IRQHandler                     0x0001c4a7   Thumb Code     0  arm_startup_nrf52.o(.text)
    SWI3_EGU3_IRQHandler                     0x0001c4a7   Thumb Code     0  arm_startup_nrf52.o(.text)
    SWI4_EGU4_IRQHandler                     0x0001c4a7   Thumb Code     0  arm_startup_nrf52.o(.text)
    SWI5_EGU5_IRQHandler                     0x0001c4a7   Thumb Code     0  arm_startup_nrf52.o(.text)
    TEMP_IRQHandler                          0x0001c4a7   Thumb Code     0  arm_startup_nrf52.o(.text)
    TIMER0_IRQHandler                        0x0001c4a7   Thumb Code     0  arm_startup_nrf52.o(.text)
    TIMER1_IRQHandler                        0x0001c4a7   Thumb Code     0  arm_startup_nrf52.o(.text)
    TIMER2_IRQHandler                        0x0001c4a7   Thumb Code     0  arm_startup_nrf52.o(.text)
    TIMER3_IRQHandler                        0x0001c4a7   Thumb Code     0  arm_startup_nrf52.o(.text)
    TIMER4_IRQHandler                        0x0001c4a7   Thumb Code     0  arm_startup_nrf52.o(.text)
    WDT_IRQHandler                           0x0001c4a7   Thumb Code     0  arm_startup_nrf52.o(.text)
    __aeabi_memcpy                           0x0001c4b1   Thumb Code    36  memcpya.o(.text)
    __aeabi_memcpy4                          0x0001c4b1   Thumb Code     0  memcpya.o(.text)
    __aeabi_memcpy8                          0x0001c4b1   Thumb Code     0  memcpya.o(.text)
    __aeabi_memset                           0x0001c4d5   Thumb Code    14  memseta.o(.text)
    __aeabi_memset4                          0x0001c4d5   Thumb Code     0  memseta.o(.text)
    __aeabi_memset8                          0x0001c4d5   Thumb Code     0  memseta.o(.text)
    __aeabi_memclr                           0x0001c4e3   Thumb Code     4  memseta.o(.text)
    __aeabi_memclr4                          0x0001c4e3   Thumb Code     0  memseta.o(.text)
    __aeabi_memclr8                          0x0001c4e3   Thumb Code     0  memseta.o(.text)
    _memset$wrapper                          0x0001c4e7   Thumb Code    18  memseta.o(.text)
    memcmp                                   0x0001c4f9   Thumb Code    26  memcmp.o(.text)
    __scatterload                            0x0001c515   Thumb Code    28  init.o(.text)
    __scatterload_rt2                        0x0001c515   Thumb Code     0  init.o(.text)
    GPIOTE_IRQHandler                        0x0001c539   Thumb Code   316  nrf_drv_gpiote.o(i.GPIOTE_IRQHandler)
    RTC1_IRQHandler                          0x0001c6e5   Thumb Code    32  app_timer.o(i.RTC1_IRQHandler)
    SWI0_EGU0_IRQHandler                     0x0001c709   Thumb Code     4  app_timer.o(i.SWI0_EGU0_IRQHandler)
    SWI2_EGU2_IRQHandler                     0x0001c70d   Thumb Code    32  softdevice_handler.o(i.SWI2_EGU2_IRQHandler)
    SystemInit                               0x0001c731   Thumb Code   566  system_nrf52.o(i.SystemInit)
    UARTE0_UART0_IRQHandler                  0x0001c99d   Thumb Code    14  nrf_drv_uart.o(i.UARTE0_UART0_IRQHandler)
    __scatterload_copy                       0x0001c9b1   Thumb Code    14  handlers.o(i.__scatterload_copy)
    __scatterload_null                       0x0001c9bf   Thumb Code     2  handlers.o(i.__scatterload_null)
    __scatterload_zeroinit                   0x0001c9c1   Thumb Code    14  handlers.o(i.__scatterload_zeroinit)
    adv_data_encode                          0x0001c9cf   Thumb Code   514  ble_advdata.o(i.adv_data_encode)
    app_button_enable                        0x0001cc29   Thumb Code    32  app_button.o(i.app_button_enable)
    app_button_init                          0x0001cc4d   Thumb Code    96  app_button.o(i.app_button_init)
    app_error_fault_handler                  0x0001ccbd   Thumb Code    26  app_error_weak.o(i.app_error_fault_handler)
    app_error_handler_bare                   0x0001cce1   Thumb Code    22  app_error.o(i.app_error_handler_bare)
    app_timer_create                         0x0001cd55   Thumb Code    32  app_timer.o(i.app_timer_create)
    app_timer_init                           0x0001cd79   Thumb Code   134  app_timer.o(i.app_timer_init)
    app_timer_start                          0x0001ce09   Thumb Code   118  app_timer.o(i.app_timer_start)
    app_timer_stop                           0x0001ce89   Thumb Code    76  app_timer.o(i.app_timer_stop)
    ble_advdata_set                          0x0001ced9   Thumb Code   104  ble_advdata.o(i.ble_advdata_set)
    ble_advertising_init                     0x0001cf41   Thumb Code   274  ble_advertising.o(i.ble_advertising_init)
    ble_advertising_on_ble_evt               0x0001d05d   Thumb Code   122  ble_advertising.o(i.ble_advertising_on_ble_evt)
    ble_advertising_on_sys_evt               0x0001d0dd   Thumb Code    46  ble_advertising.o(i.ble_advertising_on_sys_evt)
    ble_advertising_restart_without_whitelist 0x0001d121   Thumb Code    70  ble_advertising.o(i.ble_advertising_restart_without_whitelist)
    ble_advertising_start                    0x0001d171   Thumb Code   470  ble_advertising.o(i.ble_advertising_start)
    ble_conn_params_init                     0x0001d351   Thumb Code    72  ble_conn_params.o(i.ble_conn_params_init)
    ble_conn_params_on_ble_evt               0x0001d3a9   Thumb Code   120  ble_conn_params.o(i.ble_conn_params_on_ble_evt)
    bond_data_load                           0x0001d54d   Thumb Code    60  device_manager_peripheral.o(i.bond_data_load)
    bsp_btn_ble_init                         0x0001d595   Thumb Code    72  bsp_btn_ble.o(i.bsp_btn_ble_init)
    bsp_btn_ble_on_ble_evt                   0x0001d5e1   Thumb Code   106  bsp_btn_ble.o(i.bsp_btn_ble_on_ble_evt)
    bsp_btn_ble_sleep_mode_prepare           0x0001d651   Thumb Code    18  bsp_btn_ble.o(i.bsp_btn_ble_sleep_mode_prepare)
    bsp_button_is_pressed                    0x0001d70d   Thumb Code    34  bsp.o(i.bsp_button_is_pressed)
    bsp_event_handler                        0x0001d739   Thumb Code    54  main.o(i.bsp_event_handler)
    bsp_event_to_button_action_assign        0x0001d775   Thumb Code    64  bsp.o(i.bsp_event_to_button_action_assign)
    bsp_indication_set                       0x0001d7b9   Thumb Code    20  bsp.o(i.bsp_indication_set)
    bsp_init                                 0x0001d7d1   Thumb Code   140  bsp.o(i.bsp_init)
    bsp_wakeup_buttons_set                   0x0001da99   Thumb Code    54  bsp.o(i.bsp_wakeup_buttons_set)
    dm_ble_evt_handler                       0x0001e1c1   Thumb Code  1110  device_manager_peripheral.o(i.dm_ble_evt_handler)
    dm_handle_initialize                     0x0001e617   Thumb Code    22  device_manager_peripheral.o(i.dm_handle_initialize)
    dm_init                                  0x0001e62d   Thumb Code   182  device_manager_peripheral.o(i.dm_init)
    dm_register                              0x0001e87d   Thumb Code    94  device_manager_peripheral.o(i.dm_register)
    fs_queued_op_count_get                   0x0001e9d9   Thumb Code    16  fstorage.o(i.fs_queued_op_count_get)
    intern_softdevice_events_execute         0x0001ec89   Thumb Code   106  softdevice_handler.o(i.intern_softdevice_events_execute)
    main                                     0x0001ef55   Thumb Code   306  main.o(i.main)
    nrf_drv_common_irq_enable                0x0001f1d1   Thumb Code    56  nrf_drv_common.o(i.nrf_drv_common_irq_enable)
    nrf_drv_gpiote_in_event_enable           0x0001f209   Thumb Code   150  nrf_drv_gpiote.o(i.nrf_drv_gpiote_in_event_enable)
    nrf_drv_gpiote_in_init                   0x0001f2ad   Thumb Code   170  nrf_drv_gpiote.o(i.nrf_drv_gpiote_in_init)
    nrf_drv_gpiote_in_is_set                 0x0001f365   Thumb Code    16  nrf_drv_gpiote.o(i.nrf_drv_gpiote_in_is_set)
    nrf_drv_gpiote_init                      0x0001f379   Thumb Code    76  nrf_drv_gpiote.o(i.nrf_drv_gpiote_init)
    nrf_drv_gpiote_is_init                   0x0001f3cd   Thumb Code    14  nrf_drv_gpiote.o(i.nrf_drv_gpiote_is_init)
    pstorage_access_status_get               0x0001f529   Thumb Code    28  pstorage.o(i.pstorage_access_status_get)
    pstorage_block_identifier_get            0x0001f54d   Thumb Code    76  pstorage.o(i.pstorage_block_identifier_get)
    pstorage_clear                           0x0001f5a1   Thumb Code   148  pstorage.o(i.pstorage_clear)
    pstorage_init                            0x0001f665   Thumb Code    88  pstorage.o(i.pstorage_init)
    pstorage_load                            0x0001f6c5   Thumb Code   158  pstorage.o(i.pstorage_load)
    pstorage_register                        0x0001f76d   Thumb Code   172  pstorage.o(i.pstorage_register)
    pstorage_store                           0x0001f821   Thumb Code   128  pstorage.o(i.pstorage_store)
    pstorage_sys_event_handler               0x0001f8a9   Thumb Code    66  pstorage.o(i.pstorage_sys_event_handler)
    pstorage_update                          0x0001f8f1   Thumb Code   128  pstorage.o(i.pstorage_update)
    sd_check_ram_start                       0x0001fa05   Thumb Code    10  softdevice_handler.o(i.sd_check_ram_start)
    softdevice_ble_evt_handler_set           0x0001fb89   Thumb Code    14  softdevice_handler.o(i.softdevice_ble_evt_handler_set)
    softdevice_enable                        0x0001fb9d   Thumb Code    14  softdevice_handler.o(i.softdevice_enable)
    softdevice_enable_get_default_config     0x0001fbb1   Thumb Code    38  softdevice_handler.o(i.softdevice_enable_get_default_config)
    softdevice_fault_handler                 0x0001fbd7   Thumb Code     4  softdevice_handler.o(i.softdevice_fault_handler)
    softdevice_handler_init                  0x0001fbdd   Thumb Code    42  softdevice_handler.o(i.softdevice_handler_init)
    softdevice_sys_evt_handler_set           0x0001fc11   Thumb Code    14  softdevice_handler.o(i.softdevice_sys_evt_handler_set)
    m_context_init_len                       0x000203a8   Data           4  device_manager_peripheral.o(.constdata)
    m_service_context_store                  0x000203ac   Data          16  device_manager_peripheral.o(.constdata)
    m_service_context_load                   0x000203bc   Data          16  device_manager_peripheral.o(.constdata)
    m_service_context_apply                  0x000203cc   Data          16  device_manager_peripheral.o(.constdata)
    Region$$Table$$Base                      0x0002040c   Number         0  anon$$obj.o(Region$$Table)
    Region$$Table$$Limit                     0x0002042c   Number         0  anon$$obj.o(Region$$Table)
    Image$$RW_IRAM1$$Base                    0x20002080   Number         0  anon$$obj.o ABSOLUTE
    SystemCoreClock                          0x20002160   Data           4  system_nrf52.o(.data)
    nrf_nvic_state                           0x20002844   Data          12  softdevice_handler.o(.bss)
    __initial_sp                             0x20004850   Data           0  arm_startup_nrf52.o(STACK)



==============================================================================

Memory Map of the image

  Image Entry point : 0x0001c401

  Load Region LR_IROM1 (Base: 0x0001c000, Size: 0x00004510, Max: 0x00064000, ABSOLUTE)

    Execution Region ER_IROM1 (Exec base: 0x0001c000, Load base: 0x0001c000, Size: 0x0000442c, Max: 0x00064000, ABSOLUTE)

    Exec Addr    Load Addr    Size         Type   Attr      Idx    E Section Name        Object

    0x0001c000   0x0001c000   0x00000400   Data   RO         2807    RESET               arm_startup_nrf52.o
    0x0001c400   0x0001c400   0x00000000   Code   RO         2848  * .ARM.Collect$$$$00000000  mc_w.l(entry.o)
    0x0001c400   0x0001c400   0x00000004   Code   RO         2891    .ARM.Collect$$$$00000001  mc_w.l(entry2.o)
    0x0001c404   0x0001c404   0x00000004   Code   RO         2894    .ARM.Collect$$$$00000004  mc_w.l(entry5.o)
    0x0001c408   0x0001c408   0x00000000   Code   RO         2896    .ARM.Collect$$$$00000008  mc_w.l(entry7b.o)
    0x0001c408   0x0001c408   0x00000000   Code   RO         2898    .ARM.Collect$$$$0000000A  mc_w.l(entry8b.o)
    0x0001c408   0x0001c408   0x00000008   Code   RO         2899    .ARM.Collect$$$$0000000B  mc_w.l(entry9a.o)
    0x0001c410   0x0001c410   0x00000000   Code   RO         2901    .ARM.Collect$$$$0000000D  mc_w.l(entry10a.o)
    0x0001c410   0x0001c410   0x00000000   Code   RO         2903    .ARM.Collect$$$$0000000F  mc_w.l(entry11a.o)
    0x0001c410   0x0001c410   0x00000004   Code   RO         2892    .ARM.Collect$$$$00002712  mc_w.l(entry2.o)
    0x0001c414   0x0001c414   0x00000076   Code   RO         2064    .emb_text           app_timer.o
    0x0001c48a   0x0001c48a   0x00000002   PAD
    0x0001c48c   0x0001c48c   0x00000024   Code   RO         2808    .text               arm_startup_nrf52.o
    0x0001c4b0   0x0001c4b0   0x00000024   Code   RO         2851    .text               mc_w.l(memcpya.o)
    0x0001c4d4   0x0001c4d4   0x00000024   Code   RO         2853    .text               mc_w.l(memseta.o)
    0x0001c4f8   0x0001c4f8   0x0000001a   Code   RO         2857    .text               mc_w.l(memcmp.o)
    0x0001c512   0x0001c512   0x00000002   PAD
    0x0001c514   0x0001c514   0x00000024   Code   RO         2920    .text               mc_w.l(init.o)
    0x0001c538   0x0001c538   0x00000148   Code   RO         1285    i.GPIOTE_IRQHandler  nrf_drv_gpiote.o
    0x0001c680   0x0001c680   0x00000016   Code   RO         2065    i.NVIC_ClearPendingIRQ  app_timer.o
    0x0001c696   0x0001c696   0x00000016   Code   RO         2066    i.NVIC_EnableIRQ    app_timer.o
    0x0001c6ac   0x0001c6ac   0x00000016   Code   RO         2067    i.NVIC_SetPendingIRQ  app_timer.o
    0x0001c6c2   0x0001c6c2   0x00000020   Code   RO         2068    i.NVIC_SetPriority  app_timer.o
    0x0001c6e2   0x0001c6e2   0x00000002   PAD
    0x0001c6e4   0x0001c6e4   0x00000024   Code   RO         2069    i.RTC1_IRQHandler   app_timer.o
    0x0001c708   0x0001c708   0x00000004   Code   RO         2070    i.SWI0_EGU0_IRQHandler  app_timer.o
    0x0001c70c   0x0001c70c   0x00000024   Code   RO         2707    i.SWI2_EGU2_IRQHandler  softdevice_handler.o
    0x0001c730   0x0001c730   0x0000026c   Code   RO         2816    i.SystemInit        system_nrf52.o
    0x0001c99c   0x0001c99c   0x00000014   Code   RO         1484    i.UARTE0_UART0_IRQHandler  nrf_drv_uart.o
    0x0001c9b0   0x0001c9b0   0x0000000e   Code   RO         2932    i.__scatterload_copy  mc_w.l(handlers.o)
    0x0001c9be   0x0001c9be   0x00000002   Code   RO         2933    i.__scatterload_null  mc_w.l(handlers.o)
    0x0001c9c0   0x0001c9c0   0x0000000e   Code   RO         2934    i.__scatterload_zeroinit  mc_w.l(handlers.o)
    0x0001c9ce   0x0001c9ce   0x00000202   Code   RO          571    i.adv_data_encode   ble_advdata.o
    0x0001cbd0   0x0001cbd0   0x00000036   Code   RO          528    i.advertising_buttons_configure  bsp_btn_ble.o
    0x0001cc06   0x0001cc06   0x00000002   PAD
    0x0001cc08   0x0001cc08   0x00000020   Code   RO          417    i.alert_timer_handler  bsp.o
    0x0001cc28   0x0001cc28   0x00000024   Code   RO         1935    i.app_button_enable  app_button.o
    0x0001cc4c   0x0001cc4c   0x00000070   Code   RO         1936    i.app_button_init   app_button.o
    0x0001ccbc   0x0001ccbc   0x00000024   Code   RO         2036    i.app_error_fault_handler  app_error_weak.o
    0x0001cce0   0x0001cce0   0x00000016   Code   RO         1997    i.app_error_handler_bare  app_error.o
    0x0001ccf6   0x0001ccf6   0x00000002   PAD
    0x0001ccf8   0x0001ccf8   0x0000000c   Code   RO          856    i.app_evt_notify    device_manager_peripheral.o
    0x0001cd04   0x0001cd04   0x0000002c   Code   RO         1685    i.app_notify        pstorage.o
    0x0001cd30   0x0001cd30   0x00000024   Code   RO         1686    i.app_notify_error_state_transit  pstorage.o
    0x0001cd54   0x0001cd54   0x00000024   Code   RO         2073    i.app_timer_create  app_timer.o
    0x0001cd78   0x0001cd78   0x00000090   Code   RO         2074    i.app_timer_init    app_timer.o
    0x0001ce08   0x0001ce08   0x00000080   Code   RO         2075    i.app_timer_start   app_timer.o
    0x0001ce88   0x0001ce88   0x00000050   Code   RO         2076    i.app_timer_stop    app_timer.o
    0x0001ced8   0x0001ced8   0x00000068   Code   RO          572    i.ble_advdata_set   ble_advdata.o
    0x0001cf40   0x0001cf40   0x0000011c   Code   RO          653    i.ble_advertising_init  ble_advertising.o
    0x0001d05c   0x0001d05c   0x00000080   Code   RO          654    i.ble_advertising_on_ble_evt  ble_advertising.o
    0x0001d0dc   0x0001d0dc   0x00000034   Code   RO          655    i.ble_advertising_on_sys_evt  ble_advertising.o
    0x0001d110   0x0001d110   0x00000010   Code   RO          657    i.ble_advertising_peer_address_clear  ble_advertising.o
    0x0001d120   0x0001d120   0x00000050   Code   RO          658    i.ble_advertising_restart_without_whitelist  ble_advertising.o
    0x0001d170   0x0001d170   0x000001e0   Code   RO          659    i.ble_advertising_start  ble_advertising.o
    0x0001d350   0x0001d350   0x00000058   Code   RO          738    i.ble_conn_params_init  ble_conn_params.o
    0x0001d3a8   0x0001d3a8   0x00000084   Code   RO          739    i.ble_conn_params_on_ble_evt  ble_conn_params.o
    0x0001d42c   0x0001d42c   0x0000005e   Code   RO          573    i.ble_device_addr_encode  ble_advdata.o
    0x0001d48a   0x0001d48a   0x00000002   PAD
    0x0001d48c   0x0001d48c   0x00000048   Code   RO            5    i.ble_evt_dispatch  main.o
    0x0001d4d4   0x0001d4d4   0x00000078   Code   RO            6    i.ble_stack_init    main.o
    0x0001d54c   0x0001d54c   0x00000048   Code   RO          857    i.bond_data_load    device_manager_peripheral.o
    0x0001d594   0x0001d594   0x0000004c   Code   RO          529    i.bsp_btn_ble_init  bsp_btn_ble.o
    0x0001d5e0   0x0001d5e0   0x00000070   Code   RO          530    i.bsp_btn_ble_on_ble_evt  bsp_btn_ble.o
    0x0001d650   0x0001d650   0x00000012   Code   RO          531    i.bsp_btn_ble_sleep_mode_prepare  bsp_btn_ble.o
    0x0001d662   0x0001d662   0x00000002   PAD
    0x0001d664   0x0001d664   0x000000a8   Code   RO          418    i.bsp_button_event_handler  bsp.o
    0x0001d70c   0x0001d70c   0x0000002c   Code   RO          419    i.bsp_button_is_pressed  bsp.o
    0x0001d738   0x0001d738   0x0000003c   Code   RO            7    i.bsp_event_handler  main.o
    0x0001d774   0x0001d774   0x00000044   Code   RO          423    i.bsp_event_to_button_action_assign  bsp.o
    0x0001d7b8   0x0001d7b8   0x00000018   Code   RO          424    i.bsp_indication_set  bsp.o
    0x0001d7d0   0x0001d7d0   0x000000a4   Code   RO          426    i.bsp_init          bsp.o
    0x0001d874   0x0001d874   0x00000224   Code   RO          427    i.bsp_led_indication  bsp.o
    0x0001da98   0x0001da98   0x0000003c   Code   RO          428    i.bsp_wakeup_buttons_set  bsp.o
    0x0001dad4   0x0001dad4   0x00000008   Code   RO          429    i.button_timer_handler  bsp.o
    0x0001dadc   0x0001dadc   0x0000001c   Code   RO         1286    i.channel_free      nrf_drv_gpiote.o
    0x0001daf8   0x0001daf8   0x00000048   Code   RO         1287    i.channel_port_alloc  nrf_drv_gpiote.o
    0x0001db40   0x0001db40   0x00000010   Code   RO         1288    i.channel_port_get  nrf_drv_gpiote.o
    0x0001db50   0x0001db50   0x000000fc   Code   RO         1687    i.clear_operation_execute  pstorage.o
    0x0001dc4c   0x0001dc4c   0x00000020   Code   RO         1688    i.clear_post_processing_run  pstorage.o
    0x0001dc6c   0x0001dc6c   0x00000034   Code   RO         1689    i.cmd_process       pstorage.o
    0x0001dca0   0x0001dca0   0x00000020   Code   RO         1690    i.cmd_queue_element_init  pstorage.o
    0x0001dcc0   0x0001dcc0   0x00000054   Code   RO         1691    i.cmd_queue_enqueue  pstorage.o
    0x0001dd14   0x0001dd14   0x00000040   Code   RO         1692    i.command_end_procedure_run  pstorage.o
    0x0001dd54   0x0001dd54   0x000000ac   Code   RO         2078    i.compare_reg_update  app_timer.o
    0x0001de00   0x0001de00   0x00000088   Code   RO          574    i.conn_int_encode   ble_advdata.o
    0x0001de88   0x0001de88   0x00000004   Code   RO            8    i.conn_params_error_handler  main.o
    0x0001de8c   0x0001de8c   0x0000005c   Code   RO          741    i.conn_params_negotiation  ble_conn_params.o
    0x0001dee8   0x0001dee8   0x0000002c   Code   RO          858    i.connection_instance_find  device_manager_peripheral.o
    0x0001df14   0x0001df14   0x00000028   Code   RO          859    i.connection_instance_init  device_manager_peripheral.o
    0x0001df3c   0x0001df3c   0x00000054   Code   RO         1693    i.data_page_erase_state_run  pstorage.o
    0x0001df90   0x0001df90   0x00000020   Code   RO         1694    i.data_to_swap_write_state_run  pstorage.o
    0x0001dfb0   0x0001dfb0   0x00000060   Code   RO         1938    i.detection_delay_timeout_handler  app_button.o
    0x0001e010   0x0001e010   0x000000c0   Code   RO          860    i.device_context_store  device_manager_peripheral.o
    0x0001e0d0   0x0001e0d0   0x00000048   Code   RO          861    i.device_instance_find  device_manager_peripheral.o
    0x0001e118   0x0001e118   0x0000002c   Code   RO          862    i.device_instance_free  device_manager_peripheral.o
    0x0001e144   0x0001e144   0x0000000e   Code   RO            9    i.device_manager_evt_handler  main.o
    0x0001e152   0x0001e152   0x00000002   PAD
    0x0001e154   0x0001e154   0x0000006c   Code   RO           10    i.device_manager_init  main.o
    0x0001e1c0   0x0001e1c0   0x00000456   Code   RO          867    i.dm_ble_evt_handler  device_manager_peripheral.o
    0x0001e616   0x0001e616   0x00000016   Code   RO          873    i.dm_handle_initialize  device_manager_peripheral.o
    0x0001e62c   0x0001e62c   0x000000c8   Code   RO          874    i.dm_init           device_manager_peripheral.o
    0x0001e6f4   0x0001e6f4   0x00000188   Code   RO          877    i.dm_pstorage_cb_handler  device_manager_peripheral.o
    0x0001e87c   0x0001e87c   0x00000068   Code   RO          878    i.dm_register       device_manager_peripheral.o
    0x0001e8e4   0x0001e8e4   0x00000040   Code   RO         2079    i.elapsed_ticks_acquire  app_timer.o
    0x0001e924   0x0001e924   0x0000001c   Code   RO         1695    i.flash_api_err_code_process  pstorage.o
    0x0001e940   0x0001e940   0x0000008c   Code   RO         1696    i.flash_operation_success_run  pstorage.o
    0x0001e9cc   0x0001e9cc   0x00000006   Code   RO         1697    i.flash_page_erase  pstorage.o
    0x0001e9d2   0x0001e9d2   0x00000006   Code   RO         1698    i.flash_write       pstorage.o
    0x0001e9d8   0x0001e9d8   0x00000014   Code   RO         2288    i.fs_queued_op_count_get  fstorage.o
    0x0001e9ec   0x0001e9ec   0x00000004   Code   RO          885    i.gattc_context_apply  device_manager_peripheral.o
    0x0001e9f0   0x0001e9f0   0x00000004   Code   RO          886    i.gattc_context_load  device_manager_peripheral.o
    0x0001e9f4   0x0001e9f4   0x00000004   Code   RO          887    i.gattc_context_store  device_manager_peripheral.o
    0x0001e9f8   0x0001e9f8   0x000000b4   Code   RO          888    i.gatts_context_apply  device_manager_peripheral.o
    0x0001eaac   0x0001eaac   0x00000038   Code   RO          889    i.gatts_context_load  device_manager_peripheral.o
    0x0001eae4   0x0001eae4   0x000000c8   Code   RO          890    i.gatts_context_store  device_manager_peripheral.o
    0x0001ebac   0x0001ebac   0x00000004   Code   RO          891    i.gattsc_context_apply  device_manager_peripheral.o
    0x0001ebb0   0x0001ebb0   0x00000004   Code   RO          892    i.gattsc_context_load  device_manager_peripheral.o
    0x0001ebb4   0x0001ebb4   0x00000004   Code   RO          893    i.gattsc_context_store  device_manager_peripheral.o
    0x0001ebb8   0x0001ebb8   0x00000058   Code   RO         1939    i.gpiote_event_handler  app_button.o
    0x0001ec10   0x0001ec10   0x00000078   Code   RO         1699    i.head_restore_state_run  pstorage.o
    0x0001ec88   0x0001ec88   0x00000070   Code   RO         2708    i.intern_softdevice_events_execute  softdevice_handler.o
    0x0001ecf8   0x0001ecf8   0x0000001c   Code   RO          742    i.is_conn_params_ok  ble_conn_params.o
    0x0001ed14   0x0001ed14   0x00000044   Code   RO         1700    i.is_page_erase_required  pstorage.o
    0x0001ed58   0x0001ed58   0x0000000c   Code   RO         1701    i.is_word_aligned   pstorage.o
    0x0001ed64   0x0001ed64   0x00000054   Code   RO          575    i.le_role_encode    ble_advdata.o
    0x0001edb8   0x0001edb8   0x00000014   Code   RO          430    i.leds_timer_handler  bsp.o
    0x0001edcc   0x0001edcc   0x000000bc   Code   RO         2080    i.list_deletions_handler  app_timer.o
    0x0001ee88   0x0001ee88   0x000000cc   Code   RO         2081    i.list_insertions_handler  app_timer.o
    0x0001ef54   0x0001ef54   0x0000015c   Code   RO           11    i.main              main.o
    0x0001f0b0   0x0001f0b0   0x00000014   Code   RO         1702    i.main_state_err_busy_process  pstorage.o
    0x0001f0c4   0x0001f0c4   0x00000064   Code   RO          576    i.manuf_specific_data_encode  ble_advdata.o
    0x0001f128   0x0001f128   0x0000009c   Code   RO          577    i.name_encode       ble_advdata.o
    0x0001f1c4   0x0001f1c4   0x00000004   Code   RO          894    i.no_service_context_apply  device_manager_peripheral.o
    0x0001f1c8   0x0001f1c8   0x00000004   Code   RO          895    i.no_service_context_load  device_manager_peripheral.o
    0x0001f1cc   0x0001f1cc   0x00000004   Code   RO          896    i.no_service_context_store  device_manager_peripheral.o
    0x0001f1d0   0x0001f1d0   0x00000038   Code   RO         1247    i.nrf_drv_common_irq_enable  nrf_drv_common.o
    0x0001f208   0x0001f208   0x000000a4   Code   RO         1291    i.nrf_drv_gpiote_in_event_enable  nrf_drv_gpiote.o
    0x0001f2ac   0x0001f2ac   0x000000b8   Code   RO         1292    i.nrf_drv_gpiote_in_init  nrf_drv_gpiote.o
    0x0001f364   0x0001f364   0x00000014   Code   RO         1293    i.nrf_drv_gpiote_in_is_set  nrf_drv_gpiote.o
    0x0001f378   0x0001f378   0x00000054   Code   RO         1295    i.nrf_drv_gpiote_init  nrf_drv_gpiote.o
    0x0001f3cc   0x0001f3cc   0x00000014   Code   RO         1296    i.nrf_drv_gpiote_is_init  nrf_drv_gpiote.o
    0x0001f3e0   0x0001f3e0   0x00000022   Code   RO         1308    i.nrf_gpio_cfg      nrf_drv_gpiote.o
    0x0001f402   0x0001f402   0x0000001c   Code   RO         1310    i.nrf_gpio_cfg_sense_set  nrf_drv_gpiote.o
    0x0001f41e   0x0001f41e   0x00000002   PAD
    0x0001f420   0x0001f420   0x00000014   Code   RO         1311    i.nrf_gpiote_event_clear  nrf_drv_gpiote.o
    0x0001f434   0x0001f434   0x00000010   Code   RO         1312    i.nrf_gpiote_event_is_set  nrf_drv_gpiote.o
    0x0001f444   0x0001f444   0x0000000a   Code   RO         1503    i.nrf_uart_event_check  nrf_drv_uart.o
    0x0001f44e   0x0001f44e   0x0000000c   Code   RO         1504    i.nrf_uart_int_enable_check  nrf_drv_uart.o
    0x0001f45a   0x0001f45a   0x0000000a   Code   RO         1505    i.nrf_uarte_event_check  nrf_drv_uart.o
    0x0001f464   0x0001f464   0x00000024   Code   RO           12    i.on_adv_evt        main.o
    0x0001f488   0x0001f488   0x0000001c   Code   RO           13    i.on_conn_params_evt  main.o
    0x0001f4a4   0x0001f4a4   0x00000014   Code   RO          661    i.peer_address_exists  ble_advertising.o
    0x0001f4b8   0x0001f4b8   0x00000040   Code   RO          897    i.peer_instance_init  device_manager_peripheral.o
    0x0001f4f8   0x0001f4f8   0x00000018   Code   RO         1313    i.pin_in_use_by_port  nrf_drv_gpiote.o
    0x0001f510   0x0001f510   0x00000018   Code   RO         1314    i.pin_in_use_by_te  nrf_drv_gpiote.o
    0x0001f528   0x0001f528   0x00000024   Code   RO         1703    i.pstorage_access_status_get  pstorage.o
    0x0001f54c   0x0001f54c   0x00000054   Code   RO         1704    i.pstorage_block_identifier_get  pstorage.o
    0x0001f5a0   0x0001f5a0   0x0000009c   Code   RO         1705    i.pstorage_clear    pstorage.o
    0x0001f63c   0x0001f63c   0x0000001e   Code   RO         1706    i.pstorage_flash_page_end  pstorage.o
    0x0001f65a   0x0001f65a   0x0000000a   Code   RO         1707    i.pstorage_flash_page_size  pstorage.o
    0x0001f664   0x0001f664   0x00000060   Code   RO         1708    i.pstorage_init     pstorage.o
    0x0001f6c4   0x0001f6c4   0x000000a8   Code   RO         1709    i.pstorage_load     pstorage.o
    0x0001f76c   0x0001f76c   0x000000b4   Code   RO         1710    i.pstorage_register  pstorage.o
    0x0001f820   0x0001f820   0x00000088   Code   RO         1711    i.pstorage_store    pstorage.o
    0x0001f8a8   0x0001f8a8   0x00000048   Code   RO         1712    i.pstorage_sys_event_handler  pstorage.o
    0x0001f8f0   0x0001f8f0   0x00000088   Code   RO         1713    i.pstorage_update   pstorage.o
    0x0001f978   0x0001f978   0x0000003c   Code   RO         2082    i.rtc1_stop         app_timer.o
    0x0001f9b4   0x0001f9b4   0x00000030   Code   RO         1507    i.rx_byte           nrf_drv_uart.o
    0x0001f9e4   0x0001f9e4   0x00000020   Code   RO         1508    i.rx_done_event     nrf_drv_uart.o
    0x0001fa04   0x0001fa04   0x00000010   Code   RO         2709    i.sd_check_ram_start  softdevice_handler.o
    0x0001fa14   0x0001fa14   0x00000088   Code   RO         2710    i.sd_nvic_EnableIRQ  softdevice_handler.o
    0x0001fa9c   0x0001fa9c   0x00000088   Code   RO          578    i.service_data_encode  ble_advdata.o
    0x0001fb24   0x0001fb24   0x00000028   Code   RO           14    i.sleep_mode_enter  main.o
    0x0001fb4c   0x0001fb4c   0x0000003c   Code   RO         1714    i.sm_state_change   pstorage.o
    0x0001fb88   0x0001fb88   0x00000014   Code   RO         2711    i.softdevice_ble_evt_handler_set  softdevice_handler.o
    0x0001fb9c   0x0001fb9c   0x00000014   Code   RO         2712    i.softdevice_enable  softdevice_handler.o
    0x0001fbb0   0x0001fbb0   0x00000026   Code   RO         2713    i.softdevice_enable_get_default_config  softdevice_handler.o
    0x0001fbd6   0x0001fbd6   0x00000004   Code   RO         2714    i.softdevice_fault_handler  softdevice_handler.o
    0x0001fbda   0x0001fbda   0x00000002   PAD
    0x0001fbdc   0x0001fbdc   0x00000034   Code   RO         2715    i.softdevice_handler_init  softdevice_handler.o
    0x0001fc10   0x0001fc10   0x00000014   Code   RO         2718    i.softdevice_sys_evt_handler_set  softdevice_handler.o
    0x0001fc24   0x0001fc24   0x00000068   Code   RO         1715    i.state_data_erase_swap_entry_run  pstorage.o
    0x0001fc8c   0x0001fc8c   0x0000000c   Code   RO         1716    i.state_erase_data_page_entry_run  pstorage.o
    0x0001fc98   0x0001fc98   0x0000002c   Code   RO         1717    i.state_restore_head_entry_run  pstorage.o
    0x0001fcc4   0x0001fcc4   0x00000050   Code   RO         1718    i.state_restore_tail_entry_run  pstorage.o
    0x0001fd14   0x0001fd14   0x0000001e   Code   RO         1719    i.state_swap_erase_entry_run  pstorage.o
    0x0001fd32   0x0001fd32   0x00000002   PAD
    0x0001fd34   0x0001fd34   0x00000030   Code   RO         1720    i.state_write_data_swap_entry_run  pstorage.o
    0x0001fd64   0x0001fd64   0x00000004   Code   RO          898    i.storage_operation_dummy_handler  device_manager_peripheral.o
    0x0001fd68   0x0001fd68   0x0000005c   Code   RO         1721    i.store_cmd_flash_write_execute  pstorage.o
    0x0001fdc4   0x0001fdc4   0x00000018   Code   RO         1722    i.swap_erase_state_run  pstorage.o
    0x0001fddc   0x0001fddc   0x00000014   Code   RO         1723    i.swap_sub_state_err_busy_process  pstorage.o
    0x0001fdf0   0x0001fdf0   0x00000014   Code   RO         1724    i.swap_sub_state_state_change  pstorage.o
    0x0001fe04   0x0001fe04   0x00000012   Code   RO           15    i.sys_evt_dispatch  main.o
    0x0001fe16   0x0001fe16   0x00000002   PAD
    0x0001fe18   0x0001fe18   0x00000014   Code   RO         1725    i.tail_restore_state_run  pstorage.o
    0x0001fe2c   0x0001fe2c   0x0000008c   Code   RO         2083    i.timer_list_handler  app_timer.o
    0x0001feb8   0x0001feb8   0x0000003c   Code   RO         2084    i.timer_list_insert  app_timer.o
    0x0001fef4   0x0001fef4   0x00000084   Code   RO         2085    i.timer_timeouts_check  app_timer.o
    0x0001ff78   0x0001ff78   0x00000024   Code   RO         1510    i.tx_byte           nrf_drv_uart.o
    0x0001ff9c   0x0001ff9c   0x00000024   Code   RO         1511    i.tx_done_event     nrf_drv_uart.o
    0x0001ffc0   0x0001ffc0   0x00000108   Code   RO         1512    i.uart_irq_handler  nrf_drv_uart.o
    0x000200c8   0x000200c8   0x000000d8   Code   RO         1513    i.uarte_irq_handler  nrf_drv_uart.o
    0x000201a0   0x000201a0   0x0000000a   Code   RO          579    i.uint16_encode     ble_advdata.o
    0x000201aa   0x000201aa   0x00000002   PAD
    0x000201ac   0x000201ac   0x00000014   Code   RO          899    i.update_status_bit_reset  device_manager_peripheral.o
    0x000201c0   0x000201c0   0x00000060   Code   RO          743    i.update_timeout_handler  ble_conn_params.o
    0x00020220   0x00020220   0x0000003e   Code   RO         2086    i.user_id_get       app_timer.o
    0x0002025e   0x0002025e   0x00000028   Code   RO         2087    i.user_op_alloc     app_timer.o
    0x00020286   0x00020286   0x00000030   Code   RO          580    i.uuid_list_encode  ble_advdata.o
    0x000202b6   0x000202b6   0x0000009e   Code   RO          581    i.uuid_list_sized_encode  ble_advdata.o
    0x00020354   0x00020354   0x0000000e   Code   RO          662    i.whitelist_has_entries  ble_advertising.o
    0x00020362   0x00020362   0x00000002   PAD
    0x00020364   0x00020364   0x00000004   Data   RO           17    .constdata          main.o
    0x00020368   0x00020368   0x0000003c   Data   RO          435    .constdata          bsp.o
    0x000203a4   0x000203a4   0x00000004   Data   RO          746    .constdata          ble_conn_params.o
    0x000203a8   0x000203a8   0x00000034   Data   RO          901    .constdata          device_manager_peripheral.o
    0x000203dc   0x000203dc   0x00000028   Data   RO         1727    .constdata          pstorage.o
    0x00020404   0x00020404   0x00000008   Data   RO         1941    .constdata          app_button.o
    0x0002040c   0x0002040c   0x00000020   Data   RO         2930    Region$$Table       anon$$obj.o


    Execution Region RW_IRAM1 (Exec base: 0x20002080, Load base: 0x0002042c, Size: 0x000027d0, Max: 0x0000df80, ABSOLUTE)

    Exec Addr    Load Addr    Size         Type   Attr      Idx    E Section Name        Object

    0x20002080   0x0002042c   0x00000008   Data   RW           18    .data               main.o
    0x20002088   0x00020434   0x00000018   Data   RW          436    .data               bsp.o
    0x200020a0   0x0002044c   0x00000008   Data   RW          532    .data               bsp_btn_ble.o
    0x200020a8   0x00020454   0x0000001f   Data   RW          664    .data               ble_advertising.o
    0x200020c7   0x00020473   0x00000001   PAD
    0x200020c8   0x00020474   0x00000014   Data   RW          747    .data               ble_conn_params.o
    0x200020dc   0x00020488   0x00000018   Data   RW          902    .data               device_manager_peripheral.o
    0x200020f4   0x000204a0   0x00000024   Data   RW         1728    .data               pstorage.o
    0x20002118   0x000204c4   0x00000014   Data   RW         1942    .data               app_button.o
    0x2000212c   0x000204d8   0x00000020   Data   RW         2088    .data               app_timer.o
    0x2000214c   0x000204f8   0x00000014   Data   RW         2720    .data               softdevice_handler.o
    0x20002160   0x0002050c   0x00000004   Data   RW         2817    .data               system_nrf52.o
    0x20002164        -       0x00000210   Zero   RW           16    .bss                main.o
    0x20002374        -       0x00000020   Zero   RW          431    .bss                bsp.o
    0x20002394        -       0x00000020   Zero   RW          432    .bss                bsp.o
    0x200023b4        -       0x0000000c   Zero   RW          433    .bss                bsp.o
    0x200023c0        -       0x00000020   Zero   RW          434    .bss                bsp.o
    0x200023e0        -       0x00000103   Zero   RW          663    .bss                ble_advertising.o
    0x200024e3   0x00020510   0x00000001   PAD
    0x200024e4        -       0x00000020   Zero   RW          744    .bss                ble_conn_params.o
    0x20002504        -       0x0000001c   Zero   RW          745    .bss                ble_conn_params.o
    0x20002520        -       0x0000014f   Zero   RW          900    .bss                device_manager_peripheral.o
    0x2000266f   0x00020510   0x00000001   PAD
    0x20002670        -       0x00000058   Zero   RW         1315    .bss                nrf_drv_gpiote.o
    0x200026c8        -       0x00000020   Zero   RW         1514    .bss                nrf_drv_uart.o
    0x200026e8        -       0x000000e4   Zero   RW         1726    .bss                pstorage.o
    0x200027cc        -       0x00000020   Zero   RW         1940    .bss                app_button.o
    0x200027ec        -       0x00000058   Zero   RW         2297    .bss                fstorage.o
    0x20002844        -       0x0000000c   Zero   RW         2719    .bss                softdevice_handler.o
    0x20002850        -       0x00002000   Zero   RW         2805    STACK               arm_startup_nrf52.o


==============================================================================

Image component sizes


      Code (inc. data)   RO Data    RW Data    ZI Data      Debug   Object Name

       332         34          8         20         32       9946   app_button.o
        22          0          0          0          0       2265   app_error.o
        36         10          0          0          0      27401   app_error_weak.o
      1766         94          0         32          0      55611   app_timer.o
        36          8       1024          0       8192        920   arm_startup_nrf52.o
      1540          0          0          0          0      20312   ble_advdata.o
      1074         46          0         31        259      10521   ble_advertising.o
         0          0          0          0          0       6820   ble_bas.o
       436         54          4         20         60       6904   ble_conn_params.o
      1136        108         60         24        108      10265   bsp.o
       260         10          0          8          0       4797   bsp_btn_ble.o
      2864        162         52         24        335      32817   device_manager_peripheral.o
        20          4          0          0         88       3780   fstorage.o
       848         88          4          8        528     115215   main.o
        56          0          0          0          0      28923   nrf_drv_common.o
      1062         92          0          0         88      24280   nrf_drv_gpiote.o
       684         56          0          0         32      21040   nrf_drv_uart.o
      2770        240         40         36        228      40610   pstorage.o
       454         52          0         20         12      40125   softdevice_handler.o
       620         54          0          4          0       2619   system_nrf52.o

    ----------------------------------------------------------------------
     16042       1112       1224        228       9964     465171   Object Totals
         0          0         32          0          0          0   (incl. Generated)
        26          0          0          1          2          0   (incl. Padding)

    ----------------------------------------------------------------------

      Code (inc. data)   RO Data    RW Data    ZI Data      Debug   Library Member Name

         0          0          0          0          0          0   entry.o
         0          0          0          0          0          0   entry10a.o
         0          0          0          0          0          0   entry11a.o
         8          4          0          0          0          0   entry2.o
         4          0          0          0          0          0   entry5.o
         0          0          0          0          0          0   entry7b.o
         0          0          0          0          0          0   entry8b.o
         8          4          0          0          0          0   entry9a.o
        30          0          0          0          0          0   handlers.o
        36          8          0          0          0         68   init.o
        26          0          0          0          0         80   memcmp.o
        36          0          0          0          0         68   memcpya.o
        36          0          0          0          0        108   memseta.o

    ----------------------------------------------------------------------
       186         16          0          0          0        324   Library Totals
         2          0          0          0          0          0   (incl. Padding)

    ----------------------------------------------------------------------

      Code (inc. data)   RO Data    RW Data    ZI Data      Debug   Library Name

       184         16          0          0          0        324   mc_w.l

    ----------------------------------------------------------------------
       186         16          0          0          0        324   Library Totals

    ----------------------------------------------------------------------

==============================================================================


      Code (inc. data)   RO Data    RW Data    ZI Data      Debug   

     16228       1128       1224        228       9964     447995   Grand Totals
     16228       1128       1224        228       9964     447995   ELF Image Totals
     16228       1128       1224        228          0          0   ROM Totals

==============================================================================

    Total RO  Size (Code + RO Data)                17452 (  17.04kB)
    Total RW  Size (RW Data + ZI Data)             10192 (   9.95kB)
    Total ROM Size (Code + RO Data + RW Data)      17680 (  17.27kB)

==============================================================================

